Archive member included to satisfy reference by file (symbol)

/usr/lib/gcc/arm-none-eabi/13.2.1/thumb/v6-m/nofp/libgcc.a(_dvmd_tls.o)
                              CMakeFiles/env_monitor.dir/home/luis-arcos/.pico-sdk/sdk/2.2.0/src/rp2_common/pico_divider/divider_hardware.S.o (__aeabi_idiv0)
/usr/lib/gcc/arm-none-eabi/13.2.1/../../../arm-none-eabi/lib/thumb/v6-m/nofp/libg.a(libc_a-strncmp.o)
                              CMakeFiles/env_monitor.dir/home/luis-arcos/.pico-sdk/sdk/2.2.0/lib/lwip/src/core/def.c.o (strncmp)
/usr/lib/gcc/arm-none-eabi/13.2.1/../../../arm-none-eabi/lib/thumb/v6-m/nofp/libg.a(libc_a-memmove.o)
                              CMakeFiles/env_monitor.dir/home/luis-arcos/.pico-sdk/sdk/2.2.0/lib/lwip/src/core/def.c.o (memmove)
/usr/lib/gcc/arm-none-eabi/13.2.1/../../../arm-none-eabi/lib/thumb/v6-m/nofp/libg.a(libc_a-calloc.o)
                              CMakeFiles/env_monitor.dir/home/luis-arcos/.pico-sdk/sdk/2.2.0/src/rp2_common/pico_malloc/malloc.c.o (calloc)
/usr/lib/gcc/arm-none-eabi/13.2.1/../../../arm-none-eabi/lib/thumb/v6-m/nofp/libg.a(libc_a-impure.o)
                              /usr/lib/gcc/arm-none-eabi/13.2.1/../../../arm-none-eabi/lib/thumb/v6-m/nofp/libg.a(libc_a-calloc.o) (_impure_ptr)
/usr/lib/gcc/arm-none-eabi/13.2.1/../../../arm-none-eabi/lib/thumb/v6-m/nofp/libg.a(libc_a-callocr.o)
                              /usr/lib/gcc/arm-none-eabi/13.2.1/../../../arm-none-eabi/lib/thumb/v6-m/nofp/libg.a(libc_a-calloc.o) (_calloc_r)
/usr/lib/gcc/arm-none-eabi/13.2.1/../../../arm-none-eabi/lib/thumb/v6-m/nofp/libg.a(libc_a-realloc.o)
                              CMakeFiles/env_monitor.dir/home/luis-arcos/.pico-sdk/sdk/2.2.0/src/rp2_common/pico_malloc/malloc.c.o (realloc)
/usr/lib/gcc/arm-none-eabi/13.2.1/../../../arm-none-eabi/lib/thumb/v6-m/nofp/libg.a(libc_a-mallocr.o)
                              /usr/lib/gcc/arm-none-eabi/13.2.1/../../../arm-none-eabi/lib/thumb/v6-m/nofp/libg.a(libc_a-callocr.o) (_malloc_r)
/usr/lib/gcc/arm-none-eabi/13.2.1/../../../arm-none-eabi/lib/thumb/v6-m/nofp/libg.a(libc_a-freer.o)
                              /usr/lib/gcc/arm-none-eabi/13.2.1/../../../arm-none-eabi/lib/thumb/v6-m/nofp/libg.a(libc_a-mallocr.o) (_free_r)
/usr/lib/gcc/arm-none-eabi/13.2.1/../../../arm-none-eabi/lib/thumb/v6-m/nofp/libg.a(libc_a-memcmp.o)
                              CMakeFiles/env_monitor.dir/home/luis-arcos/.pico-sdk/sdk/2.2.0/src/rp2_common/pico_atomic/atomic.c.o (memcmp)
/usr/lib/gcc/arm-none-eabi/13.2.1/../../../arm-none-eabi/lib/thumb/v6-m/nofp/libg.a(libc_a-atoi.o)
                              CMakeFiles/env_monitor.dir/home/luis-arcos/.pico-sdk/sdk/2.2.0/lib/lwip/src/core/netif.c.o (atoi)
/usr/lib/gcc/arm-none-eabi/13.2.1/../../../arm-none-eabi/lib/thumb/v6-m/nofp/libg.a(libc_a-strtol.o)
                              /usr/lib/gcc/arm-none-eabi/13.2.1/../../../arm-none-eabi/lib/thumb/v6-m/nofp/libg.a(libc_a-atoi.o) (_strtol_r)
/usr/lib/gcc/arm-none-eabi/13.2.1/../../../arm-none-eabi/lib/thumb/v6-m/nofp/libg.a(libc_a-malloc.o)
                              CMakeFiles/env_monitor.dir/home/luis-arcos/.pico-sdk/sdk/2.2.0/src/rp2_common/pico_malloc/malloc.c.o (malloc)
/usr/lib/gcc/arm-none-eabi/13.2.1/../../../arm-none-eabi/lib/thumb/v6-m/nofp/libg.a(libc_a-sysconf.o)
                              /usr/lib/gcc/arm-none-eabi/13.2.1/../../../arm-none-eabi/lib/thumb/v6-m/nofp/libg.a(libc_a-mallocr.o) (sysconf)
/usr/lib/gcc/arm-none-eabi/13.2.1/../../../arm-none-eabi/lib/thumb/v6-m/nofp/libg.a(libc_a-init.o)
                              /usr/lib/gcc/arm-none-eabi/13.2.1/../../../arm-none-eabi/lib/thumb/v6-m/nofp/crt0.o (__libc_init_array)
/usr/lib/gcc/arm-none-eabi/13.2.1/../../../arm-none-eabi/lib/thumb/v6-m/nofp/libg.a(libc_a-reallocr.o)
                              /usr/lib/gcc/arm-none-eabi/13.2.1/../../../arm-none-eabi/lib/thumb/v6-m/nofp/libg.a(libc_a-realloc.o) (_realloc_r)
/usr/lib/gcc/arm-none-eabi/13.2.1/../../../arm-none-eabi/lib/thumb/v6-m/nofp/libg.a(libc_a-mktime.o)
                              CMakeFiles/env_monitor.dir/home/luis-arcos/.pico-sdk/sdk/2.2.0/src/common/pico_util/datetime.c.o (mktime)
/usr/lib/gcc/arm-none-eabi/13.2.1/../../../arm-none-eabi/lib/thumb/v6-m/nofp/libg.a(libc_a-mlock.o)
                              /usr/lib/gcc/arm-none-eabi/13.2.1/../../../arm-none-eabi/lib/thumb/v6-m/nofp/libg.a(libc_a-mallocr.o) (__malloc_lock)
/usr/lib/gcc/arm-none-eabi/13.2.1/../../../arm-none-eabi/lib/thumb/v6-m/nofp/libg.a(libc_a-findfp.o)
                              /usr/lib/gcc/arm-none-eabi/13.2.1/../../../arm-none-eabi/lib/thumb/v6-m/nofp/libg.a(libc_a-impure.o) (__sf)
/usr/lib/gcc/arm-none-eabi/13.2.1/../../../arm-none-eabi/lib/thumb/v6-m/nofp/libg.a(libc_a-tzlock.o)
                              /usr/lib/gcc/arm-none-eabi/13.2.1/../../../arm-none-eabi/lib/thumb/v6-m/nofp/libg.a(libc_a-mktime.o) (__tz_lock)
/usr/lib/gcc/arm-none-eabi/13.2.1/../../../arm-none-eabi/lib/thumb/v6-m/nofp/libg.a(libc_a-ctype_.o)
[...]
Memory Configuration

Name             Origin             Length             Attributes
FLASH            0x10000000         0x00200000         xr
RAM              0x20000000         0x00040000         xrw
SCRATCH_X        0x20040000         0x00001000         xrw
SCRATCH_Y        0x20041000         0x00001000         xrw
*default*        0x00000000         0xffffffff

Linker script and memory map

LOAD /usr/lib/gcc/arm-none-eabi/13.2.1/thumb/v6-m/nofp/crti.o
LOAD /usr/lib/gcc/arm-none-eabi/13.2.1/thumb/v6-m/nofp/crtbegin.o
LOAD /usr/lib/gcc/arm-none-eabi/13.2.1/../../../arm-none-eabi/lib/thumb/v6-m/nofp/crt0.o

.flash_begin    0x10000000        0x0
                0x10000000                        __flash_binary_start = .

.boot2          0x10000000      0x100
                0x10000000                        __boot2_start__ = .
 *(.boot2)
 .boot2         0x10000000      0x100 pico-sdk/src/rp2040/boot_stage2/CMakeFiles/bs2_default_library.dir/bs2_default_padded_checksummed.S.o
                0x10000100                        __boot2_end__ = .
                0x00000001                        ASSERT (((__boot2_end__ - __boot2_start__) == 0x100), ERROR: Pico second stage bootloader must be 256 bytes in size)

.text           0x10000100    0x18398
                0x10000100                        __logical_binary_start = .
 *(.vectors)
 .vectors       0x10000100       0xd4 CMakeFiles/env_monitor.dir/home/luis-arcos/.pico-sdk/sdk/2.2.0/src/rp2_common/pico_crt0/crt0.S.o
                0x10000100                __vectors
                0x10000100                __VECTOR_TABLE
                0x100001c0                isr_irq30
                0x100001c0                __unhandled_user_irq
                0x100001c0                isr_irq13
                0x100001c0                isr_irq27
                0x100001c0                isr_irq31
                0x100001c0                isr_irq5
                0x100001c0                isr_irq11
                0x100001c0                isr_irq23
                0x100001c0                isr_irq18
                0x100001c0                isr_irq28
                0x100001c0                isr_irq19
                0x100001c0                isr_irq0
                0x100001c0                isr_irq6
                0x100001c0                isr_irq22
                0x100001c0                isr_irq17
                0x100001c0                isr_irq14
                0x100001c0                __vectors_end
                0x100001c0                __default_isrs_start
                0x100001c0                isr_irq2
                0x100001c0                isr_irq10
                0x100001c0                isr_irq8
                0x100001c0                isr_irq24
                0x100001c0                isr_irq1
                0x100001c0                isr_irq7
                0x100001c0                isr_irq21
                0x100001c0                isr_irq20
                0x100001c0                isr_irq15
                0x100001c0                isr_irq25
                0x100001c0                isr_irq4
                0x100001c0                isr_irq16
                0x100001c0                isr_irq29
                0x100001c0                isr_irq26
                0x100001c0                isr_irq3
                0x100001c0                isr_irq12
                0x100001c0                isr_irq9
                0x100001c6                unhandled_user_irq_num_in_r0
                0x100001c8                isr_invalid
                0x100001ca                isr_nmi
                0x100001cc                isr_hardfault
                0x100001ce                isr_svcall
                0x100001d0                isr_pendsv
                0x100001d2                isr_systick
                0x100001d4                __default_isrs_end
 *(.binary_info_header)
 .binary_info_header
                0x100001d4       0x14 CMakeFiles/env_monitor.dir/home/luis-arcos/.pico-sdk/sdk/2.2.0/src/rp2_common/pico_crt0/crt0.S.o
                0x100001e8                        __binary_info_header_end = .
 *(.embedded_block)
                0x100001e8                        __embedded_block_end = .
 *(.reset)
 .reset         0x100001e8       0x9c CMakeFiles/env_monitor.dir/home/luis-arcos/.pico-sdk/sdk/2.2.0/src/rp2_common/pico_crt0/crt0.S.o
                0x100001e8                _entry_point
 *(.init)
 .init          0x10000284        0x4 /usr/lib/gcc/arm-none-eabi/13.2.1/thumb/v6-m/nofp/crti.o
                0x10000284                _init
 *(EXCLUDE_FILE(*libm.a: *libc.a:*lib_a-mem*.o *libgcc.a:) .text*)
 .text          0x10000288       0x98 /usr/lib/gcc/arm-none-eabi/13.2.1/thumb/v6-m/nofp/crtbegin.o
 .text.startup.main
                0x10000320      0x57c CMakeFiles/env_monitor.dir/src/main.c.o
                0x10000320                main
 .text.wifi_init_and_connect
                0x1000089c       0x68 CMakeFiles/env_monitor.dir/src/wifi.c.o
                0x1000089c                wifi_init_and_connect
 .text.wifi_reconnect
                0x10000904       0x60 CMakeFiles/env_monitor.dir/src/wifi.c.o
                0x10000904                wifi_reconnect
 .text.wifi_is_connected
                0x10000964       0x14 CMakeFiles/env_monitor.dir/src/wifi.c.o
                0x10000964                wifi_is_connected
 .text.on_sent  0x10000978        0x4 CMakeFiles/env_monitor.dir/src/http_post.c.o
 .text.on_connected
                0x1000097c       0x10 CMakeFiles/env_monitor.dir/src/http_post.c.o
 .text.on_recv  0x1000098c       0x24 CMakeFiles/env_monitor.dir/src/http_post.c.o
 .text.http_post_text
                0x100009b0      0x1a0 CMakeFiles/env_monitor.dir/src/http_post.c.o
                0x100009b0                http_post_text
 .text.dht11_init
                0x10000b50        0xc CMakeFiles/env_monitor.dir/src/dht11.c.o
                0x10000b50                dht11_init
 .text.dht11_read
                0x10000b5c      0x1cc CMakeFiles/env_monitor.dir/src/dht11.c.o
                0x10000b5c                dht11_read
 .text.mics6814_init
                0x10000d28       0x74 CMakeFiles/env_monitor.dir/src/mics6814.c.o
                0x10000d28                mics6814_init
 .text.mics6814_read
                0x10000d9c      0x134 CMakeFiles/env_monitor.dir/src/mics6814.c.o
                0x10000d9c                mics6814_read
 .text.mics6814_raw_to_volts
                0x10000ed0       0x1c CMakeFiles/env_monitor.dir/src/mics6814.c.o
                0x10000ed0                mics6814_raw_to_volts
 .text.ssd1306_draw_char_with_font.part.0
                0x10000eec      0x160 CMakeFiles/env_monitor.dir/home/luis-arcos/Documents/pico-ssd1306/ssd1306.c.o
 .text.ssd1306_init
                0x1000104c      0x144 CMakeFiles/env_monitor.dir/home/luis-arcos/Documents/pico-ssd1306/ssd1306.c.o
                0x1000104c                ssd1306_init
 .text.ssd1306_clear
                0x10001190       0x10 CMakeFiles/env_monitor.dir/home/luis-arcos/Documents/pico-ssd1306/ssd1306.c.o
                0x10001190                ssd1306_clear
 .text.ssd1306_draw_line
                0x100011a0       0xd4 CMakeFiles/env_monitor.dir/home/luis-arcos/Documents/pico-ssd1306/ssd1306.c.o
                0x100011a0                ssd1306_draw_line
 .text.ssd1306_draw_square
                0x10001274       0x70 CMakeFiles/env_monitor.dir/home/luis-arcos/Documents/pico-ssd1306/ssd1306.c.o
                0x10001274                ssd1306_draw_square
 .text.ssd1306_draw_empty_square
                0x100012e4       0x58 CMakeFiles/env_monitor.dir/home/luis-arcos/Documents/pico-ssd1306/ssd1306.c.o
                0x100012e4                ssd1306_draw_empty_square
 .text.ssd1306_draw_string
                0x1000133c       0x68 CMakeFiles/env_monitor.dir/home/luis-arcos/Documents/pico-ssd1306/ssd1306.c.o
                0x1000133c                ssd1306_draw_string
 .text.ssd1306_show
                0x100013a4       0xd0 CMakeFiles/env_monitor.dir/home/luis-arcos/Documents/pico-ssd1306/ssd1306.c.o
                0x100013a4                ssd1306_show
 .text.gpio_set_function
                0x10001474       0x34 CMakeFiles/env_monitor.dir/home/luis-arcos/.pico-sdk/sdk/2.2.0/src/rp2_common/hardware_gpio/gpio.c.o
                0x10001474                gpio_set_function
 .text.gpio_set_pulls
                0x100014a8       0x28 CMakeFiles/env_monitor.dir/home/luis-arcos/.pico-sdk/sdk/2.2.0/src/rp2_common/hardware_gpio/gpio.c.o
                0x100014a8                gpio_set_pulls
 .text.gpio_set_input_hysteresis_enabled
                0x100014d0       0x28 CMakeFiles/env_monitor.dir/home/luis-arcos/.pico-sdk/sdk/2.2.0/src/rp2_common/hardware_gpio/gpio.c.o
                0x100014d0                gpio_set_input_hysteresis_enabled
 .text.gpio_set_irq_enabled
                0x100014f8       0x58 CMakeFiles/env_monitor.dir/home/luis-arcos/.pico-sdk/sdk/2.2.0/src/rp2_common/hardware_gpio/gpio.c.o
                0x100014f8                gpio_set_irq_enabled
 .text.gpio_add_raw_irq_handler_with_order_priority_masked
                0x10001550       0x44 CMakeFiles/env_monitor.dir/home/luis-arcos/.pico-sdk/sdk/2.2.0/src/rp2_common/hardware_gpio/gpio.c.o
                0x10001550                gpio_add_raw_irq_handler_with_order_priority_masked
 .text.gpio_remove_raw_irq_handler_masked
                0x10001594       0x20 CMakeFiles/env_monitor.dir/home/luis-arcos/.pico-sdk/sdk/2.2.0/src/rp2_common/hardware_gpio/gpio.c.o
                0x10001594                gpio_remove_raw_irq_handler_masked
 .text.gpio_set_input_enabled
                0x100015b4       0x28 CMakeFiles/env_monitor.dir/home/luis-arcos/.pico-sdk/sdk/2.2.0/src/rp2_common/hardware_gpio/gpio.c.o
                0x100015b4                gpio_set_input_enabled
 .text.gpio_init
                0x100015dc       0x40 CMakeFiles/env_monitor.dir/home/luis-arcos/.pico-sdk/sdk/2.2.0/src/rp2_common/hardware_gpio/gpio.c.o
                0x100015dc                gpio_init
 .text.rp2040_chip_version
                0x1000161c        0xc CMakeFiles/env_monitor.dir/home/luis-arcos/.pico-sdk/sdk/2.2.0/src/rp2040/pico_platform/platform.c.o
                0x1000161c                rp2040_chip_version
 .text.panic    0x10001628       0x30 CMakeFiles/env_monitor.dir/home/luis-arcos/.pico-sdk/sdk/2.2.0/src/rp2_common/pico_platform_panic/panic.c.o
                0x10001628                panic
 .text.hw_claim_lock
                0x10001658       0x18 CMakeFiles/env_monitor.dir/home/luis-arcos/.pico-sdk/sdk/2.2.0/src/common/hardware_claim/claim.c.o
                0x10001658                hw_claim_lock
 .text.hw_claim_unlock
                0x10001670       0x14 CMakeFiles/env_monitor.dir/home/luis-arcos/.pico-sdk/sdk/2.2.0/src/common/hardware_claim/claim.c.o
                0x10001670                hw_claim_unlock
 .text.hw_claim_or_assert
                0x10001684       0x44 CMakeFiles/env_monitor.dir/home/luis-arcos/.pico-sdk/sdk/2.2.0/src/common/hardware_claim/claim.c.o
                0x10001684                hw_claim_or_assert
 .text.hw_claim_unused_from_range
                0x100016c8       0x9c CMakeFiles/env_monitor.dir/home/luis-arcos/.pico-sdk/sdk/2.2.0/src/common/hardware_claim/claim.c.o
                0x100016c8                hw_claim_unused_from_range
 .text.hw_claim_clear
                0x10001764       0x38 CMakeFiles/env_monitor.dir/home/luis-arcos/.pico-sdk/sdk/2.2.0/src/common/hardware_claim/claim.c.o
                0x10001764                hw_claim_clear
 .text.next_striped_spin_lock_num
                0x1000179c       0x18 CMakeFiles/env_monitor.dir/home/luis-arcos/.pico-sdk/sdk/2.2.0/src/rp2_common/hardware_sync/sync.c.o
                0x1000179c                next_striped_spin_lock_num
 .text.spin_lock_claim_unused
                0x100017b4       0x24 CMakeFiles/env_monitor.dir/home/luis-arcos/.pico-sdk/sdk/2.2.0/src/rp2_common/hardware_sync/sync.c.o
                0x100017b4                spin_lock_claim_unused
 .text.spin_locks_reset
                0x100017d8       0x1c CMakeFiles/env_monitor.dir/home/luis-arcos/.pico-sdk/sdk/2.2.0/src/rp2_common/hardware_sync_spin_lock/sync_spin_lock.c.o
                0x100017d8                spin_locks_reset
 .text.runtime_init_per_core_irq_priorities
                0x100017f4       0x24 CMakeFiles/env_monitor.dir/home/luis-arcos/.pico-sdk/sdk/2.2.0/src/rp2_common/hardware_irq/irq.c.o
                0x100017f4                runtime_init_per_core_irq_priorities
 .text.irq_set_enabled
                0x10001818       0x24 CMakeFiles/env_monitor.dir/home/luis-arcos/.pico-sdk/sdk/2.2.0/src/rp2_common/hardware_irq/irq.c.o
                0x10001818                irq_set_enabled
 .text.irq_is_enabled
                0x1000183c       0x18 CMakeFiles/env_monitor.dir/home/luis-arcos/.pico-sdk/sdk/2.2.0/src/rp2_common/hardware_irq/irq.c.o
                0x1000183c                irq_is_enabled
 .text.irq_set_pending
                0x10001854       0x10 CMakeFiles/env_monitor.dir/home/luis-arcos/.pico-sdk/sdk/2.2.0/src/rp2_common/hardware_irq/irq.c.o
                0x10001854                irq_set_pending
 .text.irq_has_shared_handler
                0x10001864       0x24 CMakeFiles/env_monitor.dir/home/luis-arcos/.pico-sdk/sdk/2.2.0/src/rp2_common/hardware_irq/irq.c.o
                0x10001864                irq_has_shared_handler
 .text.irq_set_exclusive_handler
                0x10001888       0x54 CMakeFiles/env_monitor.dir/home/luis-arcos/.pico-sdk/sdk/2.2.0/src/rp2_common/hardware_irq/irq.c.o
                0x10001888                irq_set_exclusive_handler
 .text.irq_add_shared_handler
                0x100018dc      0x1f4 CMakeFiles/env_monitor.dir/home/luis-arcos/.pico-sdk/sdk/2.2.0/src/rp2_common/hardware_irq/irq.c.o
                0x100018dc                irq_add_shared_handler
 .text.irq_remove_handler
                0x10001ad0      0x1d4 CMakeFiles/env_monitor.dir/home/luis-arcos/.pico-sdk/sdk/2.2.0/src/rp2_common/hardware_irq/irq.c.o
                0x10001ad0                irq_remove_handler
 .text.irq_set_priority
                0x10001ca4       0x28 CMakeFiles/env_monitor.dir/home/luis-arcos/.pico-sdk/sdk/2.2.0/src/rp2_common/hardware_irq/irq.c.o
                0x10001ca4                irq_set_priority
 .text.irq_add_tail_to_free_list
                0x10001ccc       0xb4 CMakeFiles/env_monitor.dir/home/luis-arcos/.pico-sdk/sdk/2.2.0/src/rp2_common/hardware_irq/irq.c.o
                0x10001ccc                irq_add_tail_to_free_list
 .text.user_irq_unclaim
                0x10001d80       0x14 CMakeFiles/env_monitor.dir/home/luis-arcos/.pico-sdk/sdk/2.2.0/src/rp2_common/hardware_irq/irq.c.o
                0x10001d80                user_irq_unclaim
 .text.user_irq_claim_unused
                0x10001d94       0x2c CMakeFiles/env_monitor.dir/home/luis-arcos/.pico-sdk/sdk/2.2.0/src/rp2_common/hardware_irq/irq.c.o
                0x10001d94                user_irq_claim_unused
 .text.sem_init
                0x10001dc0       0x20 CMakeFiles/env_monitor.dir/home/luis-arcos/.pico-sdk/sdk/2.2.0/src/common/pico_sync/sem.c.o
                0x10001dc0                sem_init
 .text.lock_init
                0x10001de0       0x10 CMakeFiles/env_monitor.dir/home/luis-arcos/.pico-sdk/sdk/2.2.0/src/common/pico_sync/lock_core.c.o
                0x10001de0                lock_init
 .text.runtime_init_mutex
                0x10001df0       0x50 CMakeFiles/env_monitor.dir/home/luis-arcos/.pico-sdk/sdk/2.2.0/src/common/pico_sync/mutex.c.o
                0x10001df0                runtime_init_mutex
 .text.mutex_init
                0x10001e40       0x1c CMakeFiles/env_monitor.dir/home/luis-arcos/.pico-sdk/sdk/2.2.0/src/common/pico_sync/mutex.c.o
                0x10001e40                mutex_init
 .text.recursive_mutex_init
                0x10001e5c       0x1c CMakeFiles/env_monitor.dir/home/luis-arcos/.pico-sdk/sdk/2.2.0/src/common/pico_sync/mutex.c.o
                0x10001e5c                recursive_mutex_init
 .text.critical_section_init
                0x10001e78       0x1c CMakeFiles/env_monitor.dir/home/luis-arcos/.pico-sdk/sdk/2.2.0/src/common/pico_sync/critical_section.c.o
                0x10001e78                critical_section_init
 .text.critical_section_init_with_lock_num
                0x10001e94       0x14 CMakeFiles/env_monitor.dir/home/luis-arcos/.pico-sdk/sdk/2.2.0/src/common/pico_sync/critical_section.c.o
                0x10001e94                critical_section_init_with_lock_num
 .text.sleep_until_callback
                0x10001ea8       0x30 CMakeFiles/env_monitor.dir/home/luis-arcos/.pico-sdk/sdk/2.2.0/src/common/pico_time/time.c.o
 .text.alarm_pool_irq_handler
                0x10001ed8      0x2fc CMakeFiles/env_monitor.dir/home/luis-arcos/.pico-sdk/sdk/2.2.0/src/common/pico_time/time.c.o
 .text.runtime_init_default_alarm_pool
                0x100021d4       0xdc CMakeFiles/env_monitor.dir/home/luis-arcos/.pico-sdk/sdk/2.2.0/src/common/pico_time/time.c.o
                0x100021d4                runtime_init_default_alarm_pool
 .text.alarm_pool_get_default
                0x100022b0        0x8 CMakeFiles/env_monitor.dir/home/luis-arcos/.pico-sdk/sdk/2.2.0/src/common/pico_time/time.c.o
                0x100022b0                alarm_pool_get_default
 .text.alarm_pool_add_alarm_at
                0x100022b8       0xd4 CMakeFiles/env_monitor.dir/home/luis-arcos/.pico-sdk/sdk/2.2.0/src/common/pico_time/time.c.o
                0x100022b8                alarm_pool_add_alarm_at
 .text.alarm_pool_add_alarm_at_force_in_context
                0x1000238c       0xb0 CMakeFiles/env_monitor.dir/home/luis-arcos/.pico-sdk/sdk/2.2.0/src/common/pico_time/time.c.o
                0x1000238c                alarm_pool_add_alarm_at_force_in_context
 .text.alarm_pool_cancel_alarm
                0x1000243c       0x74 CMakeFiles/env_monitor.dir/home/luis-arcos/.pico-sdk/sdk/2.2.0/src/common/pico_time/time.c.o
                0x1000243c                alarm_pool_cancel_alarm
 .text.alarm_pool_core_num
                0x100024b0        0x4 CMakeFiles/env_monitor.dir/home/luis-arcos/.pico-sdk/sdk/2.2.0/src/common/pico_time/time.c.o
                0x100024b0                alarm_pool_core_num
 .text.sleep_until
                0x100024b4       0xd8 CMakeFiles/env_monitor.dir/home/luis-arcos/.pico-sdk/sdk/2.2.0/src/common/pico_time/time.c.o
                0x100024b4                sleep_until
 .text.sleep_us
                0x1000258c       0x28 CMakeFiles/env_monitor.dir/home/luis-arcos/.pico-sdk/sdk/2.2.0/src/common/pico_time/time.c.o
                0x1000258c                sleep_us
 .text.sleep_ms
                0x100025b4       0x38 CMakeFiles/env_monitor.dir/home/luis-arcos/.pico-sdk/sdk/2.2.0/src/common/pico_time/time.c.o
                0x100025b4                sleep_ms
 .text.best_effort_wfe_or_timeout
                0x100025ec       0xf8 CMakeFiles/env_monitor.dir/home/luis-arcos/.pico-sdk/sdk/2.2.0/src/common/pico_time/time.c.o
                0x100025ec                best_effort_wfe_or_timeout
 .text.timer_hardware_alarm_claim
                0x100026e4       0x14 CMakeFiles/env_monitor.dir/home/luis-arcos/.pico-sdk/sdk/2.2.0/src/rp2_common/hardware_timer/timer.c.o
                0x100026e4                timer_hardware_alarm_claim
 .text.timer_time_us_64
                0x100026f8       0x10 CMakeFiles/env_monitor.dir/home/luis-arcos/.pico-sdk/sdk/2.2.0/src/rp2_common/hardware_timer/timer.c.o
                0x100026f8                timer_time_us_64
 .text.time_us_64
                0x10002708       0x14 CMakeFiles/env_monitor.dir/home/luis-arcos/.pico-sdk/sdk/2.2.0/src/rp2_common/hardware_timer/timer.c.o
                0x10002708                time_us_64
 .text.busy_wait_until
                0x1000271c       0x20 CMakeFiles/env_monitor.dir/home/luis-arcos/.pico-sdk/sdk/2.2.0/src/rp2_common/hardware_timer/timer.c.o
                0x1000271c                busy_wait_until
 .text.clock_configure_int_divider
                0x1000273c       0xf4 CMakeFiles/env_monitor.dir/home/luis-arcos/.pico-sdk/sdk/2.2.0/src/rp2_common/hardware_clocks/clocks.c.o
                0x1000273c                clock_configure_int_divider
 .text.clock_configure_undivided
                0x10002830       0xe8 CMakeFiles/env_monitor.dir/home/luis-arcos/.pico-sdk/sdk/2.2.0/src/rp2_common/hardware_clocks/clocks.c.o
                0x10002830                clock_configure_undivided
 .text.clock_get_hz
                0x10002918        0xc CMakeFiles/env_monitor.dir/home/luis-arcos/.pico-sdk/sdk/2.2.0/src/rp2_common/hardware_clocks/clocks.c.o
                0x10002918                clock_get_hz
 .text.pll_init
                0x10002924       0xa4 CMakeFiles/env_monitor.dir/home/luis-arcos/.pico-sdk/sdk/2.2.0/src/rp2_common/hardware_pll/pll.c.o
                0x10002924                pll_init
 .text.watchdog_reboot
                0x100029c8       0x9c CMakeFiles/env_monitor.dir/home/luis-arcos/.pico-sdk/sdk/2.2.0/src/rp2_common/hardware_watchdog/watchdog.c.o
                0x100029c8                watchdog_reboot
 .text.tick_start
                0x10002a64       0x10 CMakeFiles/env_monitor.dir/home/luis-arcos/.pico-sdk/sdk/2.2.0/src/rp2_common/hardware_ticks/ticks.c.o
                0x10002a64                tick_start
 .text.rom_func_lookup
                0x10002a74       0x10 CMakeFiles/env_monitor.dir/home/luis-arcos/.pico-sdk/sdk/2.2.0/src/rp2_common/pico_bootrom/bootrom.c.o
                0x10002a74                rom_func_lookup
 .text.rom_data_lookup
                0x10002a84       0x10 CMakeFiles/env_monitor.dir/home/luis-arcos/.pico-sdk/sdk/2.2.0/src/rp2_common/pico_bootrom/bootrom.c.o
                0x10002a84                rom_data_lookup
 .text.rom_funcs_lookup
                0x10002a94       0x44 CMakeFiles/env_monitor.dir/home/luis-arcos/.pico-sdk/sdk/2.2.0/src/rp2_common/pico_bootrom/bootrom.c.o
                0x10002a94                rom_funcs_lookup
 .text.rom_reset_usb_boot_extra
                0x10002ad8       0x28 CMakeFiles/env_monitor.dir/home/luis-arcos/.pico-sdk/sdk/2.2.0/src/rp2_common/pico_bootrom/bootrom.c.o
                0x10002ad8                rom_reset_usb_boot_extra
 .text.xosc_init
                0x10002b00       0x28 CMakeFiles/env_monitor.dir/home/luis-arcos/.pico-sdk/sdk/2.2.0/src/rp2_common/hardware_xosc/xosc.c.o
                0x10002b00                xosc_init
 .text.first_per_core_initializer
                0x10002b28        0x4 CMakeFiles/env_monitor.dir/home/luis-arcos/.pico-sdk/sdk/2.2.0/src/rp2_common/pico_runtime/runtime.c.o
 .text.hard_assertion_failure
                0x10002b2c        0xc CMakeFiles/env_monitor.dir/home/luis-arcos/.pico-sdk/sdk/2.2.0/src/rp2_common/pico_runtime/runtime.c.o
                0x10002b2c                hard_assertion_failure
 .text.runtime_run_initializers
                0x10002b38       0x28 CMakeFiles/env_monitor.dir/home/luis-arcos/.pico-sdk/sdk/2.2.0/src/rp2_common/pico_runtime/runtime.c.o
                0x10002b38                runtime_run_initializers
 .text.runtime_init_early_resets
                0x10002b60       0x2c CMakeFiles/env_monitor.dir/home/luis-arcos/.pico-sdk/sdk/2.2.0/src/rp2_common/pico_runtime_init/runtime_init.c.o
                0x10002b60                runtime_init_early_resets
 .text.runtime_init_usb_power_down
                0x10002b8c       0x1c CMakeFiles/env_monitor.dir/home/luis-arcos/.pico-sdk/sdk/2.2.0/src/rp2_common/pico_runtime_init/runtime_init.c.o
                0x10002b8c                runtime_init_usb_power_down
 .text.runtime_init_post_clock_resets
                0x10002ba8       0x20 CMakeFiles/env_monitor.dir/home/luis-arcos/.pico-sdk/sdk/2.2.0/src/rp2_common/pico_runtime_init/runtime_init.c.o
                0x10002ba8                runtime_init_post_clock_resets
 .text.runtime_init_rp2040_gpio_ie_disable
                0x10002bc8       0x14 CMakeFiles/env_monitor.dir/home/luis-arcos/.pico-sdk/sdk/2.2.0/src/rp2_common/pico_runtime_init/runtime_init.c.o
                0x10002bc8                runtime_init_rp2040_gpio_ie_disable
 .text.runtime_init_spin_locks_reset
                0x10002bdc        0x8 CMakeFiles/env_monitor.dir/home/luis-arcos/.pico-sdk/sdk/2.2.0/src/rp2_common/pico_runtime_init/runtime_init.c.o
                0x10002bdc                runtime_init_spin_locks_reset
 .text.runtime_init_install_ram_vector_table
                0x10002be4       0xb4 CMakeFiles/env_monitor.dir/home/luis-arcos/.pico-sdk/sdk/2.2.0/src/rp2_common/pico_runtime_init/runtime_init.c.o
                0x10002be4                runtime_init_install_ram_vector_table
 .text.runtime_init_clocks
                0x10002c98       0xd8 CMakeFiles/env_monitor.dir/home/luis-arcos/.pico-sdk/sdk/2.2.0/src/rp2_common/pico_runtime_init/runtime_init_clocks.c.o
                0x10002c98                runtime_init_clocks
 .text          0x10002d70       0x10 CMakeFiles/env_monitor.dir/home/luis-arcos/.pico-sdk/sdk/2.2.0/src/rp2_common/pico_bit_ops/bit_ops_aeabi.S.o
 .text.ctzsi    0x10002d80        0xc CMakeFiles/env_monitor.dir/home/luis-arcos/.pico-sdk/sdk/2.2.0/src/rp2_common/pico_bit_ops/bit_ops_aeabi.S.o
                0x10002d80                __wrap___ctzsi2
 .text.__wrap___aeabi_idiv
                0x10002d8c       0x50 CMakeFiles/env_monitor.dir/home/luis-arcos/.pico-sdk/sdk/2.2.0/src/rp2_common/pico_divider/divider_hardware.S.o
                0x10002d8c                __wrap___aeabi_idivmod
                0x10002d8c                divmod_s32s32
                0x10002d8c                div_s32s32
                0x10002d8c                __wrap___aeabi_idiv
                0x10002d94                divmod_s32s32_unsafe
                0x10002dc0                divmod_s32s32_savestate
 .text.__wrap___aeabi_uidiv
                0x10002ddc       0x4c CMakeFiles/env_monitor.dir/home/luis-arcos/.pico-sdk/sdk/2.2.0/src/rp2_common/pico_divider/divider_hardware.S.o
                0x10002ddc                __wrap___aeabi_uidiv
                0x10002ddc                __wrap___aeabi_uidivmod
                0x10002ddc                div_u32u32
                0x10002ddc                divmod_u32u32
                0x10002de4                divmod_u32u32_unsafe
                0x10002e0c                divmod_u32u32_savestate
 .text.__wrap___aeabi_ldiv
                0x10002e28      0x424 CMakeFiles/env_monitor.dir/home/luis-arcos/.pico-sdk/sdk/2.2.0/src/rp2_common/pico_divider/divider_hardware.S.o
                0x10002e28                div_s64s64
                0x10002e28                divmod_s64s64
                0x10002e28                __wrap___aeabi_ldivmod
                0x10002e58                div_u64u64
                0x10002e58                divmod_u64u64
                0x10002e58                __wrap___aeabi_uldivmod
                0x10002e68                divmod_u64u64_savestate
                0x10002e88                divmod_s64s64_unsafe
                0x10002f10                divmod_u64u64_unsafe
 .text.__wrap___aeabi_darithmetic
                0x1000324c       0x60 CMakeFiles/env_monitor.dir/home/luis-arcos/.pico-sdk/sdk/2.2.0/src/rp2_common/pico_double/double_aeabi_rp2040.S.o
                0x1000324c                __wrap___aeabi_drsub
                0x10003252                __wrap___aeabi_dsub
                0x1000325c                __wrap___aeabi_dadd
                0x10003266                __wrap___aeabi_ddiv
                0x1000329a                __wrap___aeabi_dmul
 .text.__wrap___aeabi_cdcmple
                0x100032ac       0x6c CMakeFiles/env_monitor.dir/home/luis-arcos/.pico-sdk/sdk/2.2.0/src/rp2_common/pico_double/double_aeabi_rp2040.S.o
                0x100032ac                __wrap___aeabi_cdrcmple
                0x100032bc                __wrap___aeabi_cdcmple
                0x100032bc                __wrap___aeabi_cdcmpeq
 .text.__wrap___aeabi_dcmplt
                0x10003318        0xc CMakeFiles/env_monitor.dir/home/luis-arcos/.pico-sdk/sdk/2.2.0/src/rp2_common/pico_double/double_aeabi_rp2040.S.o
                0x10003318                __wrap___aeabi_dcmplt
 .text.__wrap___aeabi_dcmpge
                0x10003324       0x10 CMakeFiles/env_monitor.dir/home/luis-arcos/.pico-sdk/sdk/2.2.0/src/rp2_common/pico_double/double_aeabi_rp2040.S.o
                0x10003324                __wrap___aeabi_dcmpge
 .text.__wrap___aeabi_dcmpgt
                0x10003334        0xa CMakeFiles/env_monitor.dir/home/luis-arcos/.pico-sdk/sdk/2.2.0/src/rp2_common/pico_double/double_aeabi_rp2040.S.o
                0x10003334                __wrap___aeabi_dcmpgt
 .text.__wrap___aeabi_dcmpun
                0x1000333e       0x18 CMakeFiles/env_monitor.dir/home/luis-arcos/.pico-sdk/sdk/2.2.0/src/rp2_common/pico_double/double_aeabi_rp2040.S.o
                0x1000333e                __wrap___aeabi_dcmpun
 *fill*         0x10003356        0x2 
 .text.__wrap___aeabi_i2d
                0x10003358       0x38 CMakeFiles/env_monitor.dir/home/luis-arcos/.pico-sdk/sdk/2.2.0/src/rp2_common/pico_double/double_aeabi_rp2040.S.o
                0x10003358                __wrap___aeabi_ui2d
                0x10003358                uint2double
                0x10003360                __wrap___aeabi_i2d
                0x10003360                int2double
 .text.__wrap___aeabi_d2iz
                0x10003390       0x48 CMakeFiles/env_monitor.dir/home/luis-arcos/.pico-sdk/sdk/2.2.0/src/rp2_common/pico_double/double_aeabi_rp2040.S.o
                0x10003390                __wrap___aeabi_d2iz
                0x10003390                double2int_z
 .text.__wrap___aeabi_d2uiz
                0x100033d8       0x10 CMakeFiles/env_monitor.dir/home/luis-arcos/.pico-sdk/sdk/2.2.0/src/rp2_common/pico_double/double_aeabi_rp2040.S.o
                0x100033d8                double2uint_z
                0x100033d8                double2uint
                0x100033d8                __wrap___aeabi_d2uiz
 .text.missing_double_func_shim
                0x100033e8        0xc CMakeFiles/env_monitor.dir/home/luis-arcos/.pico-sdk/sdk/2.2.0/src/rp2_common/pico_double/double_init_rom_rp2040.c.o
 .text.__aeabi_double_init
                0x100033f4       0xa0 CMakeFiles/env_monitor.dir/home/luis-arcos/.pico-sdk/sdk/2.2.0/src/rp2_common/pico_double/double_init_rom_rp2040.c.o
                0x100033f4                __aeabi_double_init
 .text.double_table_shim_on_use_helper
                0x10003494       0x2c CMakeFiles/env_monitor.dir/home/luis-arcos/.pico-sdk/sdk/2.2.0/src/rp2_common/pico_double/double_v1_rom_shim_rp2040.S.o
                0x10003494                double_table_shim_on_use_helper
 .text.__aeabi_lmul
                0x100034c0       0x32 CMakeFiles/env_monitor.dir/home/luis-arcos/.pico-sdk/sdk/2.2.0/src/rp2_common/pico_int64_ops/pico_int64_ops_aeabi.S.o
                0x100034c0                __wrap___aeabi_lmul
 *fill*         0x100034f2        0x2 
 .text.__wrap___aeabi_farithmetic
                0x100034f4       0x48 CMakeFiles/env_monitor.dir/home/luis-arcos/.pico-sdk/sdk/2.2.0/src/rp2_common/pico_float/float_aeabi_rp2040.S.o
                0x100034f4                __wrap___aeabi_frsub
                0x100034fa                __wrap___aeabi_fsub
                0x10003500                __wrap___aeabi_fadd
                0x10003506                __wrap___aeabi_fdiv
                0x1000352e                __wrap___aeabi_fmul
 .text.__wrap___aeabi_i2f
                0x1000353c       0x44 CMakeFiles/env_monitor.dir/home/luis-arcos/.pico-sdk/sdk/2.2.0/src/rp2_common/pico_float/float_aeabi_rp2040.S.o
                0x1000353c                int2float
                0x1000353c                __wrap___aeabi_i2f
 .text.__wrap___aeabi_f2uiz
                0x10003580        0xc CMakeFiles/env_monitor.dir/home/luis-arcos/.pico-sdk/sdk/2.2.0/src/rp2_common/pico_float/float_aeabi_rp2040.S.o
                0x10003580                float2uint
                0x10003580                float2uint_z
                0x10003580                __wrap___aeabi_f2uiz
 .text.__wrap___aeabi_f2d
                0x1000358c        0xc CMakeFiles/env_monitor.dir/home/luis-arcos/.pico-sdk/sdk/2.2.0/src/rp2_common/pico_float/float_aeabi_rp2040.S.o
                0x1000358c                __wrap___aeabi_f2d
 .text.missing_float_func_shim
                0x10003598        0xc CMakeFiles/env_monitor.dir/home/luis-arcos/.pico-sdk/sdk/2.2.0/src/rp2_common/pico_float/float_init_rom_rp2040.c.o
 .text.__aeabi_float_init
                0x100035a4       0x5c CMakeFiles/env_monitor.dir/home/luis-arcos/.pico-sdk/sdk/2.2.0/src/rp2_common/pico_float/float_init_rom_rp2040.c.o
                0x100035a4                __aeabi_float_init
 .text.__wrap_malloc
                0x10003600       0x24 CMakeFiles/env_monitor.dir/home/luis-arcos/.pico-sdk/sdk/2.2.0/src/rp2_common/pico_malloc/malloc.c.o
                0x10003600                __wrap_malloc
 .text          0x10003624       0x10 CMakeFiles/env_monitor.dir/home/luis-arcos/.pico-sdk/sdk/2.2.0/src/rp2_common/pico_mem_ops/mem_ops_aeabi.S.o
                0x10003624                __aeabi_mem_init
 .text.memset   0x10003634        0xc CMakeFiles/env_monitor.dir/home/luis-arcos/.pico-sdk/sdk/2.2.0/src/rp2_common/pico_mem_ops/mem_ops_aeabi.S.o
                0x10003634                __wrap_memset
 .text.memcpy   0x10003640        0xc CMakeFiles/env_monitor.dir/home/luis-arcos/.pico-sdk/sdk/2.2.0/src/rp2_common/pico_mem_ops/mem_ops_aeabi.S.o
                0x10003640                __wrap___aeabi_memcpy
                0x10003640                __wrap_memcpy
 .text._out_buffer
                0x1000364c        0x8 CMakeFiles/env_monitor.dir/home/luis-arcos/.pico-sdk/sdk/2.2.0/src/rp2_common/pico_printf/printf.c.o
 .text._out_null
                0x10003654        0x4 CMakeFiles/env_monitor.dir/home/luis-arcos/.pico-sdk/sdk/2.2.0/src/rp2_common/pico_printf/printf.c.o
 .text._out_rev
                0x10003658       0xac CMakeFiles/env_monitor.dir/home/luis-arcos/.pico-sdk/sdk/2.2.0/src/rp2_common/pico_printf/printf.c.o
 .text._ntoa_format
                0x10003704      0x250 CMakeFiles/env_monitor.dir/home/luis-arcos/.pico-sdk/sdk/2.2.0/src/rp2_common/pico_printf/printf.c.o
 .text._out_char
                0x10003954       0x10 CMakeFiles/env_monitor.dir/home/luis-arcos/.pico-sdk/sdk/2.2.0/src/rp2_common/pico_printf/printf.c.o
 .text._out_fct
                0x10003964       0x10 CMakeFiles/env_monitor.dir/home/luis-arcos/.pico-sdk/sdk/2.2.0/src/rp2_common/pico_printf/printf.c.o
 .text._etoa    0x10003974      0x464 CMakeFiles/env_monitor.dir/home/luis-arcos/.pico-sdk/sdk/2.2.0/src/rp2_common/pico_printf/printf.c.o
 .text._ftoa    0x10003dd8      0x3c0 CMakeFiles/env_monitor.dir/home/luis-arcos/.pico-sdk/sdk/2.2.0/src/rp2_common/pico_printf/printf.c.o
 .text._vsnprintf
                0x10004198      0xbc8 CMakeFiles/env_monitor.dir/home/luis-arcos/.pico-sdk/sdk/2.2.0/src/rp2_common/pico_printf/printf.c.o
 .text.__wrap_snprintf
                0x10004d60       0x28 CMakeFiles/env_monitor.dir/home/luis-arcos/.pico-sdk/sdk/2.2.0/src/rp2_common/pico_printf/printf.c.o
                0x10004d60                __wrap_snprintf
 .text.vfctprintf
                0x10004d88       0x20 CMakeFiles/env_monitor.dir/home/luis-arcos/.pico-sdk/sdk/2.2.0/src/rp2_common/pico_printf/printf.c.o
                0x10004d88                vfctprintf
 .text.weak_raw_vprintf
                0x10004da8       0x30 CMakeFiles/env_monitor.dir/home/luis-arcos/.pico-sdk/sdk/2.2.0/src/rp2_common/pico_printf/printf.c.o
                0x10004da8                weak_raw_vprintf
 .text._exit    0x10004dd8        0x4 CMakeFiles/env_monitor.dir/home/luis-arcos/.pico-sdk/sdk/2.2.0/src/rp2_common/pico_clib_interface/newlib_interface.c.o
                0x10004dd8                _exit
 .text._sbrk    0x10004ddc       0x34 CMakeFiles/env_monitor.dir/home/luis-arcos/.pico-sdk/sdk/2.2.0/src/rp2_common/pico_clib_interface/newlib_interface.c.o
                0x10004ddc                _sbrk
 .text.exit     0x10004e10        0x8 CMakeFiles/env_monitor.dir/home/luis-arcos/.pico-sdk/sdk/2.2.0/src/rp2_common/pico_clib_interface/newlib_interface.c.o
                0x10004e10                exit
 .text.runtime_init
                0x10004e18       0x2c CMakeFiles/env_monitor.dir/home/luis-arcos/.pico-sdk/sdk/2.2.0/src/rp2_common/pico_clib_interface/newlib_interface.c.o
                0x10004e18                runtime_init
 .text.stdio_out_chars_no_crlf
                0x10004e44       0x10 CMakeFiles/env_monitor.dir/home/luis-arcos/.pico-sdk/sdk/2.2.0/src/rp2_common/pico_stdio/stdio.c.o
 .text.stdio_out_chars_crlf
                0x10004e54       0x94 CMakeFiles/env_monitor.dir/home/luis-arcos/.pico-sdk/sdk/2.2.0/src/rp2_common/pico_stdio/stdio.c.o
 .text.stdio_buffered_printer
                0x10004ee8       0x64 CMakeFiles/env_monitor.dir/home/luis-arcos/.pico-sdk/sdk/2.2.0/src/rp2_common/pico_stdio/stdio.c.o
 .text.stdio_put_string
                0x10004f4c      0x100 CMakeFiles/env_monitor.dir/home/luis-arcos/.pico-sdk/sdk/2.2.0/src/rp2_common/pico_stdio/stdio.c.o
                0x10004f4c                stdio_put_string
 .text.stdio_set_driver_enabled
                0x1000504c       0x30 CMakeFiles/env_monitor.dir/home/luis-arcos/.pico-sdk/sdk/2.2.0/src/rp2_common/pico_stdio/stdio.c.o
                0x1000504c                stdio_set_driver_enabled
 .text.stdio_init_all
                0x1000507c        0x8 CMakeFiles/env_monitor.dir/home/luis-arcos/.pico-sdk/sdk/2.2.0/src/rp2_common/pico_stdio/stdio.c.o
                0x1000507c                stdio_init_all
 .text.__wrap_putchar
                0x10005084       0x98 CMakeFiles/env_monitor.dir/home/luis-arcos/.pico-sdk/sdk/2.2.0/src/rp2_common/pico_stdio/stdio.c.o
                0x10005084                stdio_putchar
                0x10005084                __wrap_putchar
 .text.__wrap_puts
                0x1000511c       0x3c CMakeFiles/env_monitor.dir/home/luis-arcos/.pico-sdk/sdk/2.2.0/src/rp2_common/pico_stdio/stdio.c.o
                0x1000511c                __wrap_puts
                0x1000511c                stdio_puts
 .text.__wrap_vprintf
                0x10005158       0xd4 CMakeFiles/env_monitor.dir/home/luis-arcos/.pico-sdk/sdk/2.2.0/src/rp2_common/pico_stdio/stdio.c.o
                0x10005158                __wrap_vprintf
                0x10005158                stdio_vprintf
 .text.__wrap_printf
                0x1000522c       0x18 CMakeFiles/env_monitor.dir/home/luis-arcos/.pico-sdk/sdk/2.2.0/src/rp2_common/pico_stdio/stdio.c.o
                0x1000522c                stdio_printf
                0x1000522c                __wrap_printf
 .text.resetd_init
                0x10005244        0x4 CMakeFiles/env_monitor.dir/home/luis-arcos/.pico-sdk/sdk/2.2.0/src/rp2_common/pico_stdio_usb/reset_interface.c.o
 .text.resetd_reset
                0x10005248        0xc CMakeFiles/env_monitor.dir/home/luis-arcos/.pico-sdk/sdk/2.2.0/src/rp2_common/pico_stdio_usb/reset_interface.c.o
 .text.resetd_open
                0x10005254       0x28 CMakeFiles/env_monitor.dir/home/luis-arcos/.pico-sdk/sdk/2.2.0/src/rp2_common/pico_stdio_usb/reset_interface.c.o
 .text.resetd_xfer_cb
                0x1000527c        0x4 CMakeFiles/env_monitor.dir/home/luis-arcos/.pico-sdk/sdk/2.2.0/src/rp2_common/pico_stdio_usb/reset_interface.c.o
 .text.resetd_control_xfer_cb
                0x10005280       0x5c CMakeFiles/env_monitor.dir/home/luis-arcos/.pico-sdk/sdk/2.2.0/src/rp2_common/pico_stdio_usb/reset_interface.c.o
 .text.tud_descriptor_bos_cb
                0x100052dc        0x8 CMakeFiles/env_monitor.dir/home/luis-arcos/.pico-sdk/sdk/2.2.0/src/rp2_common/pico_stdio_usb/reset_interface.c.o
                0x100052dc                tud_descriptor_bos_cb
 .text.tud_vendor_control_xfer_cb
                0x100052e4       0x34 CMakeFiles/env_monitor.dir/home/luis-arcos/.pico-sdk/sdk/2.2.0/src/rp2_common/pico_stdio_usb/reset_interface.c.o
                0x100052e4                tud_vendor_control_xfer_cb
 .text.usbd_app_driver_get_cb
                0x10005318        0xc CMakeFiles/env_monitor.dir/home/luis-arcos/.pico-sdk/sdk/2.2.0/src/rp2_common/pico_stdio_usb/reset_interface.c.o
                0x10005318                usbd_app_driver_get_cb
 .text.tud_cdc_line_coding_cb
                0x10005324       0x2c CMakeFiles/env_monitor.dir/home/luis-arcos/.pico-sdk/sdk/2.2.0/src/rp2_common/pico_stdio_usb/reset_interface.c.o
                0x10005324                tud_cdc_line_coding_cb
 .text.stdio_usb_set_chars_available_callback
                0x10005350       0x14 CMakeFiles/env_monitor.dir/home/luis-arcos/.pico-sdk/sdk/2.2.0/src/rp2_common/pico_stdio_usb/stdio_usb.c.o
                0x10005350                stdio_usb_set_chars_available_callback
 .text.usb_irq  0x10005364       0x10 CMakeFiles/env_monitor.dir/home/luis-arcos/.pico-sdk/sdk/2.2.0/src/rp2_common/pico_stdio_usb/stdio_usb.c.o
 .text.timer_task
                0x10005374       0x64 CMakeFiles/env_monitor.dir/home/luis-arcos/.pico-sdk/sdk/2.2.0/src/rp2_common/pico_stdio_usb/stdio_usb.c.o
 .text.stdio_usb_in_chars
                0x100053d8       0x90 CMakeFiles/env_monitor.dir/home/luis-arcos/.pico-sdk/sdk/2.2.0/src/rp2_common/pico_stdio_usb/stdio_usb.c.o
                0x100053d8                stdio_usb_in_chars
 .text.stdio_usb_out_flush
                0x10005468       0x50 CMakeFiles/env_monitor.dir/home/luis-arcos/.pico-sdk/sdk/2.2.0/src/rp2_common/pico_stdio_usb/stdio_usb.c.o
 .text.stdio_usb_out_chars
                0x100054b8      0x104 CMakeFiles/env_monitor.dir/home/luis-arcos/.pico-sdk/sdk/2.2.0/src/rp2_common/pico_stdio_usb/stdio_usb.c.o
 .text.low_priority_worker_irq
                0x100055bc       0xcc CMakeFiles/env_monitor.dir/home/luis-arcos/.pico-sdk/sdk/2.2.0/src/rp2_common/pico_stdio_usb/stdio_usb.c.o
 .text.stdio_usb_init
                0x10005688       0xec CMakeFiles/env_monitor.dir/home/luis-arcos/.pico-sdk/sdk/2.2.0/src/rp2_common/pico_stdio_usb/stdio_usb.c.o
                0x10005688                stdio_usb_init
 .text.tud_descriptor_device_cb
                0x10005774        0x8 CMakeFiles/env_monitor.dir/home/luis-arcos/.pico-sdk/sdk/2.2.0/src/rp2_common/pico_stdio_usb/stdio_usb_descriptors.c.o
                0x10005774                tud_descriptor_device_cb
 .text.tud_descriptor_configuration_cb
                0x1000577c        0x8 CMakeFiles/env_monitor.dir/home/luis-arcos/.pico-sdk/sdk/2.2.0/src/rp2_common/pico_stdio_usb/stdio_usb_descriptors.c.o
                0x1000577c                tud_descriptor_configuration_cb
 .text.tud_descriptor_string_cb
                0x10005784       0x78 CMakeFiles/env_monitor.dir/home/luis-arcos/.pico-sdk/sdk/2.2.0/src/rp2_common/pico_stdio_usb/stdio_usb_descriptors.c.o
                0x10005784                tud_descriptor_string_cb
 .text.startup._retrieve_unique_id_on_boot
                0x100057fc       0x10 CMakeFiles/env_monitor.dir/home/luis-arcos/.pico-sdk/sdk/2.2.0/src/rp2_common/pico_unique_id/unique_id.c.o
 .text.pico_get_unique_board_id
                0x1000580c       0x10 CMakeFiles/env_monitor.dir/home/luis-arcos/.pico-sdk/sdk/2.2.0/src/rp2_common/pico_unique_id/unique_id.c.o
                0x1000580c                pico_get_unique_board_id
 .text.pico_get_unique_board_id_string
                0x1000581c      0x1a8 CMakeFiles/env_monitor.dir/home/luis-arcos/.pico-sdk/sdk/2.2.0/src/rp2_common/pico_unique_id/unique_id.c.o
                0x1000581c                pico_get_unique_board_id_string
 .text.flash_get_unique_id
                0x100059c4       0x3c CMakeFiles/env_monitor.dir/home/luis-arcos/.pico-sdk/sdk/2.2.0/src/rp2_common/hardware_flash/flash.c.o
                0x100059c4                flash_get_unique_id
 .text.dcd_init
                0x10005a00       0x90 CMakeFiles/env_monitor.dir/home/luis-arcos/.pico-sdk/sdk/2.2.0/lib/tinyusb/src/portable/raspberrypi/rp2040/dcd_rp2040.c.o
                0x10005a00                dcd_init
 .text.dcd_int_enable
                0x10005a90        0xc CMakeFiles/env_monitor.dir/home/luis-arcos/.pico-sdk/sdk/2.2.0/lib/tinyusb/src/portable/raspberrypi/rp2040/dcd_rp2040.c.o
                0x10005a90                dcd_int_enable
 .text.dcd_set_address
                0x10005a9c       0x14 CMakeFiles/env_monitor.dir/home/luis-arcos/.pico-sdk/sdk/2.2.0/lib/tinyusb/src/portable/raspberrypi/rp2040/dcd_rp2040.c.o
                0x10005a9c                dcd_set_address
 .text.dcd_sof_enable
                0x10005ab0       0x1c CMakeFiles/env_monitor.dir/home/luis-arcos/.pico-sdk/sdk/2.2.0/lib/tinyusb/src/portable/raspberrypi/rp2040/dcd_rp2040.c.o
                0x10005ab0                dcd_sof_enable
 .text.dcd_edpt0_status_complete
                0x10005acc       0x1c CMakeFiles/env_monitor.dir/home/luis-arcos/.pico-sdk/sdk/2.2.0/lib/tinyusb/src/portable/raspberrypi/rp2040/dcd_rp2040.c.o
                0x10005acc                dcd_edpt0_status_complete
 .text.dcd_edpt_open
                0x10005ae8      0x114 CMakeFiles/env_monitor.dir/home/luis-arcos/.pico-sdk/sdk/2.2.0/lib/tinyusb/src/portable/raspberrypi/rp2040/dcd_rp2040.c.o
                0x10005ae8                dcd_edpt_open
 .text.dcd_edpt_close_all
                0x10005bfc        0x8 CMakeFiles/env_monitor.dir/home/luis-arcos/.pico-sdk/sdk/2.2.0/lib/tinyusb/src/portable/raspberrypi/rp2040/dcd_rp2040.c.o
                0x10005bfc                dcd_edpt_close_all
 .text.dcd_edpt_xfer
                0x10005c04       0x24 CMakeFiles/env_monitor.dir/home/luis-arcos/.pico-sdk/sdk/2.2.0/lib/tinyusb/src/portable/raspberrypi/rp2040/dcd_rp2040.c.o
                0x10005c04                dcd_edpt_xfer
 .text.dcd_edpt_stall
                0x10005c28       0x34 CMakeFiles/env_monitor.dir/home/luis-arcos/.pico-sdk/sdk/2.2.0/lib/tinyusb/src/portable/raspberrypi/rp2040/dcd_rp2040.c.o
                0x10005c28                dcd_edpt_stall
 .text.dcd_edpt_clear_stall
                0x10005c5c       0x30 CMakeFiles/env_monitor.dir/home/luis-arcos/.pico-sdk/sdk/2.2.0/lib/tinyusb/src/portable/raspberrypi/rp2040/dcd_rp2040.c.o
                0x10005c5c                dcd_edpt_clear_stall
 .text.rp2040_usb_init
                0x10005c8c       0x40 CMakeFiles/env_monitor.dir/home/luis-arcos/.pico-sdk/sdk/2.2.0/lib/tinyusb/src/portable/raspberrypi/rp2040/rp2040_usb.c.o
                0x10005c8c                rp2040_usb_init
 .text.hw_endpoint_xfer_start
                0x10005ccc       0x40 CMakeFiles/env_monitor.dir/home/luis-arcos/.pico-sdk/sdk/2.2.0/lib/tinyusb/src/portable/raspberrypi/rp2040/rp2040_usb.c.o
                0x10005ccc                hw_endpoint_xfer_start
 .text.tud_event_hook_cb
                0x10005d0c        0x4 CMakeFiles/env_monitor.dir/home/luis-arcos/.pico-sdk/sdk/2.2.0/lib/tinyusb/src/device/usbd.c.o
                0x10005d0c                tud_event_hook_cb
 .text.tud_sof_cb
                0x10005d10        0x4 CMakeFiles/env_monitor.dir/home/luis-arcos/.pico-sdk/sdk/2.2.0/lib/tinyusb/src/device/usbd.c.o
                0x10005d10                tud_sof_cb
 .text.tud_descriptor_device_qualifier_cb
                0x10005d14        0x4 CMakeFiles/env_monitor.dir/home/luis-arcos/.pico-sdk/sdk/2.2.0/lib/tinyusb/src/device/usbd.c.o
                0x10005d14                tud_descriptor_device_qualifier_cb
 .text.tud_descriptor_other_speed_configuration_cb
                0x10005d18        0x4 CMakeFiles/env_monitor.dir/home/luis-arcos/.pico-sdk/sdk/2.2.0/lib/tinyusb/src/device/usbd.c.o
                0x10005d18                tud_descriptor_other_speed_configuration_cb
 .text.tud_mount_cb
                0x10005d1c        0x4 CMakeFiles/env_monitor.dir/home/luis-arcos/.pico-sdk/sdk/2.2.0/lib/tinyusb/src/device/usbd.c.o
                0x10005d1c                tud_mount_cb
 .text.tud_umount_cb
                0x10005d20        0x4 CMakeFiles/env_monitor.dir/home/luis-arcos/.pico-sdk/sdk/2.2.0/lib/tinyusb/src/device/usbd.c.o
                0x10005d20                tud_umount_cb
 .text.tud_suspend_cb
                0x10005d24        0x4 CMakeFiles/env_monitor.dir/home/luis-arcos/.pico-sdk/sdk/2.2.0/lib/tinyusb/src/device/usbd.c.o
                0x10005d24                tud_suspend_cb
 .text.tud_resume_cb
                0x10005d28        0x4 CMakeFiles/env_monitor.dir/home/luis-arcos/.pico-sdk/sdk/2.2.0/lib/tinyusb/src/device/usbd.c.o
                0x10005d28                tud_resume_cb
 .text.tud_mounted
                0x10005d2c       0x10 CMakeFiles/env_monitor.dir/home/luis-arcos/.pico-sdk/sdk/2.2.0/lib/tinyusb/src/device/usbd.c.o
                0x10005d2c                tud_mounted
 .text.tud_suspended
                0x10005d3c       0x10 CMakeFiles/env_monitor.dir/home/luis-arcos/.pico-sdk/sdk/2.2.0/lib/tinyusb/src/device/usbd.c.o
                0x10005d3c                tud_suspended
 .text.tud_rhport_init
                0x10005d4c       0xfc CMakeFiles/env_monitor.dir/home/luis-arcos/.pico-sdk/sdk/2.2.0/lib/tinyusb/src/device/usbd.c.o
                0x10005d4c                tud_rhport_init
 .text.tud_task_ext
                0x10005e48      0x800 CMakeFiles/env_monitor.dir/home/luis-arcos/.pico-sdk/sdk/2.2.0/lib/tinyusb/src/device/usbd.c.o
                0x10005e48                tud_task_ext
 .text.usbd_open_edpt_pair
                0x10006648       0x9c CMakeFiles/env_monitor.dir/home/luis-arcos/.pico-sdk/sdk/2.2.0/lib/tinyusb/src/device/usbd.c.o
                0x10006648                usbd_open_edpt_pair
 .text.usbd_edpt_open
                0x100066e4       0x34 CMakeFiles/env_monitor.dir/home/luis-arcos/.pico-sdk/sdk/2.2.0/lib/tinyusb/src/device/usbd.c.o
                0x100066e4                usbd_edpt_open
 .text.usbd_edpt_claim
                0x10006718       0x28 CMakeFiles/env_monitor.dir/home/luis-arcos/.pico-sdk/sdk/2.2.0/lib/tinyusb/src/device/usbd.c.o
                0x10006718                usbd_edpt_claim
 .text.usbd_edpt_release
                0x10006740       0x28 CMakeFiles/env_monitor.dir/home/luis-arcos/.pico-sdk/sdk/2.2.0/lib/tinyusb/src/device/usbd.c.o
                0x10006740                usbd_edpt_release
 .text.usbd_edpt_xfer
                0x10006768       0x4c CMakeFiles/env_monitor.dir/home/luis-arcos/.pico-sdk/sdk/2.2.0/lib/tinyusb/src/device/usbd.c.o
                0x10006768                usbd_edpt_xfer
 .text.tud_control_status
                0x100067b4       0x2c CMakeFiles/env_monitor.dir/home/luis-arcos/.pico-sdk/sdk/2.2.0/lib/tinyusb/src/device/usbd_control.c.o
                0x100067b4                tud_control_status
 .text.tud_control_xfer
                0x100067e0       0xac CMakeFiles/env_monitor.dir/home/luis-arcos/.pico-sdk/sdk/2.2.0/lib/tinyusb/src/device/usbd_control.c.o
                0x100067e0                tud_control_xfer
 .text.usbd_control_reset
                0x1000688c       0x14 CMakeFiles/env_monitor.dir/home/luis-arcos/.pico-sdk/sdk/2.2.0/lib/tinyusb/src/device/usbd_control.c.o
                0x1000688c                usbd_control_reset
 .text.usbd_control_set_complete_callback
                0x100068a0        0xc CMakeFiles/env_monitor.dir/home/luis-arcos/.pico-sdk/sdk/2.2.0/lib/tinyusb/src/device/usbd_control.c.o
                0x100068a0                usbd_control_set_complete_callback
 .text.usbd_control_set_request
                0x100068ac       0x1c CMakeFiles/env_monitor.dir/home/luis-arcos/.pico-sdk/sdk/2.2.0/lib/tinyusb/src/device/usbd_control.c.o
                0x100068ac                usbd_control_set_request
 .text.usbd_control_xfer_cb
                0x100068c8       0xec CMakeFiles/env_monitor.dir/home/luis-arcos/.pico-sdk/sdk/2.2.0/lib/tinyusb/src/device/usbd_control.c.o
                0x100068c8                usbd_control_xfer_cb
 .text._prep_out_transaction.isra.0
                0x100069b4       0x6c CMakeFiles/env_monitor.dir/home/luis-arcos/.pico-sdk/sdk/2.2.0/lib/tinyusb/src/class/cdc/cdc_device.c.o
 .text.tud_cdc_n_connected
                0x10006a20       0x2c CMakeFiles/env_monitor.dir/home/luis-arcos/.pico-sdk/sdk/2.2.0/lib/tinyusb/src/class/cdc/cdc_device.c.o
                0x10006a20                tud_cdc_n_connected
 .text.tud_cdc_n_available
                0x10006a4c       0x14 CMakeFiles/env_monitor.dir/home/luis-arcos/.pico-sdk/sdk/2.2.0/lib/tinyusb/src/class/cdc/cdc_device.c.o
                0x10006a4c                tud_cdc_n_available
 .text.tud_cdc_n_read
                0x10006a60       0x94 CMakeFiles/env_monitor.dir/home/luis-arcos/.pico-sdk/sdk/2.2.0/lib/tinyusb/src/class/cdc/cdc_device.c.o
                0x10006a60                tud_cdc_n_read
 .text.tud_cdc_n_write_flush
                0x10006af4       0x74 CMakeFiles/env_monitor.dir/home/luis-arcos/.pico-sdk/sdk/2.2.0/lib/tinyusb/src/class/cdc/cdc_device.c.o
                0x10006af4                tud_cdc_n_write_flush
 .text.tud_cdc_n_write
                0x10006b68       0x40 CMakeFiles/env_monitor.dir/home/luis-arcos/.pico-sdk/sdk/2.2.0/lib/tinyusb/src/class/cdc/cdc_device.c.o
                0x10006b68                tud_cdc_n_write
 .text.tud_cdc_n_write_available
                0x10006ba8       0x14 CMakeFiles/env_monitor.dir/home/luis-arcos/.pico-sdk/sdk/2.2.0/lib/tinyusb/src/class/cdc/cdc_device.c.o
                0x10006ba8                tud_cdc_n_write_available
 .text.cdcd_init
                0x10006bbc       0x70 CMakeFiles/env_monitor.dir/home/luis-arcos/.pico-sdk/sdk/2.2.0/lib/tinyusb/src/class/cdc/cdc_device.c.o
                0x10006bbc                cdcd_init
 .text.cdcd_deinit
                0x10006c2c       0x34 CMakeFiles/env_monitor.dir/home/luis-arcos/.pico-sdk/sdk/2.2.0/lib/tinyusb/src/class/cdc/cdc_device.c.o
                0x10006c2c                cdcd_deinit
 .text.cdcd_reset
                0x10006c60       0x4c CMakeFiles/env_monitor.dir/home/luis-arcos/.pico-sdk/sdk/2.2.0/lib/tinyusb/src/class/cdc/cdc_device.c.o
                0x10006c60                cdcd_reset
 .text.cdcd_open
                0x10006cac       0xa8 CMakeFiles/env_monitor.dir/home/luis-arcos/.pico-sdk/sdk/2.2.0/lib/tinyusb/src/class/cdc/cdc_device.c.o
                0x10006cac                cdcd_open
 .text.cdcd_control_xfer_cb
                0x10006d54       0xe8 CMakeFiles/env_monitor.dir/home/luis-arcos/.pico-sdk/sdk/2.2.0/lib/tinyusb/src/class/cdc/cdc_device.c.o
                0x10006d54                cdcd_control_xfer_cb
 .text.cdcd_xfer_cb
                0x10006e3c      0x100 CMakeFiles/env_monitor.dir/home/luis-arcos/.pico-sdk/sdk/2.2.0/lib/tinyusb/src/class/cdc/cdc_device.c.o
                0x10006e3c                cdcd_xfer_cb
 .text.vendord_init
                0x10006f3c       0x5c CMakeFiles/env_monitor.dir/home/luis-arcos/.pico-sdk/sdk/2.2.0/lib/tinyusb/src/class/vendor/vendor_device.c.o
                0x10006f3c                vendord_init
 .text.vendord_deinit
                0x10006f98       0x1c CMakeFiles/env_monitor.dir/home/luis-arcos/.pico-sdk/sdk/2.2.0/lib/tinyusb/src/class/vendor/vendor_device.c.o
                0x10006f98                vendord_deinit
 .text.vendord_reset
                0x10006fb4       0x28 CMakeFiles/env_monitor.dir/home/luis-arcos/.pico-sdk/sdk/2.2.0/lib/tinyusb/src/class/vendor/vendor_device.c.o
                0x10006fb4                vendord_reset
 .text.vendord_open
                0x10006fdc      0x128 CMakeFiles/env_monitor.dir/home/luis-arcos/.pico-sdk/sdk/2.2.0/lib/tinyusb/src/class/vendor/vendor_device.c.o
                0x10006fdc                vendord_open
 .text.vendord_xfer_cb
                0x10007104       0x9c CMakeFiles/env_monitor.dir/home/luis-arcos/.pico-sdk/sdk/2.2.0/lib/tinyusb/src/class/vendor/vendor_device.c.o
                0x10007104                vendord_xfer_cb
 .text.tusb_rhport_init
                0x100071a0       0x48 CMakeFiles/env_monitor.dir/home/luis-arcos/.pico-sdk/sdk/2.2.0/lib/tinyusb/src/tusb.c.o
                0x100071a0                tusb_rhport_init
 .text.tu_edpt_claim
                0x100071e8       0x50 CMakeFiles/env_monitor.dir/home/luis-arcos/.pico-sdk/sdk/2.2.0/lib/tinyusb/src/tusb.c.o
                0x100071e8                tu_edpt_claim
 .text.tu_edpt_release
                0x10007238       0x38 CMakeFiles/env_monitor.dir/home/luis-arcos/.pico-sdk/sdk/2.2.0/lib/tinyusb/src/tusb.c.o
                0x10007238                tu_edpt_release
 .text.tu_edpt_validate
                0x10007270       0x7c CMakeFiles/env_monitor.dir/home/luis-arcos/.pico-sdk/sdk/2.2.0/lib/tinyusb/src/tusb.c.o
                0x10007270                tu_edpt_validate
 .text.tu_edpt_bind_driver
                0x100072ec       0x34 CMakeFiles/env_monitor.dir/home/luis-arcos/.pico-sdk/sdk/2.2.0/lib/tinyusb/src/tusb.c.o
                0x100072ec                tu_edpt_bind_driver
 .text.tu_edpt_stream_init
                0x10007320       0x6c CMakeFiles/env_monitor.dir/home/luis-arcos/.pico-sdk/sdk/2.2.0/lib/tinyusb/src/tusb.c.o
                0x10007320                tu_edpt_stream_init
 .text.tu_edpt_stream_deinit
                0x1000738c        0x4 CMakeFiles/env_monitor.dir/home/luis-arcos/.pico-sdk/sdk/2.2.0/lib/tinyusb/src/tusb.c.o
                0x1000738c                tu_edpt_stream_deinit
 .text.tu_edpt_stream_write_zlp_if_needed
                0x10007390       0x68 CMakeFiles/env_monitor.dir/home/luis-arcos/.pico-sdk/sdk/2.2.0/lib/tinyusb/src/tusb.c.o
                0x10007390                tu_edpt_stream_write_zlp_if_needed
 .text.tu_edpt_stream_write_xfer
                0x100073f8       0x64 CMakeFiles/env_monitor.dir/home/luis-arcos/.pico-sdk/sdk/2.2.0/lib/tinyusb/src/tusb.c.o
                0x100073f8                tu_edpt_stream_write_xfer
 .text.tu_edpt_stream_read_xfer
                0x1000745c       0xdc CMakeFiles/env_monitor.dir/home/luis-arcos/.pico-sdk/sdk/2.2.0/lib/tinyusb/src/tusb.c.o
                0x1000745c                tu_edpt_stream_read_xfer
 .text.tu_fifo_config
                0x10007538       0x6c CMakeFiles/env_monitor.dir/home/luis-arcos/.pico-sdk/sdk/2.2.0/lib/tinyusb/src/common/tusb_fifo.c.o
                0x10007538                tu_fifo_config
 .text.tu_fifo_count
                0x100075a4       0x2c CMakeFiles/env_monitor.dir/home/luis-arcos/.pico-sdk/sdk/2.2.0/lib/tinyusb/src/common/tusb_fifo.c.o
                0x100075a4                tu_fifo_count
 .text.tu_fifo_empty
                0x100075d0       0x10 CMakeFiles/env_monitor.dir/home/luis-arcos/.pico-sdk/sdk/2.2.0/lib/tinyusb/src/common/tusb_fifo.c.o
                0x100075d0                tu_fifo_empty
 .text.tu_fifo_remaining
                0x100075e0       0x2c CMakeFiles/env_monitor.dir/home/luis-arcos/.pico-sdk/sdk/2.2.0/lib/tinyusb/src/common/tusb_fifo.c.o
                0x100075e0                tu_fifo_remaining
 .text.tu_fifo_read
                0x1000760c       0x9c CMakeFiles/env_monitor.dir/home/luis-arcos/.pico-sdk/sdk/2.2.0/lib/tinyusb/src/common/tusb_fifo.c.o
                0x1000760c                tu_fifo_read
 .text.tu_fifo_read_n
                0x100076a8       0xe8 CMakeFiles/env_monitor.dir/home/luis-arcos/.pico-sdk/sdk/2.2.0/lib/tinyusb/src/common/tusb_fifo.c.o
                0x100076a8                tu_fifo_read_n
 .text.tu_fifo_write
                0x10007790       0xa8 CMakeFiles/env_monitor.dir/home/luis-arcos/.pico-sdk/sdk/2.2.0/lib/tinyusb/src/common/tusb_fifo.c.o
                0x10007790                tu_fifo_write
 .text.tu_fifo_write_n
                0x10007838      0x178 CMakeFiles/env_monitor.dir/home/luis-arcos/.pico-sdk/sdk/2.2.0/lib/tinyusb/src/common/tusb_fifo.c.o
                0x10007838                tu_fifo_write_n
 .text.tu_fifo_clear
                0x100079b0       0x40 CMakeFiles/env_monitor.dir/home/luis-arcos/.pico-sdk/sdk/2.2.0/lib/tinyusb/src/common/tusb_fifo.c.o
                0x100079b0                tu_fifo_clear
 .text.tu_fifo_set_overwritable
                0x100079f0       0x48 CMakeFiles/env_monitor.dir/home/luis-arcos/.pico-sdk/sdk/2.2.0/lib/tinyusb/src/common/tusb_fifo.c.o
                0x100079f0                tu_fifo_set_overwritable
 .text.adc_init
                0x10007a38       0x38 CMakeFiles/env_monitor.dir/home/luis-arcos/.pico-sdk/sdk/2.2.0/src/rp2_common/hardware_adc/adc.c.o
                0x10007a38                adc_init
 .text.i2c_write_blocking_internal.constprop.0
                0x10007a70       0xd0 CMakeFiles/env_monitor.dir/home/luis-arcos/.pico-sdk/sdk/2.2.0/src/rp2_common/hardware_i2c/i2c.c.o
 .text.i2c_set_baudrate
                0x10007b40       0xc0 CMakeFiles/env_monitor.dir/home/luis-arcos/.pico-sdk/sdk/2.2.0/src/rp2_common/hardware_i2c/i2c.c.o
                0x10007b40                i2c_set_baudrate
 .text.i2c_init
                0x10007c00       0x50 CMakeFiles/env_monitor.dir/home/luis-arcos/.pico-sdk/sdk/2.2.0/src/rp2_common/hardware_i2c/i2c.c.o
                0x10007c00                i2c_init
 .text.i2c_write_blocking
                0x10007c50       0x14 CMakeFiles/env_monitor.dir/home/luis-arcos/.pico-sdk/sdk/2.2.0/src/rp2_common/hardware_i2c/i2c.c.o
                0x10007c50                i2c_write_blocking
 .text.lwip_timeout_reached
                0x10007c64        0x8 CMakeFiles/env_monitor.dir/home/luis-arcos/.pico-sdk/sdk/2.2.0/src/rp2_common/pico_lwip/lwip_nosys.c.o
 .text.update_next_timeout
                0x10007c6c       0x60 CMakeFiles/env_monitor.dir/home/luis-arcos/.pico-sdk/sdk/2.2.0/src/rp2_common/pico_lwip/lwip_nosys.c.o
 .text.lwip_nosys_init
                0x10007ccc       0x30 CMakeFiles/env_monitor.dir/home/luis-arcos/.pico-sdk/sdk/2.2.0/src/rp2_common/pico_lwip/lwip_nosys.c.o
                0x10007ccc                lwip_nosys_init
 .text.lwip_nosys_deinit
                0x10007cfc       0x20 CMakeFiles/env_monitor.dir/home/luis-arcos/.pico-sdk/sdk/2.2.0/src/rp2_common/pico_lwip/lwip_nosys.c.o
                0x10007cfc                lwip_nosys_deinit
 .text.sys_arch_protect
                0x10007d1c        0x4 CMakeFiles/env_monitor.dir/home/luis-arcos/.pico-sdk/sdk/2.2.0/src/rp2_common/pico_lwip/lwip_nosys.c.o
                0x10007d1c                sys_arch_protect
 .text.sys_arch_unprotect
                0x10007d20        0x4 CMakeFiles/env_monitor.dir/home/luis-arcos/.pico-sdk/sdk/2.2.0/src/rp2_common/pico_lwip/lwip_nosys.c.o
                0x10007d20                sys_arch_unprotect
 .text.sys_now  0x10007d24       0x20 CMakeFiles/env_monitor.dir/home/luis-arcos/.pico-sdk/sdk/2.2.0/src/rp2_common/pico_lwip/lwip_nosys.c.o
                0x10007d24                sys_now
 .text.async_context_base_add_at_time_worker
                0x10007d44       0x24 CMakeFiles/env_monitor.dir/home/luis-arcos/.pico-sdk/sdk/2.2.0/src/rp2_common/pico_async_context/async_context_base.c.o
                0x10007d44                async_context_base_add_at_time_worker
 .text.async_context_base_remove_at_time_worker
                0x10007d68       0x28 CMakeFiles/env_monitor.dir/home/luis-arcos/.pico-sdk/sdk/2.2.0/src/rp2_common/pico_async_context/async_context_base.c.o
                0x10007d68                async_context_base_remove_at_time_worker
 .text.async_context_base_add_when_pending_worker
                0x10007d90       0x24 CMakeFiles/env_monitor.dir/home/luis-arcos/.pico-sdk/sdk/2.2.0/src/rp2_common/pico_async_context/async_context_base.c.o
                0x10007d90                async_context_base_add_when_pending_worker
 .text.async_context_base_remove_when_pending_worker
                0x10007db4       0x28 CMakeFiles/env_monitor.dir/home/luis-arcos/.pico-sdk/sdk/2.2.0/src/rp2_common/pico_async_context/async_context_base.c.o
                0x10007db4                async_context_base_remove_when_pending_worker
 .text.async_context_base_execute_once
                0x10007ddc      0x108 CMakeFiles/env_monitor.dir/home/luis-arcos/.pico-sdk/sdk/2.2.0/src/rp2_common/pico_async_context/async_context_base.c.o
                0x10007ddc                async_context_base_execute_once
 .text.splitmix64
                0x10007ee4       0x58 CMakeFiles/env_monitor.dir/home/luis-arcos/.pico-sdk/sdk/2.2.0/src/rp2_common/pico_rand/rand.c.o
 .text.xoroshiro128ss
                0x10007f3c       0x90 CMakeFiles/env_monitor.dir/home/luis-arcos/.pico-sdk/sdk/2.2.0/src/rp2_common/pico_rand/rand.c.o
 .text.get_rand_64
                0x10007fcc      0x4a4 CMakeFiles/env_monitor.dir/home/luis-arcos/.pico-sdk/sdk/2.2.0/src/rp2_common/pico_rand/rand.c.o
                0x10007fcc                get_rand_64
 .text.get_rand_32
                0x10008470        0x8 CMakeFiles/env_monitor.dir/home/luis-arcos/.pico-sdk/sdk/2.2.0/src/rp2_common/pico_rand/rand.c.o
                0x10008470                get_rand_32
 .text.lwip_init
                0x10008478       0x24 CMakeFiles/env_monitor.dir/home/luis-arcos/.pico-sdk/sdk/2.2.0/lib/lwip/src/core/init.c.o
                0x10008478                lwip_init
 .text.lwip_htons
                0x1000849c        0x8 CMakeFiles/env_monitor.dir/home/luis-arcos/.pico-sdk/sdk/2.2.0/lib/lwip/src/core/def.c.o
                0x1000849c                lwip_htons
 .text.lwip_htonl
                0x100084a4        0x4 CMakeFiles/env_monitor.dir/home/luis-arcos/.pico-sdk/sdk/2.2.0/lib/lwip/src/core/def.c.o
                0x100084a4                lwip_htonl
 .text.dns_call_found
                0x100084a8      0x184 CMakeFiles/env_monitor.dir/home/luis-arcos/.pico-sdk/sdk/2.2.0/lib/lwip/src/core/dns.c.o
 .text.dns_send.isra.0
                0x1000862c      0x174 CMakeFiles/env_monitor.dir/home/luis-arcos/.pico-sdk/sdk/2.2.0/lib/lwip/src/core/dns.c.o
 .text.dns_init
                0x100087a0        0x4 CMakeFiles/env_monitor.dir/home/luis-arcos/.pico-sdk/sdk/2.2.0/lib/lwip/src/core/dns.c.o
                0x100087a0                dns_init
 .text.dns_setserver
                0x100087a4       0x24 CMakeFiles/env_monitor.dir/home/luis-arcos/.pico-sdk/sdk/2.2.0/lib/lwip/src/core/dns.c.o
                0x100087a4                dns_setserver
 .text.dns_tmr  0x100087c8      0x140 CMakeFiles/env_monitor.dir/home/luis-arcos/.pico-sdk/sdk/2.2.0/lib/lwip/src/core/dns.c.o
                0x100087c8                dns_tmr
 .text.lwip_standard_chksum
                0x10008908       0xdc CMakeFiles/env_monitor.dir/home/luis-arcos/.pico-sdk/sdk/2.2.0/lib/lwip/src/core/inet_chksum.c.o
                0x10008908                lwip_standard_chksum
 .text.inet_chksum_pseudo
                0x100089e4       0xbc CMakeFiles/env_monitor.dir/home/luis-arcos/.pico-sdk/sdk/2.2.0/lib/lwip/src/core/inet_chksum.c.o
                0x100089e4                inet_chksum_pseudo
 .text.ip_chksum_pseudo
                0x10008aa0       0x10 CMakeFiles/env_monitor.dir/home/luis-arcos/.pico-sdk/sdk/2.2.0/lib/lwip/src/core/inet_chksum.c.o
                0x10008aa0                ip_chksum_pseudo
 .text.inet_chksum
                0x10008ab0        0xc CMakeFiles/env_monitor.dir/home/luis-arcos/.pico-sdk/sdk/2.2.0/lib/lwip/src/core/inet_chksum.c.o
                0x10008ab0                inet_chksum
 .text.inet_chksum_pbuf
                0x10008abc       0x78 CMakeFiles/env_monitor.dir/home/luis-arcos/.pico-sdk/sdk/2.2.0/lib/lwip/src/core/inet_chksum.c.o
                0x10008abc                inet_chksum_pbuf
 .text.mem_init
                0x10008b34       0x3c CMakeFiles/env_monitor.dir/home/luis-arcos/.pico-sdk/sdk/2.2.0/lib/lwip/src/core/mem.c.o
                0x10008b34                mem_init
 .text.mem_free
                0x10008b70      0x130 CMakeFiles/env_monitor.dir/home/luis-arcos/.pico-sdk/sdk/2.2.0/lib/lwip/src/core/mem.c.o
                0x10008b70                mem_free
 .text.mem_trim
                0x10008ca0      0x104 CMakeFiles/env_monitor.dir/home/luis-arcos/.pico-sdk/sdk/2.2.0/lib/lwip/src/core/mem.c.o
                0x10008ca0                mem_trim
 .text.mem_malloc
                0x10008da4      0x124 CMakeFiles/env_monitor.dir/home/luis-arcos/.pico-sdk/sdk/2.2.0/lib/lwip/src/core/mem.c.o
                0x10008da4                mem_malloc
 .text.memp_init
                0x10008ec8       0x6c CMakeFiles/env_monitor.dir/home/luis-arcos/.pico-sdk/sdk/2.2.0/lib/lwip/src/core/memp.c.o
                0x10008ec8                memp_init
 .text.memp_malloc
                0x10008f34       0x40 CMakeFiles/env_monitor.dir/home/luis-arcos/.pico-sdk/sdk/2.2.0/lib/lwip/src/core/memp.c.o
                0x10008f34                memp_malloc
 .text.memp_free
                0x10008f74       0x38 CMakeFiles/env_monitor.dir/home/luis-arcos/.pico-sdk/sdk/2.2.0/lib/lwip/src/core/memp.c.o
                0x10008f74                memp_free
 .text.netif_null_output_ip4
                0x10008fac        0x8 CMakeFiles/env_monitor.dir/home/luis-arcos/.pico-sdk/sdk/2.2.0/lib/lwip/src/core/netif.c.o
 .text.netif_do_set_ipaddr.isra.0
                0x10008fb4       0x60 CMakeFiles/env_monitor.dir/home/luis-arcos/.pico-sdk/sdk/2.2.0/lib/lwip/src/core/netif.c.o
 .text.netif_init
                0x10009014        0x4 CMakeFiles/env_monitor.dir/home/luis-arcos/.pico-sdk/sdk/2.2.0/lib/lwip/src/core/netif.c.o
                0x10009014                netif_init
 .text.netif_add
                0x10009018      0x16c CMakeFiles/env_monitor.dir/home/luis-arcos/.pico-sdk/sdk/2.2.0/lib/lwip/src/core/netif.c.o
                0x10009018                netif_add
 .text.netif_set_addr
                0x10009184       0xb4 CMakeFiles/env_monitor.dir/home/luis-arcos/.pico-sdk/sdk/2.2.0/lib/lwip/src/core/netif.c.o
                0x10009184                netif_set_addr
 .text.netif_remove
                0x10009238       0x94 CMakeFiles/env_monitor.dir/home/luis-arcos/.pico-sdk/sdk/2.2.0/lib/lwip/src/core/netif.c.o
                0x10009238                netif_remove
 .text.netif_set_default
                0x100092cc        0xc CMakeFiles/env_monitor.dir/home/luis-arcos/.pico-sdk/sdk/2.2.0/lib/lwip/src/core/netif.c.o
                0x100092cc                netif_set_default
 .text.netif_set_up
                0x100092d8       0x40 CMakeFiles/env_monitor.dir/home/luis-arcos/.pico-sdk/sdk/2.2.0/lib/lwip/src/core/netif.c.o
                0x100092d8                netif_set_up
 .text.netif_set_link_up
                0x10009318       0x44 CMakeFiles/env_monitor.dir/home/luis-arcos/.pico-sdk/sdk/2.2.0/lib/lwip/src/core/netif.c.o
                0x10009318                netif_set_link_up
 .text.netif_set_link_down
                0x1000935c       0x20 CMakeFiles/env_monitor.dir/home/luis-arcos/.pico-sdk/sdk/2.2.0/lib/lwip/src/core/netif.c.o
                0x1000935c                netif_set_link_down
 .text.netif_get_by_index
                0x1000937c       0x2c CMakeFiles/env_monitor.dir/home/luis-arcos/.pico-sdk/sdk/2.2.0/lib/lwip/src/core/netif.c.o
                0x1000937c                netif_get_by_index
 .text.pbuf_free.part.0
                0x100093a8       0x7c CMakeFiles/env_monitor.dir/home/luis-arcos/.pico-sdk/sdk/2.2.0/lib/lwip/src/core/pbuf.c.o
 .text.pbuf_free_ooseq
                0x10009424       0x34 CMakeFiles/env_monitor.dir/home/luis-arcos/.pico-sdk/sdk/2.2.0/lib/lwip/src/core/pbuf.c.o
                0x10009424                pbuf_free_ooseq
 .text.pbuf_alloc
                0x10009458      0x134 CMakeFiles/env_monitor.dir/home/luis-arcos/.pico-sdk/sdk/2.2.0/lib/lwip/src/core/pbuf.c.o
                0x10009458                pbuf_alloc
 .text.pbuf_realloc
                0x1000958c       0x84 CMakeFiles/env_monitor.dir/home/luis-arcos/.pico-sdk/sdk/2.2.0/lib/lwip/src/core/pbuf.c.o
                0x1000958c                pbuf_realloc
 .text.pbuf_add_header
                0x10009610       0x50 CMakeFiles/env_monitor.dir/home/luis-arcos/.pico-sdk/sdk/2.2.0/lib/lwip/src/core/pbuf.c.o
                0x10009610                pbuf_add_header
 .text.pbuf_remove_header
                0x10009660       0x3c CMakeFiles/env_monitor.dir/home/luis-arcos/.pico-sdk/sdk/2.2.0/lib/lwip/src/core/pbuf.c.o
                0x10009660                pbuf_remove_header
 .text.pbuf_header_force
                0x1000969c       0x68 CMakeFiles/env_monitor.dir/home/luis-arcos/.pico-sdk/sdk/2.2.0/lib/lwip/src/core/pbuf.c.o
                0x1000969c                pbuf_header_force
 .text.pbuf_free
                0x10009704       0x18 CMakeFiles/env_monitor.dir/home/luis-arcos/.pico-sdk/sdk/2.2.0/lib/lwip/src/core/pbuf.c.o
                0x10009704                pbuf_free
 .text.pbuf_clen
                0x1000971c       0x14 CMakeFiles/env_monitor.dir/home/luis-arcos/.pico-sdk/sdk/2.2.0/lib/lwip/src/core/pbuf.c.o
                0x1000971c                pbuf_clen
 .text.pbuf_ref
                0x10009730       0x28 CMakeFiles/env_monitor.dir/home/luis-arcos/.pico-sdk/sdk/2.2.0/lib/lwip/src/core/pbuf.c.o
                0x10009730                pbuf_ref
 .text.pbuf_cat
                0x10009758       0x54 CMakeFiles/env_monitor.dir/home/luis-arcos/.pico-sdk/sdk/2.2.0/lib/lwip/src/core/pbuf.c.o
                0x10009758                pbuf_cat
 .text.pbuf_chain
                0x100097ac       0x70 CMakeFiles/env_monitor.dir/home/luis-arcos/.pico-sdk/sdk/2.2.0/lib/lwip/src/core/pbuf.c.o
                0x100097ac                pbuf_chain
 .text.pbuf_copy_partial_pbuf
                0x1000981c      0x148 CMakeFiles/env_monitor.dir/home/luis-arcos/.pico-sdk/sdk/2.2.0/lib/lwip/src/core/pbuf.c.o
                0x1000981c                pbuf_copy_partial_pbuf
 .text.pbuf_copy
                0x10009964       0x18 CMakeFiles/env_monitor.dir/home/luis-arcos/.pico-sdk/sdk/2.2.0/lib/lwip/src/core/pbuf.c.o
                0x10009964                pbuf_copy
 .text.pbuf_copy_partial
                0x1000997c       0x68 CMakeFiles/env_monitor.dir/home/luis-arcos/.pico-sdk/sdk/2.2.0/lib/lwip/src/core/pbuf.c.o
                0x1000997c                pbuf_copy_partial
 .text.pbuf_take
                0x100099e4       0x78 CMakeFiles/env_monitor.dir/home/luis-arcos/.pico-sdk/sdk/2.2.0/lib/lwip/src/core/pbuf.c.o
                0x100099e4                pbuf_take
 .text.pbuf_take_at
                0x10009a5c       0xcc CMakeFiles/env_monitor.dir/home/luis-arcos/.pico-sdk/sdk/2.2.0/lib/lwip/src/core/pbuf.c.o
                0x10009a5c                pbuf_take_at
 .text.pbuf_clone
                0x10009b28       0x30 CMakeFiles/env_monitor.dir/home/luis-arcos/.pico-sdk/sdk/2.2.0/lib/lwip/src/core/pbuf.c.o
                0x10009b28                pbuf_clone
 .text.pbuf_put_at
                0x10009b58       0x1c CMakeFiles/env_monitor.dir/home/luis-arcos/.pico-sdk/sdk/2.2.0/lib/lwip/src/core/pbuf.c.o
                0x10009b58                pbuf_put_at
 .text.raw_input
                0x10009b74      0x164 CMakeFiles/env_monitor.dir/home/luis-arcos/.pico-sdk/sdk/2.2.0/lib/lwip/src/core/raw.c.o
                0x10009b74                raw_input
 .text.raw_netif_ip_addr_changed
                0x10009cd8       0x40 CMakeFiles/env_monitor.dir/home/luis-arcos/.pico-sdk/sdk/2.2.0/lib/lwip/src/core/raw.c.o
                0x10009cd8                raw_netif_ip_addr_changed
 .text.stats_init
                0x10009d18        0x4 CMakeFiles/env_monitor.dir/home/luis-arcos/.pico-sdk/sdk/2.2.0/lib/lwip/src/core/stats.c.o
                0x10009d18                stats_init
 .text.tcp_close_shutdown_fin
                0x10009d1c       0x54 CMakeFiles/env_monitor.dir/home/luis-arcos/.pico-sdk/sdk/2.2.0/lib/lwip/src/core/tcp.c.o
 .text.tcp_pcb_purge.part.0
                0x10009d70       0xc4 CMakeFiles/env_monitor.dir/home/luis-arcos/.pico-sdk/sdk/2.2.0/lib/lwip/src/core/tcp.c.o
 .text.tcp_init
                0x10009e34       0x20 CMakeFiles/env_monitor.dir/home/luis-arcos/.pico-sdk/sdk/2.2.0/lib/lwip/src/core/tcp.c.o
                0x10009e34                tcp_init
 .text.tcp_free
                0x10009e54       0x1c CMakeFiles/env_monitor.dir/home/luis-arcos/.pico-sdk/sdk/2.2.0/lib/lwip/src/core/tcp.c.o
                0x10009e54                tcp_free
 .text.tcp_update_rcv_ann_wnd
                0x10009e70       0x58 CMakeFiles/env_monitor.dir/home/luis-arcos/.pico-sdk/sdk/2.2.0/lib/lwip/src/core/tcp.c.o
                0x10009e70                tcp_update_rcv_ann_wnd
 .text.tcp_recved
                0x10009ec8       0x98 CMakeFiles/env_monitor.dir/home/luis-arcos/.pico-sdk/sdk/2.2.0/lib/lwip/src/core/tcp.c.o
                0x10009ec8                tcp_recved
 .text.tcp_connect
                0x10009f60      0x1bc CMakeFiles/env_monitor.dir/home/luis-arcos/.pico-sdk/sdk/2.2.0/lib/lwip/src/core/tcp.c.o
                0x10009f60                tcp_connect
 .text.tcp_slowtmr
                0x1000a11c      0x524 CMakeFiles/env_monitor.dir/home/luis-arcos/.pico-sdk/sdk/2.2.0/lib/lwip/src/core/tcp.c.o
                0x1000a11c                tcp_slowtmr
 .text.tcp_segs_free
                0x1000a640       0x38 CMakeFiles/env_monitor.dir/home/luis-arcos/.pico-sdk/sdk/2.2.0/lib/lwip/src/core/tcp.c.o
                0x1000a640                tcp_segs_free
 .text.tcp_seg_free
                0x1000a678       0x1c CMakeFiles/env_monitor.dir/home/luis-arcos/.pico-sdk/sdk/2.2.0/lib/lwip/src/core/tcp.c.o
                0x1000a678                tcp_seg_free
 .text.tcp_seg_copy
                0x1000a694       0x2c CMakeFiles/env_monitor.dir/home/luis-arcos/.pico-sdk/sdk/2.2.0/lib/lwip/src/core/tcp.c.o
                0x1000a694                tcp_seg_copy
 .text.tcp_arg  0x1000a6c0        0x8 CMakeFiles/env_monitor.dir/home/luis-arcos/.pico-sdk/sdk/2.2.0/lib/lwip/src/core/tcp.c.o
                0x1000a6c0                tcp_arg
 .text.tcp_recv
                0x1000a6c8       0x1c CMakeFiles/env_monitor.dir/home/luis-arcos/.pico-sdk/sdk/2.2.0/lib/lwip/src/core/tcp.c.o
                0x1000a6c8                tcp_recv
 .text.tcp_sent
                0x1000a6e4       0x1c CMakeFiles/env_monitor.dir/home/luis-arcos/.pico-sdk/sdk/2.2.0/lib/lwip/src/core/tcp.c.o
                0x1000a6e4                tcp_sent
 .text.tcp_pcb_purge
                0x1000a700       0x18 CMakeFiles/env_monitor.dir/home/luis-arcos/.pico-sdk/sdk/2.2.0/lib/lwip/src/core/tcp.c.o
                0x1000a700                tcp_pcb_purge
 .text.tcp_pcb_remove
                0x1000a718       0xc8 CMakeFiles/env_monitor.dir/home/luis-arcos/.pico-sdk/sdk/2.2.0/lib/lwip/src/core/tcp.c.o
                0x1000a718                tcp_pcb_remove
 .text.tcp_abandon
                0x1000a7e0      0x1a0 CMakeFiles/env_monitor.dir/home/luis-arcos/.pico-sdk/sdk/2.2.0/lib/lwip/src/core/tcp.c.o
                0x1000a7e0                tcp_abandon
 .text.tcp_abort
                0x1000a980        0xc CMakeFiles/env_monitor.dir/home/luis-arcos/.pico-sdk/sdk/2.2.0/lib/lwip/src/core/tcp.c.o
                0x1000a980                tcp_abort
 .text.tcp_alloc
                0x1000a98c      0x1d4 CMakeFiles/env_monitor.dir/home/luis-arcos/.pico-sdk/sdk/2.2.0/lib/lwip/src/core/tcp.c.o
                0x1000a98c                tcp_alloc
 .text.tcp_new_ip_type
                0x1000ab60        0xc CMakeFiles/env_monitor.dir/home/luis-arcos/.pico-sdk/sdk/2.2.0/lib/lwip/src/core/tcp.c.o
                0x1000ab60                tcp_new_ip_type
 .text.tcp_close_shutdown
                0x1000ab6c      0x188 CMakeFiles/env_monitor.dir/home/luis-arcos/.pico-sdk/sdk/2.2.0/lib/lwip/src/core/tcp.c.o
 .text.tcp_recv_null
                0x1000acf4       0xcc CMakeFiles/env_monitor.dir/home/luis-arcos/.pico-sdk/sdk/2.2.0/lib/lwip/src/core/tcp.c.o
                0x1000acf4                tcp_recv_null
 .text.tcp_process_refused_data
                0x1000adc0       0x78 CMakeFiles/env_monitor.dir/home/luis-arcos/.pico-sdk/sdk/2.2.0/lib/lwip/src/core/tcp.c.o
                0x1000adc0                tcp_process_refused_data
 .text.tcp_fasttmr
                0x1000ae38       0x98 CMakeFiles/env_monitor.dir/home/luis-arcos/.pico-sdk/sdk/2.2.0/lib/lwip/src/core/tcp.c.o
                0x1000ae38                tcp_fasttmr
 .text.tcp_tmr  0x1000aed0       0x20 CMakeFiles/env_monitor.dir/home/luis-arcos/.pico-sdk/sdk/2.2.0/lib/lwip/src/core/tcp.c.o
                0x1000aed0                tcp_tmr
 .text.tcp_close
                0x1000aef0      0x170 CMakeFiles/env_monitor.dir/home/luis-arcos/.pico-sdk/sdk/2.2.0/lib/lwip/src/core/tcp.c.o
                0x1000aef0                tcp_close
 .text.tcp_next_iss
                0x1000b060       0x28 CMakeFiles/env_monitor.dir/home/luis-arcos/.pico-sdk/sdk/2.2.0/lib/lwip/src/core/tcp.c.o
                0x1000b060                tcp_next_iss
 .text.tcp_eff_send_mss_netif
                0x1000b088       0x34 CMakeFiles/env_monitor.dir/home/luis-arcos/.pico-sdk/sdk/2.2.0/lib/lwip/src/core/tcp.c.o
                0x1000b088                tcp_eff_send_mss_netif
 .text.tcp_netif_ip_addr_changed
                0x1000b0bc       0x94 CMakeFiles/env_monitor.dir/home/luis-arcos/.pico-sdk/sdk/2.2.0/lib/lwip/src/core/tcp.c.o
                0x1000b0bc                tcp_netif_ip_addr_changed
 .text.tcp_free_ooseq
                0x1000b150       0x40 CMakeFiles/env_monitor.dir/home/luis-arcos/.pico-sdk/sdk/2.2.0/lib/lwip/src/core/tcp.c.o
                0x1000b150                tcp_free_ooseq
 .text.tcp_parseopt
                0x1000b190      0x1bc CMakeFiles/env_monitor.dir/home/luis-arcos/.pico-sdk/sdk/2.2.0/lib/lwip/src/core/tcp_in.c.o
 .text.tcp_oos_insert_segment
                0x1000b34c       0xdc CMakeFiles/env_monitor.dir/home/luis-arcos/.pico-sdk/sdk/2.2.0/lib/lwip/src/core/tcp_in.c.o
 .text.tcp_free_acked_segments.isra.0
                0x1000b428       0xdc CMakeFiles/env_monitor.dir/home/luis-arcos/.pico-sdk/sdk/2.2.0/lib/lwip/src/core/tcp_in.c.o
 .text.tcp_receive
                0x1000b504      0xa04 CMakeFiles/env_monitor.dir/home/luis-arcos/.pico-sdk/sdk/2.2.0/lib/lwip/src/core/tcp_in.c.o
 .text.tcp_input
                0x1000bf08      0xe54 CMakeFiles/env_monitor.dir/home/luis-arcos/.pico-sdk/sdk/2.2.0/lib/lwip/src/core/tcp_in.c.o
                0x1000bf08                tcp_input
 .text.tcp_trigger_input_pcb_close
                0x1000cd5c       0x10 CMakeFiles/env_monitor.dir/home/luis-arcos/.pico-sdk/sdk/2.2.0/lib/lwip/src/core/tcp_in.c.o
                0x1000cd5c                tcp_trigger_input_pcb_close
 .text.tcp_create_segment
                0x1000cd6c       0xf8 CMakeFiles/env_monitor.dir/home/luis-arcos/.pico-sdk/sdk/2.2.0/lib/lwip/src/core/tcp_out.c.o
 .text.tcp_output_control_segment
                0x1000ce64       0xc0 CMakeFiles/env_monitor.dir/home/luis-arcos/.pico-sdk/sdk/2.2.0/lib/lwip/src/core/tcp_out.c.o
 .text.tcp_output_alloc_header.constprop.0
                0x1000cf24       0xc8 CMakeFiles/env_monitor.dir/home/luis-arcos/.pico-sdk/sdk/2.2.0/lib/lwip/src/core/tcp_out.c.o
 .text.tcp_write
                0x1000cfec      0x468 CMakeFiles/env_monitor.dir/home/luis-arcos/.pico-sdk/sdk/2.2.0/lib/lwip/src/core/tcp_out.c.o
                0x1000cfec                tcp_write
 .text.tcp_split_unsent_seg
                0x1000d454      0x1b4 CMakeFiles/env_monitor.dir/home/luis-arcos/.pico-sdk/sdk/2.2.0/lib/lwip/src/core/tcp_out.c.o
                0x1000d454                tcp_split_unsent_seg
 .text.tcp_send_fin
                0x1000d608      0x118 CMakeFiles/env_monitor.dir/home/luis-arcos/.pico-sdk/sdk/2.2.0/lib/lwip/src/core/tcp_out.c.o
                0x1000d608                tcp_send_fin
 .text.tcp_enqueue_flags
                0x1000d720      0x108 CMakeFiles/env_monitor.dir/home/luis-arcos/.pico-sdk/sdk/2.2.0/lib/lwip/src/core/tcp_out.c.o
                0x1000d720                tcp_enqueue_flags
 .text.tcp_rexmit_rto_prepare
                0x1000d828       0x9c CMakeFiles/env_monitor.dir/home/luis-arcos/.pico-sdk/sdk/2.2.0/lib/lwip/src/core/tcp_out.c.o
                0x1000d828                tcp_rexmit_rto_prepare
 .text.tcp_rexmit
                0x1000d8c4       0x9c CMakeFiles/env_monitor.dir/home/luis-arcos/.pico-sdk/sdk/2.2.0/lib/lwip/src/core/tcp_out.c.o
                0x1000d8c4                tcp_rexmit
 .text.tcp_rexmit_fast
                0x1000d960       0x64 CMakeFiles/env_monitor.dir/home/luis-arcos/.pico-sdk/sdk/2.2.0/lib/lwip/src/core/tcp_out.c.o
                0x1000d960                tcp_rexmit_fast
 .text.tcp_rst  0x1000d9c4       0xe8 CMakeFiles/env_monitor.dir/home/luis-arcos/.pico-sdk/sdk/2.2.0/lib/lwip/src/core/tcp_out.c.o
                0x1000d9c4                tcp_rst
 .text.tcp_rst_netif
                0x1000daac      0x130 CMakeFiles/env_monitor.dir/home/luis-arcos/.pico-sdk/sdk/2.2.0/lib/lwip/src/core/tcp_out.c.o
                0x1000daac                tcp_rst_netif
 .text.tcp_send_empty_ack
                0x1000dbdc       0x4c CMakeFiles/env_monitor.dir/home/luis-arcos/.pico-sdk/sdk/2.2.0/lib/lwip/src/core/tcp_out.c.o
                0x1000dbdc                tcp_send_empty_ack
 .text.tcp_output
                0x1000dc28      0x454 CMakeFiles/env_monitor.dir/home/luis-arcos/.pico-sdk/sdk/2.2.0/lib/lwip/src/core/tcp_out.c.o
                0x1000dc28                tcp_output
 .text.tcp_rexmit_rto_commit
                0x1000e07c       0x24 CMakeFiles/env_monitor.dir/home/luis-arcos/.pico-sdk/sdk/2.2.0/lib/lwip/src/core/tcp_out.c.o
                0x1000e07c                tcp_rexmit_rto_commit
 .text.tcp_rexmit_rto
                0x1000e0a0       0xa4 CMakeFiles/env_monitor.dir/home/luis-arcos/.pico-sdk/sdk/2.2.0/lib/lwip/src/core/tcp_out.c.o
                0x1000e0a0                tcp_rexmit_rto
 .text.tcp_keepalive
                0x1000e144       0xdc CMakeFiles/env_monitor.dir/home/luis-arcos/.pico-sdk/sdk/2.2.0/lib/lwip/src/core/tcp_out.c.o
                0x1000e144                tcp_keepalive
 .text.tcp_zero_window_probe
                0x1000e220      0x110 CMakeFiles/env_monitor.dir/home/luis-arcos/.pico-sdk/sdk/2.2.0/lib/lwip/src/core/tcp_out.c.o
                0x1000e220                tcp_zero_window_probe
 .text.tcpip_tcp_timer
                0x1000e330       0x78 CMakeFiles/env_monitor.dir/home/luis-arcos/.pico-sdk/sdk/2.2.0/lib/lwip/src/core/timeouts.c.o
 .text.lwip_cyclic_timer
                0x1000e3a8       0x98 CMakeFiles/env_monitor.dir/home/luis-arcos/.pico-sdk/sdk/2.2.0/lib/lwip/src/core/timeouts.c.o
 .text.tcp_timer_needed
                0x1000e440       0x7c CMakeFiles/env_monitor.dir/home/luis-arcos/.pico-sdk/sdk/2.2.0/lib/lwip/src/core/timeouts.c.o
                0x1000e440                tcp_timer_needed
 .text.sys_timeouts_init
                0x1000e4bc       0x8c CMakeFiles/env_monitor.dir/home/luis-arcos/.pico-sdk/sdk/2.2.0/lib/lwip/src/core/timeouts.c.o
                0x1000e4bc                sys_timeouts_init
 .text.sys_check_timeouts
                0x1000e548       0x68 CMakeFiles/env_monitor.dir/home/luis-arcos/.pico-sdk/sdk/2.2.0/lib/lwip/src/core/timeouts.c.o
                0x1000e548                sys_check_timeouts
 .text.sys_timeouts_sleeptime
                0x1000e5b0       0x28 CMakeFiles/env_monitor.dir/home/luis-arcos/.pico-sdk/sdk/2.2.0/lib/lwip/src/core/timeouts.c.o
                0x1000e5b0                sys_timeouts_sleeptime
 .text.udp_init
                0x1000e5d8       0x20 CMakeFiles/env_monitor.dir/home/luis-arcos/.pico-sdk/sdk/2.2.0/lib/lwip/src/core/udp.c.o
                0x1000e5d8                udp_init
 .text.udp_input
                0x1000e5f8      0x320 CMakeFiles/env_monitor.dir/home/luis-arcos/.pico-sdk/sdk/2.2.0/lib/lwip/src/core/udp.c.o
                0x1000e5f8                udp_input
 .text.udp_bind
                0x1000e918      0x118 CMakeFiles/env_monitor.dir/home/luis-arcos/.pico-sdk/sdk/2.2.0/lib/lwip/src/core/udp.c.o
                0x1000e918                udp_bind
 .text.udp_sendto_if_src
                0x1000ea30      0x130 CMakeFiles/env_monitor.dir/home/luis-arcos/.pico-sdk/sdk/2.2.0/lib/lwip/src/core/udp.c.o
                0x1000ea30                udp_sendto_if_src
 .text.udp_sendto_if
                0x1000eb60       0x48 CMakeFiles/env_monitor.dir/home/luis-arcos/.pico-sdk/sdk/2.2.0/lib/lwip/src/core/udp.c.o
                0x1000eb60                udp_sendto_if
 .text.udp_sendto
                0x1000eba8       0x78 CMakeFiles/env_monitor.dir/home/luis-arcos/.pico-sdk/sdk/2.2.0/lib/lwip/src/core/udp.c.o
                0x1000eba8                udp_sendto
 .text.udp_connect
                0x1000ec20       0x60 CMakeFiles/env_monitor.dir/home/luis-arcos/.pico-sdk/sdk/2.2.0/lib/lwip/src/core/udp.c.o
                0x1000ec20                udp_connect
 .text.udp_recv
                0x1000ec80        0xc CMakeFiles/env_monitor.dir/home/luis-arcos/.pico-sdk/sdk/2.2.0/lib/lwip/src/core/udp.c.o
                0x1000ec80                udp_recv
 .text.udp_remove
                0x1000ec8c       0x3c CMakeFiles/env_monitor.dir/home/luis-arcos/.pico-sdk/sdk/2.2.0/lib/lwip/src/core/udp.c.o
                0x1000ec8c                udp_remove
 .text.udp_new  0x1000ecc8       0x1c CMakeFiles/env_monitor.dir/home/luis-arcos/.pico-sdk/sdk/2.2.0/lib/lwip/src/core/udp.c.o
                0x1000ecc8                udp_new
 .text.udp_netif_ip_addr_changed
                0x1000ece4       0x40 CMakeFiles/env_monitor.dir/home/luis-arcos/.pico-sdk/sdk/2.2.0/lib/lwip/src/core/udp.c.o
                0x1000ece4                udp_netif_ip_addr_changed
 .text.dhcp_create_msg
                0x1000ed24      0x164 CMakeFiles/env_monitor.dir/home/luis-arcos/.pico-sdk/sdk/2.2.0/lib/lwip/src/core/ipv4/dhcp.c.o
 .text.dhcp_inc_pcb_refcount
                0x1000ee88       0x6c CMakeFiles/env_monitor.dir/home/luis-arcos/.pico-sdk/sdk/2.2.0/lib/lwip/src/core/ipv4/dhcp.c.o
 .text.dhcp_bind
                0x1000eef4      0x138 CMakeFiles/env_monitor.dir/home/luis-arcos/.pico-sdk/sdk/2.2.0/lib/lwip/src/core/ipv4/dhcp.c.o
 .text.dhcp_option_hostname.isra.0
                0x1000f02c       0x84 CMakeFiles/env_monitor.dir/home/luis-arcos/.pico-sdk/sdk/2.2.0/lib/lwip/src/core/ipv4/dhcp.c.o
 .text.dhcp_handle_ack.isra.0
                0x1000f0b0       0xcc CMakeFiles/env_monitor.dir/home/luis-arcos/.pico-sdk/sdk/2.2.0/lib/lwip/src/core/ipv4/dhcp.c.o
 .text.dhcp_reboot.isra.0
                0x1000f17c      0x178 CMakeFiles/env_monitor.dir/home/luis-arcos/.pico-sdk/sdk/2.2.0/lib/lwip/src/core/ipv4/dhcp.c.o
 .text.dhcp_discover
                0x1000f2f4      0x148 CMakeFiles/env_monitor.dir/home/luis-arcos/.pico-sdk/sdk/2.2.0/lib/lwip/src/core/ipv4/dhcp.c.o
 .text.dhcp_select.isra.0
                0x1000f43c      0x1e0 CMakeFiles/env_monitor.dir/home/luis-arcos/.pico-sdk/sdk/2.2.0/lib/lwip/src/core/ipv4/dhcp.c.o
 .text.dhcp_recv
                0x1000f61c      0x47c CMakeFiles/env_monitor.dir/home/luis-arcos/.pico-sdk/sdk/2.2.0/lib/lwip/src/core/ipv4/dhcp.c.o
 .text.dhcp_set_struct
                0x1000fa98       0x44 CMakeFiles/env_monitor.dir/home/luis-arcos/.pico-sdk/sdk/2.2.0/lib/lwip/src/core/ipv4/dhcp.c.o
                0x1000fa98                dhcp_set_struct
 .text.dhcp_network_changed_link_up
                0x1000fadc       0x40 CMakeFiles/env_monitor.dir/home/luis-arcos/.pico-sdk/sdk/2.2.0/lib/lwip/src/core/ipv4/dhcp.c.o
                0x1000fadc                dhcp_network_changed_link_up
 .text.dhcp_renew
                0x1000fb1c      0x138 CMakeFiles/env_monitor.dir/home/luis-arcos/.pico-sdk/sdk/2.2.0/lib/lwip/src/core/ipv4/dhcp.c.o
                0x1000fb1c                dhcp_renew
 .text.dhcp_release_and_stop
                0x1000fc54      0x158 CMakeFiles/env_monitor.dir/home/luis-arcos/.pico-sdk/sdk/2.2.0/lib/lwip/src/core/ipv4/dhcp.c.o
                0x1000fc54                dhcp_release_and_stop
 .text.dhcp_start
                0x1000fdac       0xb0 CMakeFiles/env_monitor.dir/home/luis-arcos/.pico-sdk/sdk/2.2.0/lib/lwip/src/core/ipv4/dhcp.c.o
                0x1000fdac                dhcp_start
 .text.dhcp_coarse_tmr
                0x1000fe5c      0x1d8 CMakeFiles/env_monitor.dir/home/luis-arcos/.pico-sdk/sdk/2.2.0/lib/lwip/src/core/ipv4/dhcp.c.o
                0x1000fe5c                dhcp_coarse_tmr
 .text.dhcp_fine_tmr
                0x10010034       0x78 CMakeFiles/env_monitor.dir/home/luis-arcos/.pico-sdk/sdk/2.2.0/lib/lwip/src/core/ipv4/dhcp.c.o
                0x10010034                dhcp_fine_tmr
 .text.dhcp_stop
                0x100100ac      0x158 CMakeFiles/env_monitor.dir/home/luis-arcos/.pico-sdk/sdk/2.2.0/lib/lwip/src/core/ipv4/dhcp.c.o
                0x100100ac                dhcp_stop
 .text.etharp_find_entry
                0x10010204      0x3c0 CMakeFiles/env_monitor.dir/home/luis-arcos/.pico-sdk/sdk/2.2.0/lib/lwip/src/core/ipv4/etharp.c.o
 .text.etharp_raw
                0x100105c4       0xec CMakeFiles/env_monitor.dir/home/luis-arcos/.pico-sdk/sdk/2.2.0/lib/lwip/src/core/ipv4/etharp.c.o
 .text.etharp_output_to_arp_index
                0x100106b0       0xd0 CMakeFiles/env_monitor.dir/home/luis-arcos/.pico-sdk/sdk/2.2.0/lib/lwip/src/core/ipv4/etharp.c.o
 .text.etharp_tmr
                0x10010780       0x94 CMakeFiles/env_monitor.dir/home/luis-arcos/.pico-sdk/sdk/2.2.0/lib/lwip/src/core/ipv4/etharp.c.o
                0x10010780                etharp_tmr
 .text.etharp_cleanup_netif
                0x10010814      0x188 CMakeFiles/env_monitor.dir/home/luis-arcos/.pico-sdk/sdk/2.2.0/lib/lwip/src/core/ipv4/etharp.c.o
                0x10010814                etharp_cleanup_netif
 .text.etharp_input
                0x1001099c      0x1b8 CMakeFiles/env_monitor.dir/home/luis-arcos/.pico-sdk/sdk/2.2.0/lib/lwip/src/core/ipv4/etharp.c.o
                0x1001099c                etharp_input
 .text.etharp_query
                0x10010b54      0x1b8 CMakeFiles/env_monitor.dir/home/luis-arcos/.pico-sdk/sdk/2.2.0/lib/lwip/src/core/ipv4/etharp.c.o
                0x10010b54                etharp_query
 .text.etharp_output
                0x10010d0c      0x24c CMakeFiles/env_monitor.dir/home/luis-arcos/.pico-sdk/sdk/2.2.0/lib/lwip/src/core/ipv4/etharp.c.o
                0x10010d0c                etharp_output
 .text.etharp_request
                0x10010f58       0x2c CMakeFiles/env_monitor.dir/home/luis-arcos/.pico-sdk/sdk/2.2.0/lib/lwip/src/core/ipv4/etharp.c.o
                0x10010f58                etharp_request
 .text.icmp_input
                0x10010f84      0x1f0 CMakeFiles/env_monitor.dir/home/luis-arcos/.pico-sdk/sdk/2.2.0/lib/lwip/src/core/ipv4/icmp.c.o
                0x10010f84                icmp_input
 .text.icmp_dest_unreach
                0x10011174       0xcc CMakeFiles/env_monitor.dir/home/luis-arcos/.pico-sdk/sdk/2.2.0/lib/lwip/src/core/ipv4/icmp.c.o
                0x10011174                icmp_dest_unreach
 .text.icmp_time_exceeded