Archive member included to satisfy reference by file (symbol)

/usr/lib/gcc/arm-none-eabi/13.2.1/thumb/v6-m/nofp/libgcc.a(_dvmd_tls.o)
                              CMakeFiles/env_monitor.dir/home/luis-arcos/.pico-sdk/sdk/2.2.0/src/rp2_common/pico_divider/divider_hardware.S.o (__aeabi_idiv0)
/usr/lib/gcc/arm-none-eabi/13.2.1/../../../arm-none-eabi/lib/thumb/v6-m/nofp/libg.a(libc_a-strncmp.o)
                              CMakeFiles/env_monitor.dir/home/luis-arcos/.pico-sdk/sdk/2.2.0/lib/lwip/src/core/def.c.o (strncmp)
/usr/lib/gcc/arm-none-eabi/13.2.1/../../../arm-none-eabi/lib/thumb/v6-m/nofp/libg.a(libc_a-memmove.o)
                              CMakeFiles/env_monitor.dir/home/luis-arcos/.pico-sdk/sdk/2.2.0/lib/lwip/src/core/def.c.o (memmove)
/usr/lib/gcc/arm-none-eabi/13.2.1/../../../arm-none-eabi/lib/thumb/v6-m/nofp/libg.a(libc_a-calloc.o)
                              CMakeFiles/env_monitor.dir/home/luis-arcos/.pico-sdk/sdk/2.2.0/src/rp2_common/pico_malloc/malloc.c.o (calloc)
/usr/lib/gcc/arm-none-eabi/13.2.1/../../../arm-none-eabi/lib/thumb/v6-m/nofp/libg.a(libc_a-impure.o)
                              /usr/lib/gcc/arm-none-eabi/13.2.1/../../../arm-none-eabi/lib/thumb/v6-m/nofp/libg.a(libc_a-calloc.o) (_impure_ptr)
/usr/lib/gcc/arm-none-eabi/13.2.1/../../../arm-none-eabi/lib/thumb/v6-m/nofp/libg.a(libc_a-callocr.o)
                              /usr/lib/gcc/arm-none-eabi/13.2.1/../../../arm-none-eabi/lib/thumb/v6-m/nofp/libg.a(libc_a-calloc.o) (_calloc_r)
/usr/lib/gcc/arm-none-eabi/13.2.1/../../../arm-none-eabi/lib/thumb/v6-m/nofp/libg.a(libc_a-realloc.o)
                              CMakeFiles/env_monitor.dir/home/luis-arcos/.pico-sdk/sdk/2.2.0/src/rp2_common/pico_malloc/malloc.c.o (realloc)
/usr/lib/gcc/arm-none-eabi/13.2.1/../../../arm-none-eabi/lib/thumb/v6-m/nofp/libg.a(libc_a-mallocr.o)
                              /usr/lib/gcc/arm-none-eabi/13.2.1/../../../arm-none-eabi/lib/thumb/v6-m/nofp/libg.a(libc_a-callocr.o) (_malloc_r)
/usr/lib/gcc/arm-none-eabi/13.2.1/../../../arm-none-eabi/lib/thumb/v6-m/nofp/libg.a(libc_a-freer.o)
                              /usr/lib/gcc/arm-none-eabi/13.2.1/../../../arm-none-eabi/lib/thumb/v6-m/nofp/libg.a(libc_a-mallocr.o) (_free_r)
/usr/lib/gcc/arm-none-eabi/13.2.1/../../../arm-none-eabi/lib/thumb/v6-m/nofp/libg.a(libc_a-memcmp.o)
                              CMakeFiles/env_monitor.dir/home/luis-arcos/.pico-sdk/sdk/2.2.0/src/rp2_common/pico_atomic/atomic.c.o (memcmp)
/usr/lib/gcc/arm-none-eabi/13.2.1/../../../arm-none-eabi/lib/thumb/v6-m/nofp/libg.a(libc_a-atoi.o)
                              CMakeFiles/env_monitor.dir/home/luis-arcos/.pico-sdk/sdk/2.2.0/lib/lwip/src/core/netif.c.o (atoi)
/usr/lib/gcc/arm-none-eabi/13.2.1/../../../arm-none-eabi/lib/thumb/v6-m/nofp/libg.a(libc_a-strtol.o)
                              /usr/lib/gcc/arm-none-eabi/13.2.1/../../../arm-none-eabi/lib/thumb/v6-m/nofp/libg.a(libc_a-atoi.o) (_strtol_r)
/usr/lib/gcc/arm-none-eabi/13.2.1/../../../arm-none-eabi/lib/thumb/v6-m/nofp/libg.a(libc_a-malloc.o)
                              CMakeFiles/env_monitor.dir/home/luis-arcos/.pico-sdk/sdk/2.2.0/src/rp2_common/pico_malloc/malloc.c.o (malloc)
/usr/lib/gcc/arm-none-eabi/13.2.1/../../../arm-none-eabi/lib/thumb/v6-m/nofp/libg.a(libc_a-sysconf.o)
                              /usr/lib/gcc/arm-none-eabi/13.2.1/../../../arm-none-eabi/lib/thumb/v6-m/nofp/libg.a(libc_a-mallocr.o) (sysconf)
/usr/lib/gcc/arm-none-eabi/13.2.1/../../../arm-none-eabi/lib/thumb/v6-m/nofp/libg.a(libc_a-init.o)
                              /usr/lib/gcc/arm-none-eabi/13.2.1/../../../arm-none-eabi/lib/thumb/v6-m/nofp/crt0.o (__libc_init_array)
/usr/lib/gcc/arm-none-eabi/13.2.1/../../../arm-none-eabi/lib/thumb/v6-m/nofp/libg.a(libc_a-reallocr.o)
                              /usr/lib/gcc/arm-none-eabi/13.2.1/../../../arm-none-eabi/lib/thumb/v6-m/nofp/libg.a(libc_a-realloc.o) (_realloc_r)
/usr/lib/gcc/arm-none-eabi/13.2.1/../../../arm-none-eabi/lib/thumb/v6-m/nofp/libg.a(libc_a-mktime.o)
                              CMakeFiles/env_monitor.dir/home/luis-arcos/.pico-sdk/sdk/2.2.0/src/common/pico_util/datetime.c.o (mktime)
/usr/lib/gcc/arm-none-eabi/13.2.1/../../../arm-none-eabi/lib/thumb/v6-m/nofp/libg.a(libc_a-mlock.o)
                              /usr/lib/gcc/arm-none-eabi/13.2.1/../../../arm-none-eabi/lib/thumb/v6-m/nofp/libg.a(libc_a-mallocr.o) (__malloc_lock)
/usr/lib/gcc/arm-none-eabi/13.2.1/../../../arm-none-eabi/lib/thumb/v6-m/nofp/libg.a(libc_a-findfp.o)
                              /usr/lib/gcc/arm-none-eabi/13.2.1/../../../arm-none-eabi/lib/thumb/v6-m/nofp/libg.a(libc_a-impure.o) (__sf)
/usr/lib/gcc/arm-none-eabi/13.2.1/../../../arm-none-eabi/lib/thumb/v6-m/nofp/libg.a(libc_a-tzlock.o)
                              /usr/lib/gcc/arm-none-eabi/13.2.1/../../../arm-none-eabi/lib/thumb/v6-m/nofp/libg.a(libc_a-mktime.o) (__tz_lock)
/usr/lib/gcc/arm-none-eabi/13.2.1/../../../arm-none-eabi/lib/thumb/v6-m/nofp/libg.a(libc_a-ctype_.o)
[...]
Memory Configuration

Name             Origin             Length             Attributes
FLASH            0x10000000         0x00200000         xr
RAM              0x20000000         0x00040000         xrw
SCRATCH_X        0x20040000         0x00001000         xrw
SCRATCH_Y        0x20041000         0x00001000         xrw
*default*        0x00000000         0xffffffff

Linker script and memory map

LOAD /usr/lib/gcc/arm-none-eabi/13.2.1/thumb/v6-m/nofp/crti.o
LOAD /usr/lib/gcc/arm-none-eabi/13.2.1/thumb/v6-m/nofp/crtbegin.o
LOAD /usr/lib/gcc/arm-none-eabi/13.2.1/../../../arm-none-eabi/lib/thumb/v6-m/nofp/crt0.o

.flash_begin    0x10000000        0x0
                0x10000000                        __flash_binary_start = .

.boot2          0x10000000      0x100
                0x10000000                        __boot2_start__ = .
 *(.boot2)
 .boot2         0x10000000      0x100 pico-sdk/src/rp2040/boot_stage2/CMakeFiles/bs2_default_library.dir/bs2_default_padded_checksummed.S.o
                0x10000100                        __boot2_end__ = .
                0x00000001                        ASSERT (((__boot2_end__ - __boot2_start__) == 0x100), ERROR: Pico second stage bootloader must be 256 bytes in size)

.text           0x10000100    0x18700
                0x10000100                        __logical_binary_start = .
 *(.vectors)
 .vectors       0x10000100       0xd4 CMakeFiles/env_monitor.dir/home/luis-arcos/.pico-sdk/sdk/2.2.0/src/rp2_common/pico_crt0/crt0.S.o
                0x10000100                __vectors
                0x10000100                __VECTOR_TABLE
                0x100001c0                isr_irq30
                0x100001c0                __unhandled_user_irq
                0x100001c0                isr_irq13
                0x100001c0                isr_irq27
                0x100001c0                isr_irq31
                0x100001c0                isr_irq5
                0x100001c0                isr_irq11
                0x100001c0                isr_irq23
                0x100001c0                isr_irq18
                0x100001c0                isr_irq28
                0x100001c0                isr_irq19
                0x100001c0                isr_irq0
                0x100001c0                isr_irq6
                0x100001c0                isr_irq22
                0x100001c0                isr_irq17
                0x100001c0                isr_irq14
                0x100001c0                __vectors_end
                0x100001c0                __default_isrs_start
                0x100001c0                isr_irq2
                0x100001c0                isr_irq10
                0x100001c0                isr_irq8
                0x100001c0                isr_irq24
                0x100001c0                isr_irq1
                0x100001c0                isr_irq7
                0x100001c0                isr_irq21
                0x100001c0                isr_irq20
                0x100001c0                isr_irq15
                0x100001c0                isr_irq25
                0x100001c0                isr_irq4
                0x100001c0                isr_irq16
                0x100001c0                isr_irq29
                0x100001c0                isr_irq26
                0x100001c0                isr_irq3
                0x100001c0                isr_irq12
                0x100001c0                isr_irq9
                0x100001c6                unhandled_user_irq_num_in_r0
                0x100001c8                isr_invalid
                0x100001ca                isr_nmi
                0x100001cc                isr_hardfault
                0x100001ce                isr_svcall
                0x100001d0                isr_pendsv
                0x100001d2                isr_systick
                0x100001d4                __default_isrs_end
 *(.binary_info_header)
 .binary_info_header
                0x100001d4       0x14 CMakeFiles/env_monitor.dir/home/luis-arcos/.pico-sdk/sdk/2.2.0/src/rp2_common/pico_crt0/crt0.S.o
                0x100001e8                        __binary_info_header_end = .
 *(.embedded_block)
                0x100001e8                        __embedded_block_end = .
 *(.reset)
 .reset         0x100001e8       0x9c CMakeFiles/env_monitor.dir/home/luis-arcos/.pico-sdk/sdk/2.2.0/src/rp2_common/pico_crt0/crt0.S.o
                0x100001e8                _entry_point
 *(.init)
 .init          0x10000284        0x4 /usr/lib/gcc/arm-none-eabi/13.2.1/thumb/v6-m/nofp/crti.o
                0x10000284                _init
 *(EXCLUDE_FILE(*libm.a: *libc.a:*lib_a-mem*.o *libgcc.a:) .text*)
 .text          0x10000288       0x98 /usr/lib/gcc/arm-none-eabi/13.2.1/thumb/v6-m/nofp/crtbegin.o
 .text.startup.main
                0x10000320      0x510 CMakeFiles/env_monitor.dir/src/main.c.o
                0x10000320                main
 .text.wifi_init_and_connect
                0x10000830       0x68 CMakeFiles/env_monitor.dir/src/wifi.c.o
                0x10000830                wifi_init_and_connect
 .text.wifi_reconnect
                0x10000898       0x60 CMakeFiles/env_monitor.dir/src/wifi.c.o
                0x10000898                wifi_reconnect
 .text.wifi_is_connected
                0x100008f8       0x14 CMakeFiles/env_monitor.dir/src/wifi.c.o
                0x100008f8                wifi_is_connected
 .text.on_sent  0x1000090c        0x4 CMakeFiles/env_monitor.dir/src/http_post.c.o
 .text.on_connected
                0x10000910       0x30 CMakeFiles/env_monitor.dir/src/http_post.c.o
 .text.on_recv  0x10000940       0x44 CMakeFiles/env_monitor.dir/src/http_post.c.o
 .text.http_post_text
                0x10000984      0x2c0 CMakeFiles/env_monitor.dir/src/http_post.c.o
                0x10000984                http_post_text
 .text.dht11_init
                0x10000c44        0xc CMakeFiles/env_monitor.dir/src/dht11.c.o
                0x10000c44                dht11_init
 .text.dht11_read
                0x10000c50      0x1cc CMakeFiles/env_monitor.dir/src/dht11.c.o
                0x10000c50                dht11_read
 .text.mics6814_init
                0x10000e1c       0x74 CMakeFiles/env_monitor.dir/src/mics6814.c.o
                0x10000e1c                mics6814_init
 .text.mics6814_read
                0x10000e90      0x134 CMakeFiles/env_monitor.dir/src/mics6814.c.o
                0x10000e90                mics6814_read
 .text.mics6814_raw_to_volts
                0x10000fc4       0x1c CMakeFiles/env_monitor.dir/src/mics6814.c.o
                0x10000fc4                mics6814_raw_to_volts
 .text.oled_init_display
                0x10000fe0       0x20 CMakeFiles/env_monitor.dir/src/oled.c.o
                0x10000fe0                oled_init_display
 .text.draw_wifi_icon
                0x10001000      0x12c CMakeFiles/env_monitor.dir/src/oled.c.o
                0x10001000                draw_wifi_icon
 .text.draw_status_bar
                0x1000112c       0xa4 CMakeFiles/env_monitor.dir/src/oled.c.o
                0x1000112c                draw_status_bar
 .text.oled_debug_mark
                0x100011d0       0x40 CMakeFiles/env_monitor.dir/src/oled.c.o
                0x100011d0                oled_debug_mark
 .text.debug_phase_str
                0x10001210       0x18 CMakeFiles/env_monitor.dir/src/debug_state.c.o
                0x10001210                debug_phase_str
 .text.ssd1306_draw_char_with_font.part.0
                0x10001228      0x160 CMakeFiles/env_monitor.dir/home/luis-arcos/Documents/pico-ssd1306/ssd1306.c.o
 .text.ssd1306_init
                0x10001388      0x144 CMakeFiles/env_monitor.dir/home/luis-arcos/Documents/pico-ssd1306/ssd1306.c.o
                0x10001388                ssd1306_init
 .text.ssd1306_clear
                0x100014cc       0x10 CMakeFiles/env_monitor.dir/home/luis-arcos/Documents/pico-ssd1306/ssd1306.c.o
                0x100014cc                ssd1306_clear
 .text.ssd1306_draw_pixel
                0x100014dc       0x28 CMakeFiles/env_monitor.dir/home/luis-arcos/Documents/pico-ssd1306/ssd1306.c.o
                0x100014dc                ssd1306_draw_pixel
 .text.ssd1306_draw_line
                0x10001504       0xd4 CMakeFiles/env_monitor.dir/home/luis-arcos/Documents/pico-ssd1306/ssd1306.c.o
                0x10001504                ssd1306_draw_line
 .text.ssd1306_draw_square
                0x100015d8       0x70 CMakeFiles/env_monitor.dir/home/luis-arcos/Documents/pico-ssd1306/ssd1306.c.o
                0x100015d8                ssd1306_draw_square
 .text.ssd1306_draw_empty_square
                0x10001648       0x58 CMakeFiles/env_monitor.dir/home/luis-arcos/Documents/pico-ssd1306/ssd1306.c.o
                0x10001648                ssd1306_draw_empty_square
 .text.ssd1306_draw_string
                0x100016a0       0x68 CMakeFiles/env_monitor.dir/home/luis-arcos/Documents/pico-ssd1306/ssd1306.c.o
                0x100016a0                ssd1306_draw_string
 .text.ssd1306_show
                0x10001708       0xd0 CMakeFiles/env_monitor.dir/home/luis-arcos/Documents/pico-ssd1306/ssd1306.c.o
                0x10001708                ssd1306_show
 .text.gpio_set_function
                0x100017d8       0x34 CMakeFiles/env_monitor.dir/home/luis-arcos/.pico-sdk/sdk/2.2.0/src/rp2_common/hardware_gpio/gpio.c.o
                0x100017d8                gpio_set_function
 .text.gpio_set_pulls
                0x1000180c       0x28 CMakeFiles/env_monitor.dir/home/luis-arcos/.pico-sdk/sdk/2.2.0/src/rp2_common/hardware_gpio/gpio.c.o
                0x1000180c                gpio_set_pulls
 .text.gpio_set_input_hysteresis_enabled
                0x10001834       0x28 CMakeFiles/env_monitor.dir/home/luis-arcos/.pico-sdk/sdk/2.2.0/src/rp2_common/hardware_gpio/gpio.c.o
                0x10001834                gpio_set_input_hysteresis_enabled
 .text.gpio_set_irq_enabled
                0x1000185c       0x58 CMakeFiles/env_monitor.dir/home/luis-arcos/.pico-sdk/sdk/2.2.0/src/rp2_common/hardware_gpio/gpio.c.o
                0x1000185c                gpio_set_irq_enabled
 .text.gpio_add_raw_irq_handler_with_order_priority_masked
                0x100018b4       0x44 CMakeFiles/env_monitor.dir/home/luis-arcos/.pico-sdk/sdk/2.2.0/src/rp2_common/hardware_gpio/gpio.c.o
                0x100018b4                gpio_add_raw_irq_handler_with_order_priority_masked
 .text.gpio_remove_raw_irq_handler_masked
                0x100018f8       0x20 CMakeFiles/env_monitor.dir/home/luis-arcos/.pico-sdk/sdk/2.2.0/src/rp2_common/hardware_gpio/gpio.c.o
                0x100018f8                gpio_remove_raw_irq_handler_masked
 .text.gpio_set_input_enabled
                0x10001918       0x28 CMakeFiles/env_monitor.dir/home/luis-arcos/.pico-sdk/sdk/2.2.0/src/rp2_common/hardware_gpio/gpio.c.o
                0x10001918                gpio_set_input_enabled
 .text.gpio_init
                0x10001940       0x40 CMakeFiles/env_monitor.dir/home/luis-arcos/.pico-sdk/sdk/2.2.0/src/rp2_common/hardware_gpio/gpio.c.o
                0x10001940                gpio_init
 .text.rp2040_chip_version
                0x10001980        0xc CMakeFiles/env_monitor.dir/home/luis-arcos/.pico-sdk/sdk/2.2.0/src/rp2040/pico_platform/platform.c.o
                0x10001980                rp2040_chip_version
 .text.panic    0x1000198c       0x30 CMakeFiles/env_monitor.dir/home/luis-arcos/.pico-sdk/sdk/2.2.0/src/rp2_common/pico_platform_panic/panic.c.o
                0x1000198c                panic
 .text.hw_claim_lock
                0x100019bc       0x18 CMakeFiles/env_monitor.dir/home/luis-arcos/.pico-sdk/sdk/2.2.0/src/common/hardware_claim/claim.c.o
                0x100019bc                hw_claim_lock
 .text.hw_claim_unlock
                0x100019d4       0x14 CMakeFiles/env_monitor.dir/home/luis-arcos/.pico-sdk/sdk/2.2.0/src/common/hardware_claim/claim.c.o
                0x100019d4                hw_claim_unlock
 .text.hw_claim_or_assert
                0x100019e8       0x44 CMakeFiles/env_monitor.dir/home/luis-arcos/.pico-sdk/sdk/2.2.0/src/common/hardware_claim/claim.c.o
                0x100019e8                hw_claim_or_assert
 .text.hw_claim_unused_from_range
                0x10001a2c       0x9c CMakeFiles/env_monitor.dir/home/luis-arcos/.pico-sdk/sdk/2.2.0/src/common/hardware_claim/claim.c.o
                0x10001a2c                hw_claim_unused_from_range
 .text.hw_claim_clear
                0x10001ac8       0x38 CMakeFiles/env_monitor.dir/home/luis-arcos/.pico-sdk/sdk/2.2.0/src/common/hardware_claim/claim.c.o
                0x10001ac8                hw_claim_clear
 .text.next_striped_spin_lock_num
                0x10001b00       0x18 CMakeFiles/env_monitor.dir/home/luis-arcos/.pico-sdk/sdk/2.2.0/src/rp2_common/hardware_sync/sync.c.o
                0x10001b00                next_striped_spin_lock_num
 .text.spin_lock_claim_unused
                0x10001b18       0x24 CMakeFiles/env_monitor.dir/home/luis-arcos/.pico-sdk/sdk/2.2.0/src/rp2_common/hardware_sync/sync.c.o
                0x10001b18                spin_lock_claim_unused
 .text.spin_locks_reset
                0x10001b3c       0x1c CMakeFiles/env_monitor.dir/home/luis-arcos/.pico-sdk/sdk/2.2.0/src/rp2_common/hardware_sync_spin_lock/sync_spin_lock.c.o
                0x10001b3c                spin_locks_reset
 .text.runtime_init_per_core_irq_priorities
                0x10001b58       0x24 CMakeFiles/env_monitor.dir/home/luis-arcos/.pico-sdk/sdk/2.2.0/src/rp2_common/hardware_irq/irq.c.o
                0x10001b58                runtime_init_per_core_irq_priorities
 .text.irq_set_enabled
                0x10001b7c       0x24 CMakeFiles/env_monitor.dir/home/luis-arcos/.pico-sdk/sdk/2.2.0/src/rp2_common/hardware_irq/irq.c.o
                0x10001b7c                irq_set_enabled
 .text.irq_is_enabled
                0x10001ba0       0x18 CMakeFiles/env_monitor.dir/home/luis-arcos/.pico-sdk/sdk/2.2.0/src/rp2_common/hardware_irq/irq.c.o
                0x10001ba0                irq_is_enabled
 .text.irq_set_pending
                0x10001bb8       0x10 CMakeFiles/env_monitor.dir/home/luis-arcos/.pico-sdk/sdk/2.2.0/src/rp2_common/hardware_irq/irq.c.o
                0x10001bb8                irq_set_pending
 .text.irq_has_shared_handler
                0x10001bc8       0x24 CMakeFiles/env_monitor.dir/home/luis-arcos/.pico-sdk/sdk/2.2.0/src/rp2_common/hardware_irq/irq.c.o
                0x10001bc8                irq_has_shared_handler
 .text.irq_set_exclusive_handler
                0x10001bec       0x54 CMakeFiles/env_monitor.dir/home/luis-arcos/.pico-sdk/sdk/2.2.0/src/rp2_common/hardware_irq/irq.c.o
                0x10001bec                irq_set_exclusive_handler
 .text.irq_add_shared_handler
                0x10001c40      0x1f4 CMakeFiles/env_monitor.dir/home/luis-arcos/.pico-sdk/sdk/2.2.0/src/rp2_common/hardware_irq/irq.c.o
                0x10001c40                irq_add_shared_handler
 .text.irq_remove_handler
                0x10001e34      0x1d4 CMakeFiles/env_monitor.dir/home/luis-arcos/.pico-sdk/sdk/2.2.0/src/rp2_common/hardware_irq/irq.c.o
                0x10001e34                irq_remove_handler
 .text.irq_set_priority
                0x10002008       0x28 CMakeFiles/env_monitor.dir/home/luis-arcos/.pico-sdk/sdk/2.2.0/src/rp2_common/hardware_irq/irq.c.o
                0x10002008                irq_set_priority
 .text.irq_add_tail_to_free_list
                0x10002030       0xb4 CMakeFiles/env_monitor.dir/home/luis-arcos/.pico-sdk/sdk/2.2.0/src/rp2_common/hardware_irq/irq.c.o
                0x10002030                irq_add_tail_to_free_list
 .text.user_irq_unclaim
                0x100020e4       0x14 CMakeFiles/env_monitor.dir/home/luis-arcos/.pico-sdk/sdk/2.2.0/src/rp2_common/hardware_irq/irq.c.o
                0x100020e4                user_irq_unclaim
 .text.user_irq_claim_unused
                0x100020f8       0x2c CMakeFiles/env_monitor.dir/home/luis-arcos/.pico-sdk/sdk/2.2.0/src/rp2_common/hardware_irq/irq.c.o
                0x100020f8                user_irq_claim_unused
 .text.sem_init
                0x10002124       0x20 CMakeFiles/env_monitor.dir/home/luis-arcos/.pico-sdk/sdk/2.2.0/src/common/pico_sync/sem.c.o
                0x10002124                sem_init
 .text.lock_init
                0x10002144       0x10 CMakeFiles/env_monitor.dir/home/luis-arcos/.pico-sdk/sdk/2.2.0/src/common/pico_sync/lock_core.c.o
                0x10002144                lock_init
 .text.runtime_init_mutex
                0x10002154       0x50 CMakeFiles/env_monitor.dir/home/luis-arcos/.pico-sdk/sdk/2.2.0/src/common/pico_sync/mutex.c.o
                0x10002154                runtime_init_mutex
 .text.mutex_init
                0x100021a4       0x1c CMakeFiles/env_monitor.dir/home/luis-arcos/.pico-sdk/sdk/2.2.0/src/common/pico_sync/mutex.c.o
                0x100021a4                mutex_init
 .text.recursive_mutex_init
                0x100021c0       0x1c CMakeFiles/env_monitor.dir/home/luis-arcos/.pico-sdk/sdk/2.2.0/src/common/pico_sync/mutex.c.o
                0x100021c0                recursive_mutex_init
 .text.critical_section_init
                0x100021dc       0x1c CMakeFiles/env_monitor.dir/home/luis-arcos/.pico-sdk/sdk/2.2.0/src/common/pico_sync/critical_section.c.o
                0x100021dc                critical_section_init
 .text.critical_section_init_with_lock_num
                0x100021f8       0x14 CMakeFiles/env_monitor.dir/home/luis-arcos/.pico-sdk/sdk/2.2.0/src/common/pico_sync/critical_section.c.o
                0x100021f8                critical_section_init_with_lock_num
 .text.sleep_until_callback
                0x1000220c       0x30 CMakeFiles/env_monitor.dir/home/luis-arcos/.pico-sdk/sdk/2.2.0/src/common/pico_time/time.c.o
 .text.alarm_pool_irq_handler
                0x1000223c      0x2fc CMakeFiles/env_monitor.dir/home/luis-arcos/.pico-sdk/sdk/2.2.0/src/common/pico_time/time.c.o
 .text.runtime_init_default_alarm_pool
                0x10002538       0xdc CMakeFiles/env_monitor.dir/home/luis-arcos/.pico-sdk/sdk/2.2.0/src/common/pico_time/time.c.o
                0x10002538                runtime_init_default_alarm_pool
 .text.alarm_pool_get_default
                0x10002614        0x8 CMakeFiles/env_monitor.dir/home/luis-arcos/.pico-sdk/sdk/2.2.0/src/common/pico_time/time.c.o
                0x10002614                alarm_pool_get_default
 .text.alarm_pool_add_alarm_at
                0x1000261c       0xd4 CMakeFiles/env_monitor.dir/home/luis-arcos/.pico-sdk/sdk/2.2.0/src/common/pico_time/time.c.o
                0x1000261c                alarm_pool_add_alarm_at
 .text.alarm_pool_add_alarm_at_force_in_context
                0x100026f0       0xb0 CMakeFiles/env_monitor.dir/home/luis-arcos/.pico-sdk/sdk/2.2.0/src/common/pico_time/time.c.o
                0x100026f0                alarm_pool_add_alarm_at_force_in_context
 .text.alarm_pool_cancel_alarm
                0x100027a0       0x74 CMakeFiles/env_monitor.dir/home/luis-arcos/.pico-sdk/sdk/2.2.0/src/common/pico_time/time.c.o
                0x100027a0                alarm_pool_cancel_alarm
 .text.alarm_pool_core_num
                0x10002814        0x4 CMakeFiles/env_monitor.dir/home/luis-arcos/.pico-sdk/sdk/2.2.0/src/common/pico_time/time.c.o
                0x10002814                alarm_pool_core_num
 .text.sleep_until
                0x10002818       0xd8 CMakeFiles/env_monitor.dir/home/luis-arcos/.pico-sdk/sdk/2.2.0/src/common/pico_time/time.c.o
                0x10002818                sleep_until
 .text.sleep_us
                0x100028f0       0x28 CMakeFiles/env_monitor.dir/home/luis-arcos/.pico-sdk/sdk/2.2.0/src/common/pico_time/time.c.o
                0x100028f0                sleep_us
 .text.sleep_ms
                0x10002918       0x38 CMakeFiles/env_monitor.dir/home/luis-arcos/.pico-sdk/sdk/2.2.0/src/common/pico_time/time.c.o
                0x10002918                sleep_ms
 .text.best_effort_wfe_or_timeout
                0x10002950       0xf8 CMakeFiles/env_monitor.dir/home/luis-arcos/.pico-sdk/sdk/2.2.0/src/common/pico_time/time.c.o
                0x10002950                best_effort_wfe_or_timeout
 .text.timer_hardware_alarm_claim
                0x10002a48       0x14 CMakeFiles/env_monitor.dir/home/luis-arcos/.pico-sdk/sdk/2.2.0/src/rp2_common/hardware_timer/timer.c.o
                0x10002a48                timer_hardware_alarm_claim
 .text.timer_time_us_64
                0x10002a5c       0x10 CMakeFiles/env_monitor.dir/home/luis-arcos/.pico-sdk/sdk/2.2.0/src/rp2_common/hardware_timer/timer.c.o
                0x10002a5c                timer_time_us_64
 .text.time_us_64
                0x10002a6c       0x14 CMakeFiles/env_monitor.dir/home/luis-arcos/.pico-sdk/sdk/2.2.0/src/rp2_common/hardware_timer/timer.c.o
                0x10002a6c                time_us_64
 .text.busy_wait_until
                0x10002a80       0x20 CMakeFiles/env_monitor.dir/home/luis-arcos/.pico-sdk/sdk/2.2.0/src/rp2_common/hardware_timer/timer.c.o
                0x10002a80                busy_wait_until
 .text.clock_configure_int_divider
                0x10002aa0       0xf4 CMakeFiles/env_monitor.dir/home/luis-arcos/.pico-sdk/sdk/2.2.0/src/rp2_common/hardware_clocks/clocks.c.o
                0x10002aa0                clock_configure_int_divider
 .text.clock_configure_undivided
                0x10002b94       0xe8 CMakeFiles/env_monitor.dir/home/luis-arcos/.pico-sdk/sdk/2.2.0/src/rp2_common/hardware_clocks/clocks.c.o
                0x10002b94                clock_configure_undivided
 .text.clock_get_hz
                0x10002c7c        0xc CMakeFiles/env_monitor.dir/home/luis-arcos/.pico-sdk/sdk/2.2.0/src/rp2_common/hardware_clocks/clocks.c.o
                0x10002c7c                clock_get_hz
 .text.pll_init
                0x10002c88       0xa4 CMakeFiles/env_monitor.dir/home/luis-arcos/.pico-sdk/sdk/2.2.0/src/rp2_common/hardware_pll/pll.c.o
                0x10002c88                pll_init
 .text.watchdog_reboot
                0x10002d2c       0x9c CMakeFiles/env_monitor.dir/home/luis-arcos/.pico-sdk/sdk/2.2.0/src/rp2_common/hardware_watchdog/watchdog.c.o
                0x10002d2c                watchdog_reboot
 .text.tick_start
                0x10002dc8       0x10 CMakeFiles/env_monitor.dir/home/luis-arcos/.pico-sdk/sdk/2.2.0/src/rp2_common/hardware_ticks/ticks.c.o
                0x10002dc8                tick_start
 .text.rom_func_lookup
                0x10002dd8       0x10 CMakeFiles/env_monitor.dir/home/luis-arcos/.pico-sdk/sdk/2.2.0/src/rp2_common/pico_bootrom/bootrom.c.o
                0x10002dd8                rom_func_lookup
 .text.rom_data_lookup
                0x10002de8       0x10 CMakeFiles/env_monitor.dir/home/luis-arcos/.pico-sdk/sdk/2.2.0/src/rp2_common/pico_bootrom/bootrom.c.o
                0x10002de8                rom_data_lookup
 .text.rom_funcs_lookup
                0x10002df8       0x44 CMakeFiles/env_monitor.dir/home/luis-arcos/.pico-sdk/sdk/2.2.0/src/rp2_common/pico_bootrom/bootrom.c.o
                0x10002df8                rom_funcs_lookup
 .text.rom_reset_usb_boot_extra
                0x10002e3c       0x28 CMakeFiles/env_monitor.dir/home/luis-arcos/.pico-sdk/sdk/2.2.0/src/rp2_common/pico_bootrom/bootrom.c.o
                0x10002e3c                rom_reset_usb_boot_extra
 .text.xosc_init
                0x10002e64       0x28 CMakeFiles/env_monitor.dir/home/luis-arcos/.pico-sdk/sdk/2.2.0/src/rp2_common/hardware_xosc/xosc.c.o
                0x10002e64                xosc_init
 .text.first_per_core_initializer
                0x10002e8c        0x4 CMakeFiles/env_monitor.dir/home/luis-arcos/.pico-sdk/sdk/2.2.0/src/rp2_common/pico_runtime/runtime.c.o
 .text.hard_assertion_failure
                0x10002e90        0xc CMakeFiles/env_monitor.dir/home/luis-arcos/.pico-sdk/sdk/2.2.0/src/rp2_common/pico_runtime/runtime.c.o
                0x10002e90                hard_assertion_failure
 .text.runtime_run_initializers
                0x10002e9c       0x28 CMakeFiles/env_monitor.dir/home/luis-arcos/.pico-sdk/sdk/2.2.0/src/rp2_common/pico_runtime/runtime.c.o
                0x10002e9c                runtime_run_initializers
 .text.runtime_init_early_resets
                0x10002ec4       0x2c CMakeFiles/env_monitor.dir/home/luis-arcos/.pico-sdk/sdk/2.2.0/src/rp2_common/pico_runtime_init/runtime_init.c.o
                0x10002ec4                runtime_init_early_resets
 .text.runtime_init_usb_power_down
                0x10002ef0       0x1c CMakeFiles/env_monitor.dir/home/luis-arcos/.pico-sdk/sdk/2.2.0/src/rp2_common/pico_runtime_init/runtime_init.c.o
                0x10002ef0                runtime_init_usb_power_down
 .text.runtime_init_post_clock_resets
                0x10002f0c       0x20 CMakeFiles/env_monitor.dir/home/luis-arcos/.pico-sdk/sdk/2.2.0/src/rp2_common/pico_runtime_init/runtime_init.c.o
                0x10002f0c                runtime_init_post_clock_resets
 .text.runtime_init_rp2040_gpio_ie_disable
                0x10002f2c       0x14 CMakeFiles/env_monitor.dir/home/luis-arcos/.pico-sdk/sdk/2.2.0/src/rp2_common/pico_runtime_init/runtime_init.c.o
                0x10002f2c                runtime_init_rp2040_gpio_ie_disable
 .text.runtime_init_spin_locks_reset
                0x10002f40        0x8 CMakeFiles/env_monitor.dir/home/luis-arcos/.pico-sdk/sdk/2.2.0/src/rp2_common/pico_runtime_init/runtime_init.c.o
                0x10002f40                runtime_init_spin_locks_reset
 .text.runtime_init_install_ram_vector_table
                0x10002f48       0xb4 CMakeFiles/env_monitor.dir/home/luis-arcos/.pico-sdk/sdk/2.2.0/src/rp2_common/pico_runtime_init/runtime_init.c.o
                0x10002f48                runtime_init_install_ram_vector_table
 .text.runtime_init_clocks
                0x10002ffc       0xd8 CMakeFiles/env_monitor.dir/home/luis-arcos/.pico-sdk/sdk/2.2.0/src/rp2_common/pico_runtime_init/runtime_init_clocks.c.o
                0x10002ffc                runtime_init_clocks
 .text          0x100030d4       0x10 CMakeFiles/env_monitor.dir/home/luis-arcos/.pico-sdk/sdk/2.2.0/src/rp2_common/pico_bit_ops/bit_ops_aeabi.S.o
 .text.ctzsi    0x100030e4        0xc CMakeFiles/env_monitor.dir/home/luis-arcos/.pico-sdk/sdk/2.2.0/src/rp2_common/pico_bit_ops/bit_ops_aeabi.S.o
                0x100030e4                __wrap___ctzsi2
 .text.__wrap___aeabi_idiv
                0x100030f0       0x50 CMakeFiles/env_monitor.dir/home/luis-arcos/.pico-sdk/sdk/2.2.0/src/rp2_common/pico_divider/divider_hardware.S.o
                0x100030f0                __wrap___aeabi_idivmod
                0x100030f0                divmod_s32s32
                0x100030f0                div_s32s32
                0x100030f0                __wrap___aeabi_idiv
                0x100030f8                divmod_s32s32_unsafe
                0x10003124                divmod_s32s32_savestate
 .text.__wrap___aeabi_uidiv
                0x10003140       0x4c CMakeFiles/env_monitor.dir/home/luis-arcos/.pico-sdk/sdk/2.2.0/src/rp2_common/pico_divider/divider_hardware.S.o
                0x10003140                __wrap___aeabi_uidiv
                0x10003140                __wrap___aeabi_uidivmod
                0x10003140                div_u32u32
                0x10003140                divmod_u32u32
                0x10003148                divmod_u32u32_unsafe
                0x10003170                divmod_u32u32_savestate
 .text.__wrap___aeabi_ldiv
                0x1000318c      0x424 CMakeFiles/env_monitor.dir/home/luis-arcos/.pico-sdk/sdk/2.2.0/src/rp2_common/pico_divider/divider_hardware.S.o
                0x1000318c                div_s64s64
                0x1000318c                divmod_s64s64
                0x1000318c                __wrap___aeabi_ldivmod
                0x100031bc                div_u64u64
                0x100031bc                divmod_u64u64
                0x100031bc                __wrap___aeabi_uldivmod
                0x100031cc                divmod_u64u64_savestate
                0x100031ec                divmod_s64s64_unsafe
                0x10003274                divmod_u64u64_unsafe
 .text.__wrap___aeabi_darithmetic
                0x100035b0       0x60 CMakeFiles/env_monitor.dir/home/luis-arcos/.pico-sdk/sdk/2.2.0/src/rp2_common/pico_double/double_aeabi_rp2040.S.o
                0x100035b0                __wrap___aeabi_drsub
                0x100035b6                __wrap___aeabi_dsub
                0x100035c0                __wrap___aeabi_dadd
                0x100035ca                __wrap___aeabi_ddiv
                0x100035fe                __wrap___aeabi_dmul
 .text.__wrap___aeabi_cdcmple
                0x10003610       0x6c CMakeFiles/env_monitor.dir/home/luis-arcos/.pico-sdk/sdk/2.2.0/src/rp2_common/pico_double/double_aeabi_rp2040.S.o
                0x10003610                __wrap___aeabi_cdrcmple
                0x10003620                __wrap___aeabi_cdcmple
                0x10003620                __wrap___aeabi_cdcmpeq
 .text.__wrap___aeabi_dcmplt
                0x1000367c        0xc CMakeFiles/env_monitor.dir/home/luis-arcos/.pico-sdk/sdk/2.2.0/src/rp2_common/pico_double/double_aeabi_rp2040.S.o
                0x1000367c                __wrap___aeabi_dcmplt
 .text.__wrap___aeabi_dcmpge
                0x10003688       0x10 CMakeFiles/env_monitor.dir/home/luis-arcos/.pico-sdk/sdk/2.2.0/src/rp2_common/pico_double/double_aeabi_rp2040.S.o
                0x10003688                __wrap___aeabi_dcmpge
 .text.__wrap___aeabi_dcmpgt
                0x10003698        0xa CMakeFiles/env_monitor.dir/home/luis-arcos/.pico-sdk/sdk/2.2.0/src/rp2_common/pico_double/double_aeabi_rp2040.S.o
                0x10003698                __wrap___aeabi_dcmpgt
 .text.__wrap___aeabi_dcmpun
                0x100036a2       0x18 CMakeFiles/env_monitor.dir/home/luis-arcos/.pico-sdk/sdk/2.2.0/src/rp2_common/pico_double/double_aeabi_rp2040.S.o
                0x100036a2                __wrap___aeabi_dcmpun
 *fill*         0x100036ba        0x2 
 .text.__wrap___aeabi_i2d
                0x100036bc       0x38 CMakeFiles/env_monitor.dir/home/luis-arcos/.pico-sdk/sdk/2.2.0/src/rp2_common/pico_double/double_aeabi_rp2040.S.o
                0x100036bc                __wrap___aeabi_ui2d
                0x100036bc                uint2double
                0x100036c4                __wrap___aeabi_i2d
                0x100036c4                int2double
 .text.__wrap___aeabi_d2iz
                0x100036f4       0x48 CMakeFiles/env_monitor.dir/home/luis-arcos/.pico-sdk/sdk/2.2.0/src/rp2_common/pico_double/double_aeabi_rp2040.S.o
                0x100036f4                __wrap___aeabi_d2iz
                0x100036f4                double2int_z
 .text.__wrap___aeabi_d2uiz
                0x1000373c       0x10 CMakeFiles/env_monitor.dir/home/luis-arcos/.pico-sdk/sdk/2.2.0/src/rp2_common/pico_double/double_aeabi_rp2040.S.o
                0x1000373c                double2uint_z
                0x1000373c                double2uint
                0x1000373c                __wrap___aeabi_d2uiz
 .text.missing_double_func_shim
                0x1000374c        0xc CMakeFiles/env_monitor.dir/home/luis-arcos/.pico-sdk/sdk/2.2.0/src/rp2_common/pico_double/double_init_rom_rp2040.c.o
 .text.__aeabi_double_init
                0x10003758       0xa0 CMakeFiles/env_monitor.dir/home/luis-arcos/.pico-sdk/sdk/2.2.0/src/rp2_common/pico_double/double_init_rom_rp2040.c.o
                0x10003758                __aeabi_double_init
 .text.double_table_shim_on_use_helper
                0x100037f8       0x2c CMakeFiles/env_monitor.dir/home/luis-arcos/.pico-sdk/sdk/2.2.0/src/rp2_common/pico_double/double_v1_rom_shim_rp2040.S.o
                0x100037f8                double_table_shim_on_use_helper
 .text.__aeabi_lmul
                0x10003824       0x32 CMakeFiles/env_monitor.dir/home/luis-arcos/.pico-sdk/sdk/2.2.0/src/rp2_common/pico_int64_ops/pico_int64_ops_aeabi.S.o
                0x10003824                __wrap___aeabi_lmul
 *fill*         0x10003856        0x2 
 .text.__wrap___aeabi_farithmetic
                0x10003858       0x48 CMakeFiles/env_monitor.dir/home/luis-arcos/.pico-sdk/sdk/2.2.0/src/rp2_common/pico_float/float_aeabi_rp2040.S.o
                0x10003858                __wrap___aeabi_frsub
                0x1000385e                __wrap___aeabi_fsub
                0x10003864                __wrap___aeabi_fadd
                0x1000386a                __wrap___aeabi_fdiv
                0x10003892                __wrap___aeabi_fmul
 .text.__wrap___aeabi_i2f
                0x100038a0       0x44 CMakeFiles/env_monitor.dir/home/luis-arcos/.pico-sdk/sdk/2.2.0/src/rp2_common/pico_float/float_aeabi_rp2040.S.o
                0x100038a0                int2float
                0x100038a0                __wrap___aeabi_i2f
 .text.__wrap___aeabi_f2uiz
                0x100038e4        0xc CMakeFiles/env_monitor.dir/home/luis-arcos/.pico-sdk/sdk/2.2.0/src/rp2_common/pico_float/float_aeabi_rp2040.S.o
                0x100038e4                float2uint
                0x100038e4                float2uint_z
                0x100038e4                __wrap___aeabi_f2uiz
 .text.__wrap___aeabi_f2d
                0x100038f0        0xc CMakeFiles/env_monitor.dir/home/luis-arcos/.pico-sdk/sdk/2.2.0/src/rp2_common/pico_float/float_aeabi_rp2040.S.o
                0x100038f0                __wrap___aeabi_f2d
 .text.missing_float_func_shim
                0x100038fc        0xc CMakeFiles/env_monitor.dir/home/luis-arcos/.pico-sdk/sdk/2.2.0/src/rp2_common/pico_float/float_init_rom_rp2040.c.o
 .text.__aeabi_float_init
                0x10003908       0x5c CMakeFiles/env_monitor.dir/home/luis-arcos/.pico-sdk/sdk/2.2.0/src/rp2_common/pico_float/float_init_rom_rp2040.c.o
                0x10003908                __aeabi_float_init
 .text.__wrap_malloc
                0x10003964       0x24 CMakeFiles/env_monitor.dir/home/luis-arcos/.pico-sdk/sdk/2.2.0/src/rp2_common/pico_malloc/malloc.c.o
                0x10003964                __wrap_malloc
 .text          0x10003988       0x10 CMakeFiles/env_monitor.dir/home/luis-arcos/.pico-sdk/sdk/2.2.0/src/rp2_common/pico_mem_ops/mem_ops_aeabi.S.o
                0x10003988                __aeabi_mem_init
 .text.memset   0x10003998        0xc CMakeFiles/env_monitor.dir/home/luis-arcos/.pico-sdk/sdk/2.2.0/src/rp2_common/pico_mem_ops/mem_ops_aeabi.S.o
                0x10003998                __wrap_memset
 .text.memcpy   0x100039a4        0xc CMakeFiles/env_monitor.dir/home/luis-arcos/.pico-sdk/sdk/2.2.0/src/rp2_common/pico_mem_ops/mem_ops_aeabi.S.o
                0x100039a4                __wrap___aeabi_memcpy
                0x100039a4                __wrap_memcpy
 .text._out_buffer
                0x100039b0        0x8 CMakeFiles/env_monitor.dir/home/luis-arcos/.pico-sdk/sdk/2.2.0/src/rp2_common/pico_printf/printf.c.o
 .text._out_null
                0x100039b8        0x4 CMakeFiles/env_monitor.dir/home/luis-arcos/.pico-sdk/sdk/2.2.0/src/rp2_common/pico_printf/printf.c.o
 .text._out_rev
                0x100039bc       0xac CMakeFiles/env_monitor.dir/home/luis-arcos/.pico-sdk/sdk/2.2.0/src/rp2_common/pico_printf/printf.c.o
 .text._ntoa_format
                0x10003a68      0x250 CMakeFiles/env_monitor.dir/home/luis-arcos/.pico-sdk/sdk/2.2.0/src/rp2_common/pico_printf/printf.c.o
 .text._out_char
                0x10003cb8       0x10 CMakeFiles/env_monitor.dir/home/luis-arcos/.pico-sdk/sdk/2.2.0/src/rp2_common/pico_printf/printf.c.o
 .text._out_fct
                0x10003cc8       0x10 CMakeFiles/env_monitor.dir/home/luis-arcos/.pico-sdk/sdk/2.2.0/src/rp2_common/pico_printf/printf.c.o
 .text._etoa    0x10003cd8      0x464 CMakeFiles/env_monitor.dir/home/luis-arcos/.pico-sdk/sdk/2.2.0/src/rp2_common/pico_printf/printf.c.o
 .text._ftoa    0x1000413c      0x3c0 CMakeFiles/env_monitor.dir/home/luis-arcos/.pico-sdk/sdk/2.2.0/src/rp2_common/pico_printf/printf.c.o
 .text._vsnprintf
                0x100044fc      0xbc8 CMakeFiles/env_monitor.dir/home/luis-arcos/.pico-sdk/sdk/2.2.0/src/rp2_common/pico_printf/printf.c.o
 .text.__wrap_snprintf
                0x100050c4       0x28 CMakeFiles/env_monitor.dir/home/luis-arcos/.pico-sdk/sdk/2.2.0/src/rp2_common/pico_printf/printf.c.o
                0x100050c4                __wrap_snprintf
 .text.vfctprintf
                0x100050ec       0x20 CMakeFiles/env_monitor.dir/home/luis-arcos/.pico-sdk/sdk/2.2.0/src/rp2_common/pico_printf/printf.c.o
                0x100050ec                vfctprintf
 .text.weak_raw_vprintf
                0x1000510c       0x30 CMakeFiles/env_monitor.dir/home/luis-arcos/.pico-sdk/sdk/2.2.0/src/rp2_common/pico_printf/printf.c.o
                0x1000510c                weak_raw_vprintf
 .text._exit    0x1000513c        0x4 CMakeFiles/env_monitor.dir/home/luis-arcos/.pico-sdk/sdk/2.2.0/src/rp2_common/pico_clib_interface/newlib_interface.c.o
                0x1000513c                _exit
 .text._sbrk    0x10005140       0x34 CMakeFiles/env_monitor.dir/home/luis-arcos/.pico-sdk/sdk/2.2.0/src/rp2_common/pico_clib_interface/newlib_interface.c.o
                0x10005140                _sbrk
 .text.exit     0x10005174        0x8 CMakeFiles/env_monitor.dir/home/luis-arcos/.pico-sdk/sdk/2.2.0/src/rp2_common/pico_clib_interface/newlib_interface.c.o
                0x10005174                exit
 .text.runtime_init
                0x1000517c       0x2c CMakeFiles/env_monitor.dir/home/luis-arcos/.pico-sdk/sdk/2.2.0/src/rp2_common/pico_clib_interface/newlib_interface.c.o
                0x1000517c                runtime_init
 .text.stdio_out_chars_no_crlf
                0x100051a8       0x10 CMakeFiles/env_monitor.dir/home/luis-arcos/.pico-sdk/sdk/2.2.0/src/rp2_common/pico_stdio/stdio.c.o
 .text.stdio_out_chars_crlf
                0x100051b8       0x94 CMakeFiles/env_monitor.dir/home/luis-arcos/.pico-sdk/sdk/2.2.0/src/rp2_common/pico_stdio/stdio.c.o
 .text.stdio_buffered_printer
                0x1000524c       0x64 CMakeFiles/env_monitor.dir/home/luis-arcos/.pico-sdk/sdk/2.2.0/src/rp2_common/pico_stdio/stdio.c.o
 .text.stdio_put_string
                0x100052b0      0x100 CMakeFiles/env_monitor.dir/home/luis-arcos/.pico-sdk/sdk/2.2.0/src/rp2_common/pico_stdio/stdio.c.o
                0x100052b0                stdio_put_string
 .text.stdio_set_driver_enabled
                0x100053b0       0x30 CMakeFiles/env_monitor.dir/home/luis-arcos/.pico-sdk/sdk/2.2.0/src/rp2_common/pico_stdio/stdio.c.o
                0x100053b0                stdio_set_driver_enabled
 .text.stdio_init_all
                0x100053e0        0x8 CMakeFiles/env_monitor.dir/home/luis-arcos/.pico-sdk/sdk/2.2.0/src/rp2_common/pico_stdio/stdio.c.o
                0x100053e0                stdio_init_all
 .text.__wrap_putchar
                0x100053e8       0x98 CMakeFiles/env_monitor.dir/home/luis-arcos/.pico-sdk/sdk/2.2.0/src/rp2_common/pico_stdio/stdio.c.o
                0x100053e8                stdio_putchar
                0x100053e8                __wrap_putchar
 .text.__wrap_puts
                0x10005480       0x3c CMakeFiles/env_monitor.dir/home/luis-arcos/.pico-sdk/sdk/2.2.0/src/rp2_common/pico_stdio/stdio.c.o
                0x10005480                __wrap_puts
                0x10005480                stdio_puts
 .text.__wrap_vprintf
                0x100054bc       0xd4 CMakeFiles/env_monitor.dir/home/luis-arcos/.pico-sdk/sdk/2.2.0/src/rp2_common/pico_stdio/stdio.c.o
                0x100054bc                __wrap_vprintf
                0x100054bc                stdio_vprintf
 .text.__wrap_printf
                0x10005590       0x18 CMakeFiles/env_monitor.dir/home/luis-arcos/.pico-sdk/sdk/2.2.0/src/rp2_common/pico_stdio/stdio.c.o
                0x10005590                stdio_printf
                0x10005590                __wrap_printf
 .text.resetd_init
                0x100055a8        0x4 CMakeFiles/env_monitor.dir/home/luis-arcos/.pico-sdk/sdk/2.2.0/src/rp2_common/pico_stdio_usb/reset_interface.c.o
 .text.resetd_reset
                0x100055ac        0xc CMakeFiles/env_monitor.dir/home/luis-arcos/.pico-sdk/sdk/2.2.0/src/rp2_common/pico_stdio_usb/reset_interface.c.o
 .text.resetd_open
                0x100055b8       0x28 CMakeFiles/env_monitor.dir/home/luis-arcos/.pico-sdk/sdk/2.2.0/src/rp2_common/pico_stdio_usb/reset_interface.c.o
 .text.resetd_xfer_cb
                0x100055e0        0x4 CMakeFiles/env_monitor.dir/home/luis-arcos/.pico-sdk/sdk/2.2.0/src/rp2_common/pico_stdio_usb/reset_interface.c.o
 .text.resetd_control_xfer_cb
                0x100055e4       0x5c CMakeFiles/env_monitor.dir/home/luis-arcos/.pico-sdk/sdk/2.2.0/src/rp2_common/pico_stdio_usb/reset_interface.c.o
 .text.tud_descriptor_bos_cb
                0x10005640        0x8 CMakeFiles/env_monitor.dir/home/luis-arcos/.pico-sdk/sdk/2.2.0/src/rp2_common/pico_stdio_usb/reset_interface.c.o
                0x10005640                tud_descriptor_bos_cb
 .text.tud_vendor_control_xfer_cb
                0x10005648       0x34 CMakeFiles/env_monitor.dir/home/luis-arcos/.pico-sdk/sdk/2.2.0/src/rp2_common/pico_stdio_usb/reset_interface.c.o
                0x10005648                tud_vendor_control_xfer_cb
 .text.usbd_app_driver_get_cb
                0x1000567c        0xc CMakeFiles/env_monitor.dir/home/luis-arcos/.pico-sdk/sdk/2.2.0/src/rp2_common/pico_stdio_usb/reset_interface.c.o
                0x1000567c                usbd_app_driver_get_cb
 .text.tud_cdc_line_coding_cb
                0x10005688       0x2c CMakeFiles/env_monitor.dir/home/luis-arcos/.pico-sdk/sdk/2.2.0/src/rp2_common/pico_stdio_usb/reset_interface.c.o
                0x10005688                tud_cdc_line_coding_cb
 .text.stdio_usb_set_chars_available_callback
                0x100056b4       0x14 CMakeFiles/env_monitor.dir/home/luis-arcos/.pico-sdk/sdk/2.2.0/src/rp2_common/pico_stdio_usb/stdio_usb.c.o
                0x100056b4                stdio_usb_set_chars_available_callback
 .text.usb_irq  0x100056c8       0x10 CMakeFiles/env_monitor.dir/home/luis-arcos/.pico-sdk/sdk/2.2.0/src/rp2_common/pico_stdio_usb/stdio_usb.c.o
 .text.timer_task
                0x100056d8       0x64 CMakeFiles/env_monitor.dir/home/luis-arcos/.pico-sdk/sdk/2.2.0/src/rp2_common/pico_stdio_usb/stdio_usb.c.o
 .text.stdio_usb_in_chars
                0x1000573c       0x90 CMakeFiles/env_monitor.dir/home/luis-arcos/.pico-sdk/sdk/2.2.0/src/rp2_common/pico_stdio_usb/stdio_usb.c.o
                0x1000573c                stdio_usb_in_chars
 .text.stdio_usb_out_flush
                0x100057cc       0x50 CMakeFiles/env_monitor.dir/home/luis-arcos/.pico-sdk/sdk/2.2.0/src/rp2_common/pico_stdio_usb/stdio_usb.c.o
 .text.stdio_usb_out_chars
                0x1000581c      0x104 CMakeFiles/env_monitor.dir/home/luis-arcos/.pico-sdk/sdk/2.2.0/src/rp2_common/pico_stdio_usb/stdio_usb.c.o
 .text.low_priority_worker_irq
                0x10005920       0xcc CMakeFiles/env_monitor.dir/home/luis-arcos/.pico-sdk/sdk/2.2.0/src/rp2_common/pico_stdio_usb/stdio_usb.c.o
 .text.stdio_usb_init
                0x100059ec       0xec CMakeFiles/env_monitor.dir/home/luis-arcos/.pico-sdk/sdk/2.2.0/src/rp2_common/pico_stdio_usb/stdio_usb.c.o
                0x100059ec                stdio_usb_init
 .text.tud_descriptor_device_cb
                0x10005ad8        0x8 CMakeFiles/env_monitor.dir/home/luis-arcos/.pico-sdk/sdk/2.2.0/src/rp2_common/pico_stdio_usb/stdio_usb_descriptors.c.o
                0x10005ad8                tud_descriptor_device_cb
 .text.tud_descriptor_configuration_cb
                0x10005ae0        0x8 CMakeFiles/env_monitor.dir/home/luis-arcos/.pico-sdk/sdk/2.2.0/src/rp2_common/pico_stdio_usb/stdio_usb_descriptors.c.o
                0x10005ae0                tud_descriptor_configuration_cb
 .text.tud_descriptor_string_cb
                0x10005ae8       0x78 CMakeFiles/env_monitor.dir/home/luis-arcos/.pico-sdk/sdk/2.2.0/src/rp2_common/pico_stdio_usb/stdio_usb_descriptors.c.o
                0x10005ae8                tud_descriptor_string_cb
 .text.startup._retrieve_unique_id_on_boot
                0x10005b60       0x10 CMakeFiles/env_monitor.dir/home/luis-arcos/.pico-sdk/sdk/2.2.0/src/rp2_common/pico_unique_id/unique_id.c.o
 .text.pico_get_unique_board_id
                0x10005b70       0x10 CMakeFiles/env_monitor.dir/home/luis-arcos/.pico-sdk/sdk/2.2.0/src/rp2_common/pico_unique_id/unique_id.c.o
                0x10005b70                pico_get_unique_board_id
 .text.pico_get_unique_board_id_string
                0x10005b80      0x1a8 CMakeFiles/env_monitor.dir/home/luis-arcos/.pico-sdk/sdk/2.2.0/src/rp2_common/pico_unique_id/unique_id.c.o
                0x10005b80                pico_get_unique_board_id_string
 .text.flash_get_unique_id
                0x10005d28       0x3c CMakeFiles/env_monitor.dir/home/luis-arcos/.pico-sdk/sdk/2.2.0/src/rp2_common/hardware_flash/flash.c.o
                0x10005d28                flash_get_unique_id
 .text.dcd_init
                0x10005d64       0x90 CMakeFiles/env_monitor.dir/home/luis-arcos/.pico-sdk/sdk/2.2.0/lib/tinyusb/src/portable/raspberrypi/rp2040/dcd_rp2040.c.o
                0x10005d64                dcd_init
 .text.dcd_int_enable
                0x10005df4        0xc CMakeFiles/env_monitor.dir/home/luis-arcos/.pico-sdk/sdk/2.2.0/lib/tinyusb/src/portable/raspberrypi/rp2040/dcd_rp2040.c.o
                0x10005df4                dcd_int_enable
 .text.dcd_set_address
                0x10005e00       0x14 CMakeFiles/env_monitor.dir/home/luis-arcos/.pico-sdk/sdk/2.2.0/lib/tinyusb/src/portable/raspberrypi/rp2040/dcd_rp2040.c.o
                0x10005e00                dcd_set_address
 .text.dcd_sof_enable
                0x10005e14       0x1c CMakeFiles/env_monitor.dir/home/luis-arcos/.pico-sdk/sdk/2.2.0/lib/tinyusb/src/portable/raspberrypi/rp2040/dcd_rp2040.c.o
                0x10005e14                dcd_sof_enable
 .text.dcd_edpt0_status_complete
                0x10005e30       0x1c CMakeFiles/env_monitor.dir/home/luis-arcos/.pico-sdk/sdk/2.2.0/lib/tinyusb/src/portable/raspberrypi/rp2040/dcd_rp2040.c.o
                0x10005e30                dcd_edpt0_status_complete
 .text.dcd_edpt_open
                0x10005e4c      0x114 CMakeFiles/env_monitor.dir/home/luis-arcos/.pico-sdk/sdk/2.2.0/lib/tinyusb/src/portable/raspberrypi/rp2040/dcd_rp2040.c.o
                0x10005e4c                dcd_edpt_open
 .text.dcd_edpt_close_all
                0x10005f60        0x8 CMakeFiles/env_monitor.dir/home/luis-arcos/.pico-sdk/sdk/2.2.0/lib/tinyusb/src/portable/raspberrypi/rp2040/dcd_rp2040.c.o
                0x10005f60                dcd_edpt_close_all
 .text.dcd_edpt_xfer
                0x10005f68       0x24 CMakeFiles/env_monitor.dir/home/luis-arcos/.pico-sdk/sdk/2.2.0/lib/tinyusb/src/portable/raspberrypi/rp2040/dcd_rp2040.c.o
                0x10005f68                dcd_edpt_xfer
 .text.dcd_edpt_stall
                0x10005f8c       0x34 CMakeFiles/env_monitor.dir/home/luis-arcos/.pico-sdk/sdk/2.2.0/lib/tinyusb/src/portable/raspberrypi/rp2040/dcd_rp2040.c.o
                0x10005f8c                dcd_edpt_stall
 .text.dcd_edpt_clear_stall
                0x10005fc0       0x30 CMakeFiles/env_monitor.dir/home/luis-arcos/.pico-sdk/sdk/2.2.0/lib/tinyusb/src/portable/raspberrypi/rp2040/dcd_rp2040.c.o
                0x10005fc0                dcd_edpt_clear_stall
 .text.rp2040_usb_init
                0x10005ff0       0x40 CMakeFiles/env_monitor.dir/home/luis-arcos/.pico-sdk/sdk/2.2.0/lib/tinyusb/src/portable/raspberrypi/rp2040/rp2040_usb.c.o
                0x10005ff0                rp2040_usb_init
 .text.hw_endpoint_xfer_start
                0x10006030       0x40 CMakeFiles/env_monitor.dir/home/luis-arcos/.pico-sdk/sdk/2.2.0/lib/tinyusb/src/portable/raspberrypi/rp2040/rp2040_usb.c.o
                0x10006030                hw_endpoint_xfer_start
 .text.tud_event_hook_cb
                0x10006070        0x4 CMakeFiles/env_monitor.dir/home/luis-arcos/.pico-sdk/sdk/2.2.0/lib/tinyusb/src/device/usbd.c.o
                0x10006070                tud_event_hook_cb
 .text.tud_sof_cb
                0x10006074        0x4 CMakeFiles/env_monitor.dir/home/luis-arcos/.pico-sdk/sdk/2.2.0/lib/tinyusb/src/device/usbd.c.o
                0x10006074                tud_sof_cb
 .text.tud_descriptor_device_qualifier_cb
                0x10006078        0x4 CMakeFiles/env_monitor.dir/home/luis-arcos/.pico-sdk/sdk/2.2.0/lib/tinyusb/src/device/usbd.c.o
                0x10006078                tud_descriptor_device_qualifier_cb
 .text.tud_descriptor_other_speed_configuration_cb
                0x1000607c        0x4 CMakeFiles/env_monitor.dir/home/luis-arcos/.pico-sdk/sdk/2.2.0/lib/tinyusb/src/device/usbd.c.o
                0x1000607c                tud_descriptor_other_speed_configuration_cb
 .text.tud_mount_cb
                0x10006080        0x4 CMakeFiles/env_monitor.dir/home/luis-arcos/.pico-sdk/sdk/2.2.0/lib/tinyusb/src/device/usbd.c.o
                0x10006080                tud_mount_cb
 .text.tud_umount_cb
                0x10006084        0x4 CMakeFiles/env_monitor.dir/home/luis-arcos/.pico-sdk/sdk/2.2.0/lib/tinyusb/src/device/usbd.c.o
                0x10006084                tud_umount_cb
 .text.tud_suspend_cb
                0x10006088        0x4 CMakeFiles/env_monitor.dir/home/luis-arcos/.pico-sdk/sdk/2.2.0/lib/tinyusb/src/device/usbd.c.o
                0x10006088                tud_suspend_cb
 .text.tud_resume_cb
                0x1000608c        0x4 CMakeFiles/env_monitor.dir/home/luis-arcos/.pico-sdk/sdk/2.2.0/lib/tinyusb/src/device/usbd.c.o
                0x1000608c                tud_resume_cb
 .text.tud_mounted
                0x10006090       0x10 CMakeFiles/env_monitor.dir/home/luis-arcos/.pico-sdk/sdk/2.2.0/lib/tinyusb/src/device/usbd.c.o
                0x10006090                tud_mounted
 .text.tud_suspended
                0x100060a0       0x10 CMakeFiles/env_monitor.dir/home/luis-arcos/.pico-sdk/sdk/2.2.0/lib/tinyusb/src/device/usbd.c.o
                0x100060a0                tud_suspended
 .text.tud_rhport_init
                0x100060b0       0xfc CMakeFiles/env_monitor.dir/home/luis-arcos/.pico-sdk/sdk/2.2.0/lib/tinyusb/src/device/usbd.c.o
                0x100060b0                tud_rhport_init
 .text.tud_task_ext
                0x100061ac      0x800 CMakeFiles/env_monitor.dir/home/luis-arcos/.pico-sdk/sdk/2.2.0/lib/tinyusb/src/device/usbd.c.o
                0x100061ac                tud_task_ext
 .text.usbd_open_edpt_pair
                0x100069ac       0x9c CMakeFiles/env_monitor.dir/home/luis-arcos/.pico-sdk/sdk/2.2.0/lib/tinyusb/src/device/usbd.c.o
                0x100069ac                usbd_open_edpt_pair
 .text.usbd_edpt_open
                0x10006a48       0x34 CMakeFiles/env_monitor.dir/home/luis-arcos/.pico-sdk/sdk/2.2.0/lib/tinyusb/src/device/usbd.c.o
                0x10006a48                usbd_edpt_open
 .text.usbd_edpt_claim
                0x10006a7c       0x28 CMakeFiles/env_monitor.dir/home/luis-arcos/.pico-sdk/sdk/2.2.0/lib/tinyusb/src/device/usbd.c.o
                0x10006a7c                usbd_edpt_claim
 .text.usbd_edpt_release
                0x10006aa4       0x28 CMakeFiles/env_monitor.dir/home/luis-arcos/.pico-sdk/sdk/2.2.0/lib/tinyusb/src/device/usbd.c.o
                0x10006aa4                usbd_edpt_release
 .text.usbd_edpt_xfer
                0x10006acc       0x4c CMakeFiles/env_monitor.dir/home/luis-arcos/.pico-sdk/sdk/2.2.0/lib/tinyusb/src/device/usbd.c.o
                0x10006acc                usbd_edpt_xfer
 .text.tud_control_status
                0x10006b18       0x2c CMakeFiles/env_monitor.dir/home/luis-arcos/.pico-sdk/sdk/2.2.0/lib/tinyusb/src/device/usbd_control.c.o
                0x10006b18                tud_control_status
 .text.tud_control_xfer
                0x10006b44       0xac CMakeFiles/env_monitor.dir/home/luis-arcos/.pico-sdk/sdk/2.2.0/lib/tinyusb/src/device/usbd_control.c.o
                0x10006b44                tud_control_xfer
 .text.usbd_control_reset
                0x10006bf0       0x14 CMakeFiles/env_monitor.dir/home/luis-arcos/.pico-sdk/sdk/2.2.0/lib/tinyusb/src/device/usbd_control.c.o
                0x10006bf0                usbd_control_reset
 .text.usbd_control_set_complete_callback
                0x10006c04        0xc CMakeFiles/env_monitor.dir/home/luis-arcos/.pico-sdk/sdk/2.2.0/lib/tinyusb/src/device/usbd_control.c.o
                0x10006c04                usbd_control_set_complete_callback
 .text.usbd_control_set_request
                0x10006c10       0x1c CMakeFiles/env_monitor.dir/home/luis-arcos/.pico-sdk/sdk/2.2.0/lib/tinyusb/src/device/usbd_control.c.o
                0x10006c10                usbd_control_set_request
 .text.usbd_control_xfer_cb
                0x10006c2c       0xec CMakeFiles/env_monitor.dir/home/luis-arcos/.pico-sdk/sdk/2.2.0/lib/tinyusb/src/device/usbd_control.c.o
                0x10006c2c                usbd_control_xfer_cb
 .text._prep_out_transaction.isra.0
                0x10006d18       0x6c CMakeFiles/env_monitor.dir/home/luis-arcos/.pico-sdk/sdk/2.2.0/lib/tinyusb/src/class/cdc/cdc_device.c.o
 .text.tud_cdc_n_connected
                0x10006d84       0x2c CMakeFiles/env_monitor.dir/home/luis-arcos/.pico-sdk/sdk/2.2.0/lib/tinyusb/src/class/cdc/cdc_device.c.o
                0x10006d84                tud_cdc_n_connected
 .text.tud_cdc_n_available
                0x10006db0       0x14 CMakeFiles/env_monitor.dir/home/luis-arcos/.pico-sdk/sdk/2.2.0/lib/tinyusb/src/class/cdc/cdc_device.c.o
                0x10006db0                tud_cdc_n_available
 .text.tud_cdc_n_read
                0x10006dc4       0x94 CMakeFiles/env_monitor.dir/home/luis-arcos/.pico-sdk/sdk/2.2.0/lib/tinyusb/src/class/cdc/cdc_device.c.o
                0x10006dc4                tud_cdc_n_read
 .text.tud_cdc_n_write_flush
                0x10006e58       0x74 CMakeFiles/env_monitor.dir/home/luis-arcos/.pico-sdk/sdk/2.2.0/lib/tinyusb/src/class/cdc/cdc_device.c.o
                0x10006e58                tud_cdc_n_write_flush
 .text.tud_cdc_n_write
                0x10006ecc       0x40 CMakeFiles/env_monitor.dir/home/luis-arcos/.pico-sdk/sdk/2.2.0/lib/tinyusb/src/class/cdc/cdc_device.c.o
                0x10006ecc                tud_cdc_n_write
 .text.tud_cdc_n_write_available
                0x10006f0c       0x14 CMakeFiles/env_monitor.dir/home/luis-arcos/.pico-sdk/sdk/2.2.0/lib/tinyusb/src/class/cdc/cdc_device.c.o
                0x10006f0c                tud_cdc_n_write_available
 .text.cdcd_init
                0x10006f20       0x70 CMakeFiles/env_monitor.dir/home/luis-arcos/.pico-sdk/sdk/2.2.0/lib/tinyusb/src/class/cdc/cdc_device.c.o
                0x10006f20                cdcd_init
 .text.cdcd_deinit
                0x10006f90       0x34 CMakeFiles/env_monitor.dir/home/luis-arcos/.pico-sdk/sdk/2.2.0/lib/tinyusb/src/class/cdc/cdc_device.c.o
                0x10006f90                cdcd_deinit
 .text.cdcd_reset
                0x10006fc4       0x4c CMakeFiles/env_monitor.dir/home/luis-arcos/.pico-sdk/sdk/2.2.0/lib/tinyusb/src/class/cdc/cdc_device.c.o
                0x10006fc4                cdcd_reset
 .text.cdcd_open
                0x10007010       0xa8 CMakeFiles/env_monitor.dir/home/luis-arcos/.pico-sdk/sdk/2.2.0/lib/tinyusb/src/class/cdc/cdc_device.c.o
                0x10007010                cdcd_open
 .text.cdcd_control_xfer_cb
                0x100070b8       0xe8 CMakeFiles/env_monitor.dir/home/luis-arcos/.pico-sdk/sdk/2.2.0/lib/tinyusb/src/class/cdc/cdc_device.c.o
                0x100070b8                cdcd_control_xfer_cb
 .text.cdcd_xfer_cb
                0x100071a0      0x100 CMakeFiles/env_monitor.dir/home/luis-arcos/.pico-sdk/sdk/2.2.0/lib/tinyusb/src/class/cdc/cdc_device.c.o
                0x100071a0                cdcd_xfer_cb
 .text.vendord_init
                0x100072a0       0x5c CMakeFiles/env_monitor.dir/home/luis-arcos/.pico-sdk/sdk/2.2.0/lib/tinyusb/src/class/vendor/vendor_device.c.o
                0x100072a0                vendord_init
 .text.vendord_deinit
                0x100072fc       0x1c CMakeFiles/env_monitor.dir/home/luis-arcos/.pico-sdk/sdk/2.2.0/lib/tinyusb/src/class/vendor/vendor_device.c.o
                0x100072fc                vendord_deinit
 .text.vendord_reset
                0x10007318       0x28 CMakeFiles/env_monitor.dir/home/luis-arcos/.pico-sdk/sdk/2.2.0/lib/tinyusb/src/class/vendor/vendor_device.c.o
                0x10007318                vendord_reset
 .text.vendord_open
                0x10007340      0x128 CMakeFiles/env_monitor.dir/home/luis-arcos/.pico-sdk/sdk/2.2.0/lib/tinyusb/src/class/vendor/vendor_device.c.o
                0x10007340                vendord_open
 .text.vendord_xfer_cb
                0x10007468       0x9c CMakeFiles/env_monitor.dir/home/luis-arcos/.pico-sdk/sdk/2.2.0/lib/tinyusb/src/class/vendor/vendor_device.c.o
                0x10007468                vendord_xfer_cb
 .text.tusb_rhport_init
                0x10007504       0x48 CMakeFiles/env_monitor.dir/home/luis-arcos/.pico-sdk/sdk/2.2.0/lib/tinyusb/src/tusb.c.o
                0x10007504                tusb_rhport_init
 .text.tu_edpt_claim
                0x1000754c       0x50 CMakeFiles/env_monitor.dir/home/luis-arcos/.pico-sdk/sdk/2.2.0/lib/tinyusb/src/tusb.c.o
                0x1000754c                tu_edpt_claim
 .text.tu_edpt_release
                0x1000759c       0x38 CMakeFiles/env_monitor.dir/home/luis-arcos/.pico-sdk/sdk/2.2.0/lib/tinyusb/src/tusb.c.o
                0x1000759c                tu_edpt_release
 .text.tu_edpt_validate
                0x100075d4       0x7c CMakeFiles/env_monitor.dir/home/luis-arcos/.pico-sdk/sdk/2.2.0/lib/tinyusb/src/tusb.c.o
                0x100075d4                tu_edpt_validate
 .text.tu_edpt_bind_driver
                0x10007650       0x34 CMakeFiles/env_monitor.dir/home/luis-arcos/.pico-sdk/sdk/2.2.0/lib/tinyusb/src/tusb.c.o
                0x10007650                tu_edpt_bind_driver
 .text.tu_edpt_stream_init
                0x10007684       0x6c CMakeFiles/env_monitor.dir/home/luis-arcos/.pico-sdk/sdk/2.2.0/lib/tinyusb/src/tusb.c.o
                0x10007684                tu_edpt_stream_init
 .text.tu_edpt_stream_deinit
                0x100076f0        0x4 CMakeFiles/env_monitor.dir/home/luis-arcos/.pico-sdk/sdk/2.2.0/lib/tinyusb/src/tusb.c.o
                0x100076f0                tu_edpt_stream_deinit
 .text.tu_edpt_stream_write_zlp_if_needed
                0x100076f4       0x68 CMakeFiles/env_monitor.dir/home/luis-arcos/.pico-sdk/sdk/2.2.0/lib/tinyusb/src/tusb.c.o
                0x100076f4                tu_edpt_stream_write_zlp_if_needed
 .text.tu_edpt_stream_write_xfer
                0x1000775c       0x64 CMakeFiles/env_monitor.dir/home/luis-arcos/.pico-sdk/sdk/2.2.0/lib/tinyusb/src/tusb.c.o
                0x1000775c                tu_edpt_stream_write_xfer
 .text.tu_edpt_stream_read_xfer
                0x100077c0       0xdc CMakeFiles/env_monitor.dir/home/luis-arcos/.pico-sdk/sdk/2.2.0/lib/tinyusb/src/tusb.c.o
                0x100077c0                tu_edpt_stream_read_xfer
 .text.tu_fifo_config
                0x1000789c       0x6c CMakeFiles/env_monitor.dir/home/luis-arcos/.pico-sdk/sdk/2.2.0/lib/tinyusb/src/common/tusb_fifo.c.o
                0x1000789c                tu_fifo_config
 .text.tu_fifo_count
                0x10007908       0x2c CMakeFiles/env_monitor.dir/home/luis-arcos/.pico-sdk/sdk/2.2.0/lib/tinyusb/src/common/tusb_fifo.c.o
                0x10007908                tu_fifo_count
 .text.tu_fifo_empty
                0x10007934       0x10 CMakeFiles/env_monitor.dir/home/luis-arcos/.pico-sdk/sdk/2.2.0/lib/tinyusb/src/common/tusb_fifo.c.o
                0x10007934                tu_fifo_empty
 .text.tu_fifo_remaining
                0x10007944       0x2c CMakeFiles/env_monitor.dir/home/luis-arcos/.pico-sdk/sdk/2.2.0/lib/tinyusb/src/common/tusb_fifo.c.o
                0x10007944                tu_fifo_remaining
 .text.tu_fifo_read
                0x10007970       0x9c CMakeFiles/env_monitor.dir/home/luis-arcos/.pico-sdk/sdk/2.2.0/lib/tinyusb/src/common/tusb_fifo.c.o
                0x10007970                tu_fifo_read
 .text.tu_fifo_read_n
                0x10007a0c       0xe8 CMakeFiles/env_monitor.dir/home/luis-arcos/.pico-sdk/sdk/2.2.0/lib/tinyusb/src/common/tusb_fifo.c.o
                0x10007a0c                tu_fifo_read_n
 .text.tu_fifo_write
                0x10007af4       0xa8 CMakeFiles/env_monitor.dir/home/luis-arcos/.pico-sdk/sdk/2.2.0/lib/tinyusb/src/common/tusb_fifo.c.o
                0x10007af4                tu_fifo_write
 .text.tu_fifo_write_n
                0x10007b9c      0x178 CMakeFiles/env_monitor.dir/home/luis-arcos/.pico-sdk/sdk/2.2.0/lib/tinyusb/src/common/tusb_fifo.c.o
                0x10007b9c                tu_fifo_write_n
 .text.tu_fifo_clear
                0x10007d14       0x40 CMakeFiles/env_monitor.dir/home/luis-arcos/.pico-sdk/sdk/2.2.0/lib/tinyusb/src/common/tusb_fifo.c.o
                0x10007d14                tu_fifo_clear
 .text.tu_fifo_set_overwritable
                0x10007d54       0x48 CMakeFiles/env_monitor.dir/home/luis-arcos/.pico-sdk/sdk/2.2.0/lib/tinyusb/src/common/tusb_fifo.c.o
                0x10007d54                tu_fifo_set_overwritable
 .text.adc_init
                0x10007d9c       0x38 CMakeFiles/env_monitor.dir/home/luis-arcos/.pico-sdk/sdk/2.2.0/src/rp2_common/hardware_adc/adc.c.o
                0x10007d9c                adc_init
 .text.i2c_write_blocking_internal.constprop.0
                0x10007dd4       0xd0 CMakeFiles/env_monitor.dir/home/luis-arcos/.pico-sdk/sdk/2.2.0/src/rp2_common/hardware_i2c/i2c.c.o
 .text.i2c_set_baudrate
                0x10007ea4       0xc0 CMakeFiles/env_monitor.dir/home/luis-arcos/.pico-sdk/sdk/2.2.0/src/rp2_common/hardware_i2c/i2c.c.o
                0x10007ea4                i2c_set_baudrate
 .text.i2c_init
                0x10007f64       0x50 CMakeFiles/env_monitor.dir/home/luis-arcos/.pico-sdk/sdk/2.2.0/src/rp2_common/hardware_i2c/i2c.c.o
                0x10007f64                i2c_init
 .text.i2c_write_blocking
                0x10007fb4       0x14 CMakeFiles/env_monitor.dir/home/luis-arcos/.pico-sdk/sdk/2.2.0/src/rp2_common/hardware_i2c/i2c.c.o
                0x10007fb4                i2c_write_blocking
 .text.lwip_timeout_reached
                0x10007fc8        0x8 CMakeFiles/env_monitor.dir/home/luis-arcos/.pico-sdk/sdk/2.2.0/src/rp2_common/pico_lwip/lwip_nosys.c.o
 .text.update_next_timeout
                0x10007fd0       0x60 CMakeFiles/env_monitor.dir/home/luis-arcos/.pico-sdk/sdk/2.2.0/src/rp2_common/pico_lwip/lwip_nosys.c.o
 .text.lwip_nosys_init
                0x10008030       0x30 CMakeFiles/env_monitor.dir/home/luis-arcos/.pico-sdk/sdk/2.2.0/src/rp2_common/pico_lwip/lwip_nosys.c.o
                0x10008030                lwip_nosys_init
 .text.lwip_nosys_deinit
                0x10008060       0x20 CMakeFiles/env_monitor.dir/home/luis-arcos/.pico-sdk/sdk/2.2.0/src/rp2_common/pico_lwip/lwip_nosys.c.o
                0x10008060                lwip_nosys_deinit
 .text.sys_arch_protect
                0x10008080        0x4 CMakeFiles/env_monitor.dir/home/luis-arcos/.pico-sdk/sdk/2.2.0/src/rp2_common/pico_lwip/lwip_nosys.c.o
                0x10008080                sys_arch_protect
 .text.sys_arch_unprotect
                0x10008084        0x4 CMakeFiles/env_monitor.dir/home/luis-arcos/.pico-sdk/sdk/2.2.0/src/rp2_common/pico_lwip/lwip_nosys.c.o
                0x10008084                sys_arch_unprotect
 .text.sys_now  0x10008088       0x20 CMakeFiles/env_monitor.dir/home/luis-arcos/.pico-sdk/sdk/2.2.0/src/rp2_common/pico_lwip/lwip_nosys.c.o
                0x10008088                sys_now
 .text.async_context_base_add_at_time_worker
                0x100080a8       0x24 CMakeFiles/env_monitor.dir/home/luis-arcos/.pico-sdk/sdk/2.2.0/src/rp2_common/pico_async_context/async_context_base.c.o
                0x100080a8                async_context_base_add_at_time_worker
 .text.async_context_base_remove_at_time_worker
                0x100080cc       0x28 CMakeFiles/env_monitor.dir/home/luis-arcos/.pico-sdk/sdk/2.2.0/src/rp2_common/pico_async_context/async_context_base.c.o
                0x100080cc                async_context_base_remove_at_time_worker
 .text.async_context_base_add_when_pending_worker
                0x100080f4       0x24 CMakeFiles/env_monitor.dir/home/luis-arcos/.pico-sdk/sdk/2.2.0/src/rp2_common/pico_async_context/async_context_base.c.o
                0x100080f4                async_context_base_add_when_pending_worker
 .text.async_context_base_remove_when_pending_worker
                0x10008118       0x28 CMakeFiles/env_monitor.dir/home/luis-arcos/.pico-sdk/sdk/2.2.0/src/rp2_common/pico_async_context/async_context_base.c.o
                0x10008118                async_context_base_remove_when_pending_worker
 .text.async_context_base_execute_once
                0x10008140      0x108 CMakeFiles/env_monitor.dir/home/luis-arcos/.pico-sdk/sdk/2.2.0/src/rp2_common/pico_async_context/async_context_base.c.o
                0x10008140                async_context_base_execute_once
 .text.splitmix64
                0x10008248       0x58 CMakeFiles/env_monitor.dir/home/luis-arcos/.pico-sdk/sdk/2.2.0/src/rp2_common/pico_rand/rand.c.o
 .text.xoroshiro128ss
                0x100082a0       0x90 CMakeFiles/env_monitor.dir/home/luis-arcos/.pico-sdk/sdk/2.2.0/src/rp2_common/pico_rand/rand.c.o
 .text.get_rand_64
                0x10008330      0x4a4 CMakeFiles/env_monitor.dir/home/luis-arcos/.pico-sdk/sdk/2.2.0/src/rp2_common/pico_rand/rand.c.o
                0x10008330                get_rand_64
 .text.get_rand_32
                0x100087d4        0x8 CMakeFiles/env_monitor.dir/home/luis-arcos/.pico-sdk/sdk/2.2.0/src/rp2_common/pico_rand/rand.c.o
                0x100087d4                get_rand_32
 .text.lwip_init
                0x100087dc       0x24 CMakeFiles/env_monitor.dir/home/luis-arcos/.pico-sdk/sdk/2.2.0/lib/lwip/src/core/init.c.o
                0x100087dc                lwip_init
 .text.lwip_htons
                0x10008800        0x8 CMakeFiles/env_monitor.dir/home/luis-arcos/.pico-sdk/sdk/2.2.0/lib/lwip/src/core/def.c.o
                0x10008800                lwip_htons
 .text.lwip_htonl
                0x10008808        0x4 CMakeFiles/env_monitor.dir/home/luis-arcos/.pico-sdk/sdk/2.2.0/lib/lwip/src/core/def.c.o
                0x10008808                lwip_htonl
 .text.dns_call_found
                0x1000880c      0x184 CMakeFiles/env_monitor.dir/home/luis-arcos/.pico-sdk/sdk/2.2.0/lib/lwip/src/core/dns.c.o
 .text.dns_send.isra.0
                0x10008990      0x174 CMakeFiles/env_monitor.dir/home/luis-arcos/.pico-sdk/sdk/2.2.0/lib/lwip/src/core/dns.c.o
 .text.dns_init
                0x10008b04        0x4 CMakeFiles/env_monitor.dir/home/luis-arcos/.pico-sdk/sdk/2.2.0/lib/lwip/src/core/dns.c.o
                0x10008b04                dns_init
 .text.dns_setserver
                0x10008b08       0x24 CMakeFiles/env_monitor.dir/home/luis-arcos/.pico-sdk/sdk/2.2.0/lib/lwip/src/core/dns.c.o
                0x10008b08                dns_setserver
 .text.dns_tmr  0x10008b2c      0x140 CMakeFiles/env_monitor.dir/home/luis-arcos/.pico-sdk/sdk/2.2.0/lib/lwip/src/core/dns.c.o
                0x10008b2c                dns_tmr
 .text.lwip_standard_chksum
                0x10008c6c       0xdc CMakeFiles/env_monitor.dir/home/luis-arcos/.pico-sdk/sdk/2.2.0/lib/lwip/src/core/inet_chksum.c.o
                0x10008c6c                lwip_standard_chksum
 .text.inet_chksum_pseudo
                0x10008d48       0xbc CMakeFiles/env_monitor.dir/home/luis-arcos/.pico-sdk/sdk/2.2.0/lib/lwip/src/core/inet_chksum.c.o
                0x10008d48                inet_chksum_pseudo
 .text.ip_chksum_pseudo
                0x10008e04       0x10 CMakeFiles/env_monitor.dir/home/luis-arcos/.pico-sdk/sdk/2.2.0/lib/lwip/src/core/inet_chksum.c.o
                0x10008e04                ip_chksum_pseudo
 .text.inet_chksum
                0x10008e14        0xc CMakeFiles/env_monitor.dir/home/luis-arcos/.pico-sdk/sdk/2.2.0/lib/lwip/src/core/inet_chksum.c.o
                0x10008e14                inet_chksum
 .text.inet_chksum_pbuf
                0x10008e20       0x78 CMakeFiles/env_monitor.dir/home/luis-arcos/.pico-sdk/sdk/2.2.0/lib/lwip/src/core/inet_chksum.c.o
                0x10008e20                inet_chksum_pbuf
 .text.mem_init
                0x10008e98       0x3c CMakeFiles/env_monitor.dir/home/luis-arcos/.pico-sdk/sdk/2.2.0/lib/lwip/src/core/mem.c.o
                0x10008e98                mem_init
 .text.mem_free
                0x10008ed4      0x130 CMakeFiles/env_monitor.dir/home/luis-arcos/.pico-sdk/sdk/2.2.0/lib/lwip/src/core/mem.c.o
                0x10008ed4                mem_free
 .text.mem_trim
                0x10009004      0x104 CMakeFiles/env_monitor.dir/home/luis-arcos/.pico-sdk/sdk/2.2.0/lib/lwip/src/core/mem.c.o
                0x10009004                mem_trim
 .text.mem_malloc
                0x10009108      0x124 CMakeFiles/env_monitor.dir/home/luis-arcos/.pico-sdk/sdk/2.2.0/lib/lwip/src/core/mem.c.o
                0x10009108                mem_malloc
 .text.memp_init
                0x1000922c       0x6c CMakeFiles/env_monitor.dir/home/luis-arcos/.pico-sdk/sdk/2.2.0/lib/lwip/src/core/memp.c.o
                0x1000922c                memp_init
 .text.memp_malloc
                0x10009298       0x40 CMakeFiles/env_monitor.dir/home/luis-arcos/.pico-sdk/sdk/2.2.0/lib/lwip/src/core/memp.c.o
                0x10009298                memp_malloc
 .text.memp_free
                0x100092d8       0x38 CMakeFiles/env_monitor.dir/home/luis-arcos/.pico-sdk/sdk/2.2.0/lib/lwip/src/core/memp.c.o
                0x100092d8                memp_free
 .text.netif_null_output_ip4
                0x10009310        0x8 CMakeFiles/env_monitor.dir/home/luis-arcos/.pico-sdk/sdk/2.2.0/lib/lwip/src/core/netif.c.o
 .text.netif_do_set_ipaddr.isra.0
                0x10009318       0x60 CMakeFiles/env_monitor.dir/home/luis-arcos/.pico-sdk/sdk/2.2.0/lib/lwip/src/core/netif.c.o
 .text.netif_init
                0x10009378        0x4 CMakeFiles/env_monitor.dir/home/luis-arcos/.pico-sdk/sdk/2.2.0/lib/lwip/src/core/netif.c.o
                0x10009378                netif_init
 .text.netif_add
                0x1000937c      0x16c CMakeFiles/env_monitor.dir/home/luis-arcos/.pico-sdk/sdk/2.2.0/lib/lwip/src/core/netif.c.o
                0x1000937c                netif_add
 .text.netif_set_addr
                0x100094e8       0xb4 CMakeFiles/env_monitor.dir/home/luis-arcos/.pico-sdk/sdk/2.2.0/lib/lwip/src/core/netif.c.o
                0x100094e8                netif_set_addr
 .text.netif_remove
                0x1000959c       0x94 CMakeFiles/env_monitor.dir/home/luis-arcos/.pico-sdk/sdk/2.2.0/lib/lwip/src/core/netif.c.o
                0x1000959c                netif_remove
 .text.netif_set_default
                0x10009630        0xc CMakeFiles/env_monitor.dir/home/luis-arcos/.pico-sdk/sdk/2.2.0/lib/lwip/src/core/netif.c.o
                0x10009630                netif_set_default
 .text.netif_set_up
                0x1000963c       0x40 CMakeFiles/env_monitor.dir/home/luis-arcos/.pico-sdk/sdk/2.2.0/lib/lwip/src/core/netif.c.o
                0x1000963c                netif_set_up
 .text.netif_set_link_up
                0x1000967c       0x44 CMakeFiles/env_monitor.dir/home/luis-arcos/.pico-sdk/sdk/2.2.0/lib/lwip/src/core/netif.c.o
                0x1000967c                netif_set_link_up
 .text.netif_set_link_down
                0x100096c0       0x20 CMakeFiles/env_monitor.dir/home/luis-arcos/.pico-sdk/sdk/2.2.0/lib/lwip/src/core/netif.c.o
                0x100096c0                netif_set_link_down
 .text.netif_get_by_index
                0x100096e0       0x2c CMakeFiles/env_monitor.dir/home/luis-arcos/.pico-sdk/sdk/2.2.0/lib/lwip/src/core/netif.c.o
                0x100096e0                netif_get_by_index
 .text.pbuf_free.part.0
                0x1000970c       0x7c CMakeFiles/env_monitor.dir/home/luis-arcos/.pico-sdk/sdk/2.2.0/lib/lwip/src/core/pbuf.c.o
 .text.pbuf_free_ooseq
                0x10009788       0x34 CMakeFiles/env_monitor.dir/home/luis-arcos/.pico-sdk/sdk/2.2.0/lib/lwip/src/core/pbuf.c.o
                0x10009788                pbuf_free_ooseq
 .text.pbuf_alloc
                0x100097bc      0x134 CMakeFiles/env_monitor.dir/home/luis-arcos/.pico-sdk/sdk/2.2.0/lib/lwip/src/core/pbuf.c.o
                0x100097bc                pbuf_alloc
 .text.pbuf_realloc
                0x100098f0       0x84 CMakeFiles/env_monitor.dir/home/luis-arcos/.pico-sdk/sdk/2.2.0/lib/lwip/src/core/pbuf.c.o
                0x100098f0                pbuf_realloc
 .text.pbuf_add_header
                0x10009974       0x50 CMakeFiles/env_monitor.dir/home/luis-arcos/.pico-sdk/sdk/2.2.0/lib/lwip/src/core/pbuf.c.o
                0x10009974                pbuf_add_header
 .text.pbuf_remove_header
                0x100099c4       0x3c CMakeFiles/env_monitor.dir/home/luis-arcos/.pico-sdk/sdk/2.2.0/lib/lwip/src/core/pbuf.c.o
                0x100099c4                pbuf_remove_header
 .text.pbuf_header_force
                0x10009a00       0x68 CMakeFiles/env_monitor.dir/home/luis-arcos/.pico-sdk/sdk/2.2.0/lib/lwip/src/core/pbuf.c.o
                0x10009a00                pbuf_header_force
 .text.pbuf_free
                0x10009a68       0x18 CMakeFiles/env_monitor.dir/home/luis-arcos/.pico-sdk/sdk/2.2.0/lib/lwip/src/core/pbuf.c.o
                0x10009a68                pbuf_free
 .text.pbuf_clen
                0x10009a80       0x14 CMakeFiles/env_monitor.dir/home/luis-arcos/.pico-sdk/sdk/2.2.0/lib/lwip/src/core/pbuf.c.o
                0x10009a80                pbuf_clen
 .text.pbuf_ref
                0x10009a94       0x28 CMakeFiles/env_monitor.dir/home/luis-arcos/.pico-sdk/sdk/2.2.0/lib/lwip/src/core/pbuf.c.o
                0x10009a94                pbuf_ref
 .text.pbuf_cat
                0x10009abc       0x54 CMakeFiles/env_monitor.dir/home/luis-arcos/.pico-sdk/sdk/2.2.0/lib/lwip/src/core/pbuf.c.o
                0x10009abc                pbuf_cat
 .text.pbuf_chain
                0x10009b10       0x70 CMakeFiles/env_monitor.dir/home/luis-arcos/.pico-sdk/sdk/2.2.0/lib/lwip/src/core/pbuf.c.o
                0x10009b10                pbuf_chain
 .text.pbuf_copy_partial_pbuf
                0x10009b80      0x148 CMakeFiles/env_monitor.dir/home/luis-arcos/.pico-sdk/sdk/2.2.0/lib/lwip/src/core/pbuf.c.o
                0x10009b80                pbuf_copy_partial_pbuf
 .text.pbuf_copy
                0x10009cc8       0x18 CMakeFiles/env_monitor.dir/home/luis-arcos/.pico-sdk/sdk/2.2.0/lib/lwip/src/core/pbuf.c.o
                0x10009cc8                pbuf_copy
 .text.pbuf_copy_partial
                0x10009ce0       0x68 CMakeFiles/env_monitor.dir/home/luis-arcos/.pico-sdk/sdk/2.2.0/lib/lwip/src/core/pbuf.c.o
                0x10009ce0                pbuf_copy_partial
 .text.pbuf_take
                0x10009d48       0x78 CMakeFiles/env_monitor.dir/home/luis-arcos/.pico-sdk/sdk/2.2.0/lib/lwip/src/core/pbuf.c.o
                0x10009d48                pbuf_take
 .text.pbuf_take_at
                0x10009dc0       0xcc CMakeFiles/env_monitor.dir/home/luis-arcos/.pico-sdk/sdk/2.2.0/lib/lwip/src/core/pbuf.c.o
                0x10009dc0                pbuf_take_at
 .text.pbuf_clone
                0x10009e8c       0x30 CMakeFiles/env_monitor.dir/home/luis-arcos/.pico-sdk/sdk/2.2.0/lib/lwip/src/core/pbuf.c.o
                0x10009e8c                pbuf_clone
 .text.pbuf_put_at
                0x10009ebc       0x1c CMakeFiles/env_monitor.dir/home/luis-arcos/.pico-sdk/sdk/2.2.0/lib/lwip/src/core/pbuf.c.o
                0x10009ebc                pbuf_put_at
 .text.raw_input
                0x10009ed8      0x164 CMakeFiles/env_monitor.dir/home/luis-arcos/.pico-sdk/sdk/2.2.0/lib/lwip/src/core/raw.c.o
                0x10009ed8                raw_input
 .text.raw_netif_ip_addr_changed
                0x1000a03c       0x40 CMakeFiles/env_monitor.dir/home/luis-arcos/.pico-sdk/sdk/2.2.0/lib/lwip/src/core/raw.c.o
                0x1000a03c                raw_netif_ip_addr_changed
 .text.stats_init
                0x1000a07c        0x4 CMakeFiles/env_monitor.dir/home/luis-arcos/.pico-sdk/sdk/2.2.0/lib/lwip/src/core/stats.c.o
                0x1000a07c                stats_init
 .text.tcp_close_shutdown_fin
                0x1000a080       0x54 CMakeFiles/env_monitor.dir/home/luis-arcos/.pico-sdk/sdk/2.2.0/lib/lwip/src/core/tcp.c.o
 .text.tcp_pcb_purge.part.0
                0x1000a0d4       0xc4 CMakeFiles/env_monitor.dir/home/luis-arcos/.pico-sdk/sdk/2.2.0/lib/lwip/src/core/tcp.c.o
 .text.tcp_init
                0x1000a198       0x20 CMakeFiles/env_monitor.dir/home/luis-arcos/.pico-sdk/sdk/2.2.0/lib/lwip/src/core/tcp.c.o
                0x1000a198                tcp_init
 .text.tcp_free
                0x1000a1b8       0x1c CMakeFiles/env_monitor.dir/home/luis-arcos/.pico-sdk/sdk/2.2.0/lib/lwip/src/core/tcp.c.o
                0x1000a1b8                tcp_free
 .text.tcp_update_rcv_ann_wnd
                0x1000a1d4       0x58 CMakeFiles/env_monitor.dir/home/luis-arcos/.pico-sdk/sdk/2.2.0/lib/lwip/src/core/tcp.c.o
                0x1000a1d4                tcp_update_rcv_ann_wnd
 .text.tcp_recved
                0x1000a22c       0x98 CMakeFiles/env_monitor.dir/home/luis-arcos/.pico-sdk/sdk/2.2.0/lib/lwip/src/core/tcp.c.o
                0x1000a22c                tcp_recved
 .text.tcp_connect
                0x1000a2c4      0x1bc CMakeFiles/env_monitor.dir/home/luis-arcos/.pico-sdk/sdk/2.2.0/lib/lwip/src/core/tcp.c.o
                0x1000a2c4                tcp_connect
 .text.tcp_slowtmr
                0x1000a480      0x524 CMakeFiles/env_monitor.dir/home/luis-arcos/.pico-sdk/sdk/2.2.0/lib/lwip/src/core/tcp.c.o
                0x1000a480                tcp_slowtmr
 .text.tcp_segs_free
                0x1000a9a4       0x38 CMakeFiles/env_monitor.dir/home/luis-arcos/.pico-sdk/sdk/2.2.0/lib/lwip/src/core/tcp.c.o
                0x1000a9a4                tcp_segs_free
 .text.tcp_seg_free
                0x1000a9dc       0x1c CMakeFiles/env_monitor.dir/home/luis-arcos/.pico-sdk/sdk/2.2.0/lib/lwip/src/core/tcp.c.o
                0x1000a9dc                tcp_seg_free
 .text.tcp_seg_copy
                0x1000a9f8       0x2c CMakeFiles/env_monitor.dir/home/luis-arcos/.pico-sdk/sdk/2.2.0/lib/lwip/src/core/tcp.c.o
                0x1000a9f8                tcp_seg_copy
 .text.tcp_arg  0x1000aa24        0x8 CMakeFiles/env_monitor.dir/home/luis-arcos/.pico-sdk/sdk/2.2.0/lib/lwip/src/core/tcp.c.o
                0x1000aa24                tcp_arg
 .text.tcp_recv
                0x1000aa2c       0x1c CMakeFiles/env_monitor.dir/home/luis-arcos/.pico-sdk/sdk/2.2.0/lib/lwip/src/core/tcp.c.o
                0x1000aa2c                tcp_recv
 .text.tcp_sent
                0x1000aa48       0x1c CMakeFiles/env_monitor.dir/home/luis-arcos/.pico-sdk/sdk/2.2.0/lib/lwip/src/core/tcp.c.o
                0x1000aa48                tcp_sent
 .text.tcp_pcb_purge
                0x1000aa64       0x18 CMakeFiles/env_monitor.dir/home/luis-arcos/.pico-sdk/sdk/2.2.0/lib/lwip/src/core/tcp.c.o
                0x1000aa64                tcp_pcb_purge
 .text.tcp_pcb_remove
                0x1000aa7c       0xc8 CMakeFiles/env_monitor.dir/home/luis-arcos/.pico-sdk/sdk/2.2.0/lib/lwip/src/core/tcp.c.o
                0x1000aa7c                tcp_pcb_remove
 .text.tcp_abandon
                0x1000ab44      0x1a0 CMakeFiles/env_monitor.dir/home/luis-arcos/.pico-sdk/sdk/2.2.0/lib/lwip/src/core/tcp.c.o
                0x1000ab44                tcp_abandon
 .text.tcp_abort
                0x1000ace4        0xc CMakeFiles/env_monitor.dir/home/luis-arcos/.pico-sdk/sdk/2.2.0/lib/lwip/src/core/tcp.c.o
                0x1000ace4                tcp_abort
 .text.tcp_alloc
                0x1000acf0      0x1d4 CMakeFiles/env_monitor.dir/home/luis-arcos/.pico-sdk/sdk/2.2.0/lib/lwip/src/core/tcp.c.o
                0x1000acf0                tcp_alloc
 .text.tcp_new_ip_type
                0x1000aec4        0xc CMakeFiles/env_monitor.dir/home/luis-arcos/.pico-sdk/sdk/2.2.0/lib/lwip/src/core/tcp.c.o
                0x1000aec4                tcp_new_ip_type
 .text.tcp_close_shutdown
                0x1000aed0      0x188 CMakeFiles/env_monitor.dir/home/luis-arcos/.pico-sdk/sdk/2.2.0/lib/lwip/src/core/tcp.c.o
 .text.tcp_recv_null
                0x1000b058       0xcc CMakeFiles/env_monitor.dir/home/luis-arcos/.pico-sdk/sdk/2.2.0/lib/lwip/src/core/tcp.c.o
                0x1000b058                tcp_recv_null
 .text.tcp_process_refused_data
                0x1000b124       0x78 CMakeFiles/env_monitor.dir/home/luis-arcos/.pico-sdk/sdk/2.2.0/lib/lwip/src/core/tcp.c.o
                0x1000b124                tcp_process_refused_data
 .text.tcp_fasttmr
                0x1000b19c       0x98 CMakeFiles/env_monitor.dir/home/luis-arcos/.pico-sdk/sdk/2.2.0/lib/lwip/src/core/tcp.c.o
                0x1000b19c                tcp_fasttmr
 .text.tcp_tmr  0x1000b234       0x20 CMakeFiles/env_monitor.dir/home/luis-arcos/.pico-sdk/sdk/2.2.0/lib/lwip/src/core/tcp.c.o
                0x1000b234                tcp_tmr
 .text.tcp_close
                0x1000b254      0x170 CMakeFiles/env_monitor.dir/home/luis-arcos/.pico-sdk/sdk/2.2.0/lib/lwip/src/core/tcp.c.o
                0x1000b254                tcp_close
 .text.tcp_next_iss
                0x1000b3c4       0x28 CMakeFiles/env_monitor.dir/home/luis-arcos/.pico-sdk/sdk/2.2.0/lib/lwip/src/core/tcp.c.o
                0x1000b3c4                tcp_next_iss
 .text.tcp_eff_send_mss_netif
                0x1000b3ec       0x34 CMakeFiles/env_monitor.dir/home/luis-arcos/.pico-sdk/sdk/2.2.0/lib/lwip/src/core/tcp.c.o
                0x1000b3ec                tcp_eff_send_mss_netif
 .text.tcp_netif_ip_addr_changed
                0x1000b420       0x94 CMakeFiles/env_monitor.dir/home/luis-arcos/.pico-sdk/sdk/2.2.0/lib/lwip/src/core/tcp.c.o
                0x1000b420                tcp_netif_ip_addr_changed
 .text.tcp_free_ooseq
                0x1000b4b4       0x40 CMakeFiles/env_monitor.dir/home/luis-arcos/.pico-sdk/sdk/2.2.0/lib/lwip/src/core/tcp.c.o
                0x1000b4b4                tcp_free_ooseq
 .text.tcp_parseopt
                0x1000b4f4      0x1bc CMakeFiles/env_monitor.dir/home/luis-arcos/.pico-sdk/sdk/2.2.0/lib/lwip/src/core/tcp_in.c.o
 .text.tcp_oos_insert_segment
                0x1000b6b0       0xdc CMakeFiles/env_monitor.dir/home/luis-arcos/.pico-sdk/sdk/2.2.0/lib/lwip/src/core/tcp_in.c.o
 .text.tcp_free_acked_segments.isra.0
                0x1000b78c       0xdc CMakeFiles/env_monitor.dir/home/luis-arcos/.pico-sdk/sdk/2.2.0/lib/lwip/src/core/tcp_in.c.o
 .text.tcp_receive
                0x1000b868      0xa04 CMakeFiles/env_monitor.dir/home/luis-arcos/.pico-sdk/sdk/2.2.0/lib/lwip/src/core/tcp_in.c.o
 .text.tcp_input
                0x1000c26c      0xe54 CMakeFiles/env_monitor.dir/home/luis-arcos/.pico-sdk/sdk/2.2.0/lib/lwip/src/core/tcp_in.c.o
                0x1000c26c                tcp_input
 .text.tcp_trigger_input_pcb_close
                0x1000d0c0       0x10 CMakeFiles/env_monitor.dir/home/luis-arcos/.pico-sdk/sdk/2.2.0/lib/lwip/src/core/tcp_in.c.o
                0x1000d0c0                tcp_trigger_input_pcb_close
 .text.tcp_create_segment
                0x1000d0d0       0xf8 CMakeFiles/env_monitor.dir/home/luis-arcos/.pico-sdk/sdk/2.2.0/lib/lwip/src/core/tcp_out.c.o
 .text.tcp_output_control_segment
                0x1000d1c8       0xc0 CMakeFiles/env_monitor.dir/home/luis-arcos/.pico-sdk/sdk/2.2.0/lib/lwip/src/core/tcp_out.c.o
 .text.tcp_output_alloc_header.constprop.0
                0x1000d288       0xc8 CMakeFiles/env_monitor.dir/home/luis-arcos/.pico-sdk/sdk/2.2.0/lib/lwip/src/core/tcp_out.c.o
 .text.tcp_write
                0x1000d350      0x468 CMakeFiles/env_monitor.dir/home/luis-arcos/.pico-sdk/sdk/2.2.0/lib/lwip/src/core/tcp_out.c.o
                0x1000d350                tcp_write
 .text.tcp_split_unsent_seg
                0x1000d7b8      0x1b4 CMakeFiles/env_monitor.dir/home/luis-arcos/.pico-sdk/sdk/2.2.0/lib/lwip/src/core/tcp_out.c.o
                0x1000d7b8                tcp_split_unsent_seg
 .text.tcp_send_fin
                0x1000d96c      0x118 CMakeFiles/env_monitor.dir/home/luis-arcos/.pico-sdk/sdk/2.2.0/lib/lwip/src/core/tcp_out.c.o
                0x1000d96c                tcp_send_fin
 .text.tcp_enqueue_flags
                0x1000da84      0x108 CMakeFiles/env_monitor.dir/home/luis-arcos/.pico-sdk/sdk/2.2.0/lib/lwip/src/core/tcp_out.c.o
                0x1000da84                tcp_enqueue_flags
 .text.tcp_rexmit_rto_prepare
                0x1000db8c       0x9c CMakeFiles/env_monitor.dir/home/luis-arcos/.pico-sdk/sdk/2.2.0/lib/lwip/src/core/tcp_out.c.o
                0x1000db8c                tcp_rexmit_rto_prepare
 .text.tcp_rexmit
                0x1000dc28       0x9c CMakeFiles/env_monitor.dir/home/luis-arcos/.pico-sdk/sdk/2.2.0/lib/lwip/src/core/tcp_out.c.o
                0x1000dc28                tcp_rexmit
 .text.tcp_rexmit_fast
                0x1000dcc4       0x64 CMakeFiles/env_monitor.dir/home/luis-arcos/.pico-sdk/sdk/2.2.0/lib/lwip/src/core/tcp_out.c.o
                0x1000dcc4                tcp_rexmit_fast
 .text.tcp_rst  0x1000dd28       0xe8 CMakeFiles/env_monitor.dir/home/luis-arcos/.pico-sdk/sdk/2.2.0/lib/lwip/src/core/tcp_out.c.o
                0x1000dd28                tcp_rst
 .text.tcp_rst_netif
                0x1000de10      0x130 CMakeFiles/env_monitor.dir/home/luis-arcos/.pico-sdk/sdk/2.2.0/lib/lwip/src/core/tcp_out.c.o
                0x1000de10                tcp_rst_netif
 .text.tcp_send_empty_ack
                0x1000df40       0x4c CMakeFiles/env_monitor.dir/home/luis-arcos/.pico-sdk/sdk/2.2.0/lib/lwip/src/core/tcp_out.c.o
                0x1000df40                tcp_send_empty_ack
 .text.tcp_output
                0x1000df8c      0x454 CMakeFiles/env_monitor.dir/home/luis-arcos/.pico-sdk/sdk/2.2.0/lib/lwip/src/core/tcp_out.c.o
                0x1000df8c                tcp_output
 .text.tcp_rexmit_rto_commit
                0x1000e3e0       0x24 CMakeFiles/env_monitor.dir/home/luis-arcos/.pico-sdk/sdk/2.2.0/lib/lwip/src/core/tcp_out.c.o
                0x1000e3e0                tcp_rexmit_rto_commit
 .text.tcp_rexmit_rto
                0x1000e404       0xa4 CMakeFiles/env_monitor.dir/home/luis-arcos/.pico-sdk/sdk/2.2.0/lib/lwip/src/core/tcp_out.c.o
                0x1000e404                tcp_rexmit_rto
 .text.tcp_keepalive
                0x1000e4a8       0xdc CMakeFiles/env_monitor.dir/home/luis-arcos/.pico-sdk/sdk/2.2.0/lib/lwip/src/core/tcp_out.c.o
                0x1000e4a8                tcp_keepalive
 .text.tcp_zero_window_probe
                0x1000e584      0x110 CMakeFiles/env_monitor.dir/home/luis-arcos/.pico-sdk/sdk/2.2.0/lib/lwip/src/core/tcp_out.c.o
                0x1000e584                tcp_zero_window_probe
 .text.tcpip_tcp_timer
                0x1000e694       0x78 CMakeFiles/env_monitor.dir/home/luis-arcos/.pico-sdk/sdk/2.2.0/lib/lwip/src/core/timeouts.c.o
 .text.lwip_cyclic_timer
                0x1000e70c       0x98 CMakeFiles/env_monitor.dir/home/luis-arcos/.pico-sdk/sdk/2.2.0/lib/lwip/src/core/timeouts.c.o
 .text.tcp_timer_needed
                0x1000e7a4       0x7c CMakeFiles/env_monitor.dir/home/luis-arcos/.pico-sdk/sdk/2.2.0/lib/lwip/src/core/timeouts.c.o
                0x1000e7a4                tcp_timer_needed
 .text.sys_timeouts_init
                0x1000e820       0x8c CMakeFiles/env_monitor.dir/home/luis-arcos/.pico-sdk/sdk/2.2.0/lib/lwip/src/core/timeouts.c.o
                0x1000e820                sys_timeouts_init
 .text.sys_check_timeouts
                0x1000e8ac       0x68 CMakeFiles/env_monitor.dir/home/luis-arcos/.pico-sdk/sdk/2.2.0/lib/lwip/src/core/timeouts.c.o
                0x1000e8ac                sys_check_timeouts
 .text.sys_timeouts_sleeptime
                0x1000e914       0x28 CMakeFiles/env_monitor.dir/home/luis-arcos/.pico-sdk/sdk/2.2.0/lib/lwip/src/core/timeouts.c.o
                0x1000e914                sys_timeouts_sleeptime
 .text.udp_init
                0x1000e93c       0x20 CMakeFiles/env_monitor.dir/home/luis-arcos/.pico-sdk/sdk/2.2.0/lib/lwip/src/core/udp.c.o
                0x1000e93c                udp_init
 .text.udp_input
                0x1000e95c      0x320 CMakeFiles/env_monitor.dir/home/luis-arcos/.pico-sdk/sdk/2.2.0/lib/lwip/src/core/udp.c.o
                0x1000e95c                udp_input
 .text.udp_bind
                0x1000ec7c      0x118 CMakeFiles/env_monitor.dir/home/luis-arcos/.pico-sdk/sdk/2.2.0/lib/lwip/src/core/udp.c.o
                0x1000ec7c                udp_bind
 .text.udp_sendto_if_src
                0x1000ed94      0x130 CMakeFiles/env_monitor.dir/home/luis-arcos/.pico-sdk/sdk/2.2.0/lib/lwip/src/core/udp.c.o
                0x1000ed94                udp_sendto_if_src
 .text.udp_sendto_if
                0x1000eec4       0x48 CMakeFiles/env_monitor.dir/home/luis-arcos/.pico-sdk/sdk/2.2.0/lib/lwip/src/core/udp.c.o
                0x1000eec4                udp_sendto_if
 .text.udp_sendto
                0x1000ef0c       0x78 CMakeFiles/env_monitor.dir/home/luis-arcos/.pico-sdk/sdk/2.2.0/lib/lwip/src/core/udp.c.o
                0x1000ef0c                udp_sendto
 .text.udp_connect
                0x1000ef84       0x60 CMakeFiles/env_monitor.dir/home/luis-arcos/.pico-sdk/sdk/2.2.0/lib/lwip/src/core/udp.c.o
                0x1000ef84                udp_connect
 .text.udp_recv
                0x1000efe4        0xc CMakeFiles/env_monitor.dir/home/luis-arcos/.pico-sdk/sdk/2.2.0/lib/lwip/src/core/udp.c.o
                0x1000efe4                udp_recv
 .text.udp_remove
                0x1000eff0       0x3c CMakeFiles/env_monitor.dir/home/luis-arcos/.pico-sdk/sdk/2.2.0/lib/lwip/src/core/udp.c.o
                0x1000eff0                udp_remove
 .text.udp_new  0x1000f02c       0x1c CMakeFiles/env_monitor.dir/home/luis-arcos/.pico-sdk/sdk/2.2.0/lib/lwip/src/core/udp.c.o
                0x1000f02c                udp_new
 .text.udp_netif_ip_addr_changed
                0x1000f048       0x40 CMakeFiles/env_monitor.dir/home/luis-arcos/.pico-sdk/sdk/2.2.0/lib/lwip/src/core/udp.c.o
                0x1000f048                udp_netif_ip_addr_changed
 .text.dhcp_create_msg
                0x1000f088      0x164 CMakeFiles/env_monitor.dir/home/luis-arcos/.pico-sdk/sdk/2.2.0/lib/lwip/src/core/ipv4/dhcp.c.o
 .text.dhcp_inc_pcb_refcount
                0x1000f1ec       0x6c CMakeFiles/env_monitor.dir/home/luis-arcos/.pico-sdk/sdk/2.2.0/lib/lwip/src/core/ipv4/dhcp.c.o
 .text.dhcp_bind
                0x1000f258      0x138 CMakeFiles/env_monitor.dir/home/luis-arcos/.pico-sdk/sdk/2.2.0/lib/lwip/src/core/ipv4/dhcp.c.o
 .text.dhcp_option_hostname.isra.0
                0x1000f390       0x84 CMakeFiles/env_monitor.dir/home/luis-arcos/.pico-sdk/sdk/2.2.0/lib/lwip/src/core/ipv4/dhcp.c.o
 .text.dhcp_handle_ack.isra.0
                0x1000f414       0xcc CMakeFiles/env_monitor.dir/home/luis-arcos/.pico-sdk/sdk/2.2.0/lib/lwip/src/core/ipv4/dhcp.c.o
 .text.dhcp_reboot.isra.0
                0x1000f4e0      0x178 CMakeFiles/env_monitor.dir/home/luis-arcos/.pico-sdk/sdk/2.2.0/lib/lwip/src/core/ipv4/dhcp.c.o
 .text.dhcp_discover
                0x1000f658      0x148 CMakeFiles/env_monitor.dir/home/luis-arcos/.pico-sdk/sdk/2.2.0/lib/lwip/src/core/ipv4/dhcp.c.o
 .text.dhcp_select.isra.0
                0x1000f7a0      0x1e0 CMakeFiles/env_monitor.dir/home/luis-arcos/.pico-sdk/sdk/2.2.0/lib/lwip/src/core/ipv4/dhcp.c.o
 .text.dhcp_recv
                0x1000f980      0x47c CMakeFiles/env_monitor.dir/home/luis-arcos/.pico-sdk/sdk/2.2.0/lib/lwip/src/core/ipv4/dhcp.c.o
 .text.dhcp_set_struct
                0x1000fdfc       0x44 CMakeFiles/env_monitor.dir/home/luis-arcos/.pico-sdk/sdk/2.2.0/lib/lwip/src/core/ipv4/dhcp.c.o
                0x1000fdfc                dhcp_set_struct
 .text.dhcp_network_changed_link_up
                0x1000fe40       0x40 CMakeFiles/env_monitor.dir/home/luis-arcos/.pico-sdk/sdk/2.2.0/lib/lwip/src/core/ipv4/dhcp.c.o
                0x1000fe40                dhcp_network_changed_link_up
 .text.dhcp_renew
                0x1000fe80      0x138 CMakeFiles/env_monitor.dir/home/luis-arcos/.pico-sdk/sdk/2.2.0/lib/lwip/src/core/ipv4/dhcp.c.o
                0x1000fe80                dhcp_renew
 .text.dhcp_release_and_stop
                0x1000ffb8      0x158 CMakeFiles/env_monitor.dir/home/luis-arcos/.pico-sdk/sdk/2.2.0/lib/lwip/src/core/ipv4/dhcp.c.o
                0x1000ffb8                dhcp_release_and_stop
 .text.dhcp_start
                0x10010110       0xb0 CMakeFiles/env_monitor.dir/home/luis-arcos/.pico-sdk/sdk/2.2.0/lib/lwip/src/core/ipv4/dhcp.c.o
                0x10010110                dhcp_start
 .text.dhcp_coarse_tmr
                0x100101c0      0x1d8 CMakeFiles/env_monitor.dir/home/luis-arcos/.pico-sdk/sdk/2.2.0/lib/lwip/src/core/ipv4/dhcp.c.o
                0x100101c0                dhcp_coarse_tmr
 .text.dhcp_fine_tmr
                0x10010398       0x78 CMakeFiles/env_monitor.dir/home/luis-arcos/.pico-sdk/sdk/2.2.0/lib/lwip/src/core/ipv4/dhcp.c.o
                0x10010398                dhcp_fine_tmr
 .text.dhcp_stop
                0x10010410      0x158 CMakeFiles/env_monitor.dir/home/luis-arcos/.pico-sdk/sdk/2.2.0/lib/lwip/src/core/ipv4/dhcp.c.o
                0x10010410                dhcp_stop
 .text.etharp_find_entry
                0x10010568      0x3c0 CMakeFiles/env_monitor.dir/home/luis-arcos/.pico-sdk/sdk/2.2.0/lib/lwip/src/core/ipv4/etharp.c.o
 .text.etharp_raw
                0x10010928       0xec CMakeFiles/env_monitor.dir/home/luis-arcos/.pico-sdk/sdk/2.2.0/lib/lwip/src/core/ipv4/etharp.c.o
 .text.etharp_output_to_arp_index
                0x10010a14       0xd0 CMakeFiles/env_monitor.dir/home/luis-arcos/.pico-sdk/sdk/2.2.0/lib/lwip/src/core/ipv4/etharp.c.o
 .text.etharp_tmr
                0x10010ae4       0x94 CMakeFiles/env_monitor.dir/home/luis-arcos/.pico-sdk/sdk/2.2.0/lib/lwip/src/core/ipv4/etharp.c.o
                0x10010ae4                etharp_tmr
 .text.etharp_cleanup_netif
                0x10010b78      0x188 CMakeFiles/env_monitor.dir/home/luis-arcos/.pico-sdk/sdk/2.2.0/lib/lwip/src/core/ipv4/etharp.c.o
                0x10010b78                etharp_cleanup_netif
 .text.etharp_input
                0x10010d00      0x1b8 CMakeFiles/env_monitor.dir/home/luis-arcos/.pico-sdk/sdk/2.2.0/lib/lwip/src/core/ipv4/etharp.c.o
                0x10010d00                etharp_input
 .text.etharp_query